<html>
<body>
<pre>
<h1>µVision Build Log</h1>
<h2>Tool Versions:</h2>
IDE-Version: ¦ÌVision V5.14.0.0
Copyright (C) 2015 ARM Ltd and ARM Germany GmbH. All rights reserved.
License Information: Ryze John, 123, LIC=NHYFW-Q7K27-VIF5N-YUMRF-MB3KQ-QZE0W
 
Tool Versions:
Toolchain:       MDK-ARM Professional  Version: 5.14.0.0
Toolchain Path:  E:\Keil\ARM\ARMCC\Bin
C Compiler:      Armcc.exe V5.05 update 1 (build 106)
Assembler:       Armasm.exe V5.05 update 1 (build 106)
Linker/Locator:  ArmLink.exe V5.05 update 1 (build 106)
Library Manager: ArmAr.exe V5.05 update 1 (build 106)
Hex Converter:   FromElf.exe V5.05 update 1 (build 106)
CPU DLL:         SARMCM3.DLL V5.14.0.0
Dialog DLL:      DCM.DLL V1.13.1.0
Target DLL:      STLink\ST-LINKIII-KEIL_SWO.dll V2.0.14.0_KEIL
Dialog DLL:      TCM.DLL V1.14.4.0
 
<h2>Project:</h2>
D:\Code\GitHub\Ö¸ÎÆËø_À¶ÑÀ°æ±¾\GateClock_BLE\project\stm32f100.uvprojx
Project File Date:  04/13/2018

<h2>Output:</h2>
Build target 'flash'
compiling main.c...
compiling debug_usart.c...
linking...
Program Size: Code=22040 RO-data=9632 RW-data=76 ZI-data=2156  
FromELF: creating hex file...
"..\output\stm32f100.axf" - 0 Error(s), 0 Warning(s).

<h2>Collection of Component include folders:</h2>
  D:\Code\GitHub\Ö¸ÎÆËø_À¶ÑÀ°æ±¾\GateClock_BLE\project\RTE
  E:\Keil\Keil\STM32F1xx_DFP\2.2.0

<h2>Collection of Component Files used:</h2>
</pre>
</body>
</html>
