Component: ARM Compiler 5.05 update 1 (build 106) Tool: armlink [4d0efa]

==============================================================================

Section Cross References

    startup_stm32f10x_md.o(RESET) refers to startup_stm32f10x_md.o(STACK) for __initial_sp
    startup_stm32f10x_md.o(RESET) refers to startup_stm32f10x_md.o(.text) for Reset_Handler
    startup_stm32f10x_md.o(RESET) refers to stm32f10x_it.o(i.NMI_Handler) for NMI_Handler
    startup_stm32f10x_md.o(RESET) refers to stm32f10x_it.o(i.HardFault_Handler) for HardFault_Handler
    startup_stm32f10x_md.o(RESET) refers to stm32f10x_it.o(i.MemManage_Handler) for MemManage_Handler
    startup_stm32f10x_md.o(RESET) refers to stm32f10x_it.o(i.BusFault_Handler) for BusFault_Handler
    startup_stm32f10x_md.o(RESET) refers to stm32f10x_it.o(i.UsageFault_Handler) for UsageFault_Handler
    startup_stm32f10x_md.o(RESET) refers to stm32f10x_it.o(i.SVC_Handler) for SVC_Handler
    startup_stm32f10x_md.o(RESET) refers to stm32f10x_it.o(i.DebugMon_Handler) for DebugMon_Handler
    startup_stm32f10x_md.o(RESET) refers to stm32f10x_it.o(i.PendSV_Handler) for PendSV_Handler
    startup_stm32f10x_md.o(RESET) refers to stm32f10x_it.o(i.SysTick_Handler) for SysTick_Handler
    startup_stm32f10x_md.o(RESET) refers to rtc.o(i.RTC_IRQHandler) for RTC_IRQHandler
    startup_stm32f10x_md.o(RESET) refers to stm32f10x_it.o(i.EXTI9_5_IRQHandler) for EXTI9_5_IRQHandler
    startup_stm32f10x_md.o(RESET) refers to timer.o(i.TIM3_IRQHandler) for TIM3_IRQHandler
    startup_stm32f10x_md.o(RESET) refers to stm32f10x_it.o(i.USART1_IRQHandler) for USART1_IRQHandler
    startup_stm32f10x_md.o(RESET) refers to rc522_config.o(i.USART3_IRQHandler) for USART3_IRQHandler
    startup_stm32f10x_md.o(.text) refers to system_stm32f10x.o(i.SystemInit) for SystemInit
    startup_stm32f10x_md.o(.text) refers to entry.o(.ARM.Collect$$$$00000000) for __main
    system_stm32f10x.o(i.SetSysClock) refers to system_stm32f10x.o(i.SetSysClockTo72) for SetSysClockTo72
    system_stm32f10x.o(i.SystemCoreClockUpdate) refers to system_stm32f10x.o(.data) for SystemCoreClock
    system_stm32f10x.o(i.SystemInit) refers to system_stm32f10x.o(i.SetSysClock) for SetSysClock
    stm32f10x_adc.o(i.ADC_DeInit) refers to stm32f10x_rcc.o(i.RCC_APB2PeriphResetCmd) for RCC_APB2PeriphResetCmd
    stm32f10x_bkp.o(i.BKP_DeInit) refers to stm32f10x_rcc.o(i.RCC_BackupResetCmd) for RCC_BackupResetCmd
    stm32f10x_can.o(i.CAN_DeInit) refers to stm32f10x_rcc.o(i.RCC_APB1PeriphResetCmd) for RCC_APB1PeriphResetCmd
    stm32f10x_can.o(i.CAN_GetITStatus) refers to stm32f10x_can.o(i.CheckITStatus) for CheckITStatus
    stm32f10x_can.o(i.CAN_Receive) refers to stm32f10x_can.o(i.CAN_FIFORelease) for CAN_FIFORelease
    stm32f10x_cec.o(i.CEC_DeInit) refers to stm32f10x_rcc.o(i.RCC_APB1PeriphResetCmd) for RCC_APB1PeriphResetCmd
    stm32f10x_dac.o(i.DAC_DeInit) refers to stm32f10x_rcc.o(i.RCC_APB1PeriphResetCmd) for RCC_APB1PeriphResetCmd
    stm32f10x_flash.o(i.FLASH_EnableWriteProtection) refers to stm32f10x_flash.o(i.FLASH_WaitForLastOperation) for FLASH_WaitForLastOperation
    stm32f10x_flash.o(i.FLASH_EraseAllBank1Pages) refers to stm32f10x_flash.o(i.FLASH_WaitForLastBank1Operation) for FLASH_WaitForLastBank1Operation
    stm32f10x_flash.o(i.FLASH_EraseAllPages) refers to stm32f10x_flash.o(i.FLASH_WaitForLastOperation) for FLASH_WaitForLastOperation
    stm32f10x_flash.o(i.FLASH_EraseOptionBytes) refers to stm32f10x_flash.o(i.FLASH_GetReadOutProtectionStatus) for FLASH_GetReadOutProtectionStatus
    stm32f10x_flash.o(i.FLASH_EraseOptionBytes) refers to stm32f10x_flash.o(i.FLASH_WaitForLastOperation) for FLASH_WaitForLastOperation
    stm32f10x_flash.o(i.FLASH_ErasePage) refers to stm32f10x_flash.o(i.FLASH_WaitForLastOperation) for FLASH_WaitForLastOperation
    stm32f10x_flash.o(i.FLASH_ProgramHalfWord) refers to stm32f10x_flash.o(i.FLASH_WaitForLastOperation) for FLASH_WaitForLastOperation
    stm32f10x_flash.o(i.FLASH_ProgramOptionByteData) refers to stm32f10x_flash.o(i.FLASH_WaitForLastOperation) for FLASH_WaitForLastOperation
    stm32f10x_flash.o(i.FLASH_ProgramWord) refers to stm32f10x_flash.o(i.FLASH_WaitForLastOperation) for FLASH_WaitForLastOperation
    stm32f10x_flash.o(i.FLASH_ReadOutProtection) refers to stm32f10x_flash.o(i.FLASH_WaitForLastOperation) for FLASH_WaitForLastOperation
    stm32f10x_flash.o(i.FLASH_UserOptionByteConfig) refers to stm32f10x_flash.o(i.FLASH_WaitForLastOperation) for FLASH_WaitForLastOperation
    stm32f10x_flash.o(i.FLASH_WaitForLastBank1Operation) refers to stm32f10x_flash.o(i.FLASH_GetBank1Status) for FLASH_GetBank1Status
    stm32f10x_flash.o(i.FLASH_WaitForLastOperation) refers to stm32f10x_flash.o(i.FLASH_GetBank1Status) for FLASH_GetBank1Status
    stm32f10x_gpio.o(i.GPIO_AFIODeInit) refers to stm32f10x_rcc.o(i.RCC_APB2PeriphResetCmd) for RCC_APB2PeriphResetCmd
[...]
    Removing stm32f10x_bkp.o(i.BKP_GetFlagStatus), (12 bytes).
    Removing stm32f10x_bkp.o(i.BKP_GetITStatus), (12 bytes).
    Removing stm32f10x_bkp.o(i.BKP_ITConfig), (12 bytes).
    Removing stm32f10x_bkp.o(i.BKP_RTCOutputConfig), (28 bytes).
    Removing stm32f10x_bkp.o(i.BKP_SetRTCCalibrationValue), (28 bytes).
    Removing stm32f10x_bkp.o(i.BKP_TamperPinCmd), (12 bytes).
    Removing stm32f10x_bkp.o(i.BKP_TamperPinLevelConfig), (12 bytes).
    Removing stm32f10x_can.o(i.CAN_CancelTransmit), (48 bytes).
    Removing stm32f10x_can.o(i.CAN_ClearFlag), (8 bytes).
    Removing stm32f10x_can.o(i.CAN_ClearITPendingBit), (166 bytes).
    Removing stm32f10x_can.o(i.CAN_DBGFreeze), (22 bytes).
    Removing stm32f10x_can.o(i.CAN_DeInit), (56 bytes).
    Removing stm32f10x_can.o(i.CAN_FIFORelease), (14 bytes).
    Removing stm32f10x_can.o(i.CAN_FilterInit), (264 bytes).
    Removing stm32f10x_can.o(i.CAN_GetFlagStatus), (18 bytes).
    Removing stm32f10x_can.o(i.CAN_GetITStatus), (238 bytes).
    Removing stm32f10x_can.o(i.CAN_ITConfig), (18 bytes).
    Removing stm32f10x_can.o(i.CAN_Init), (276 bytes).
    Removing stm32f10x_can.o(i.CAN_MessagePending), (30 bytes).
    Removing stm32f10x_can.o(i.CAN_Receive), (234 bytes).
    Removing stm32f10x_can.o(i.CAN_SlaveStartBank), (52 bytes).
    Removing stm32f10x_can.o(i.CAN_Sleep), (30 bytes).
    Removing stm32f10x_can.o(i.CAN_StructInit), (32 bytes).
    Removing stm32f10x_can.o(i.CAN_Transmit), (294 bytes).
    Removing stm32f10x_can.o(i.CAN_TransmitStatus), (142 bytes).
    Removing stm32f10x_can.o(i.CAN_WakeUp), (48 bytes).
    Removing stm32f10x_can.o(i.CheckITStatus), (18 bytes).
    Removing stm32f10x_cec.o(i.CEC_ClearFlag), (36 bytes).
    Removing stm32f10x_cec.o(i.CEC_ClearITPendingBit), (36 bytes).
    Removing stm32f10x_cec.o(i.CEC_Cmd), (32 bytes).
    Removing stm32f10x_cec.o(i.CEC_DeInit), (22 bytes).
    Removing stm32f10x_cec.o(i.CEC_EndOfMessageCmd), (12 bytes).
    Removing stm32f10x_cec.o(i.CEC_GetFlagStatus), (48 bytes).
    Removing stm32f10x_cec.o(i.CEC_GetITStatus), (40 bytes).
    Removing stm32f10x_cec.o(i.CEC_ITConfig), (12 bytes).
    Removing stm32f10x_cec.o(i.CEC_Init), (32 bytes).
    Removing stm32f10x_cec.o(i.CEC_OwnAddressConfig), (12 bytes).
    Removing stm32f10x_cec.o(i.CEC_ReceiveDataByte), (12 bytes).
    Removing stm32f10x_cec.o(i.CEC_SendDataByte), (12 bytes).
    Removing stm32f10x_cec.o(i.CEC_SetPrescaler), (12 bytes).
    Removing stm32f10x_cec.o(i.CEC_StartOfMessage), (12 bytes).
    Removing stm32f10x_crc.o(i.CRC_CalcBlockCRC), (36 bytes).
    Removing stm32f10x_crc.o(i.CRC_CalcCRC), (16 bytes).
    Removing stm32f10x_crc.o(i.CRC_GetCRC), (12 bytes).
    Removing stm32f10x_crc.o(i.CRC_GetIDRegister), (12 bytes).
    Removing stm32f10x_crc.o(i.CRC_ResetDR), (12 bytes).
    Removing stm32f10x_crc.o(i.CRC_SetIDRegister), (12 bytes).
    Removing stm32f10x_dac.o(i.DAC_Cmd), (40 bytes).
    Removing stm32f10x_dac.o(i.DAC_DMACmd), (44 bytes).
    Removing stm32f10x_dac.o(i.DAC_DeInit), (22 bytes).
    Removing stm32f10x_dac.o(i.DAC_DualSoftwareTriggerCmd), (36 bytes).
    Removing stm32f10x_dac.o(i.DAC_GetDataOutputValue), (36 bytes).
    Removing stm32f10x_dac.o(i.DAC_Init), (52 bytes).
    Removing stm32f10x_dac.o(i.DAC_SetChannel1Data), (32 bytes).
    Removing stm32f10x_dac.o(i.DAC_SetChannel2Data), (32 bytes).
    Removing stm32f10x_dac.o(i.DAC_SetDualChannelData), (36 bytes).
    Removing stm32f10x_dac.o(i.DAC_SoftwareTriggerCmd), (44 bytes).
    Removing stm32f10x_dac.o(i.DAC_StructInit), (12 bytes).
    Removing stm32f10x_dac.o(i.DAC_WaveGenerationCmd), (40 bytes).
    Removing stm32f10x_dbgmcu.o(i.DBGMCU_Config), (32 bytes).
    Removing stm32f10x_dbgmcu.o(i.DBGMCU_GetDEVID), (16 bytes).
    Removing stm32f10x_dbgmcu.o(i.DBGMCU_GetREVID), (12 bytes).
    Removing stm32f10x_dma.o(i.DMA_ClearFlag), (28 bytes).
    Removing stm32f10x_dma.o(i.DMA_ClearITPendingBit), (28 bytes).
    Removing stm32f10x_dma.o(i.DMA_Cmd), (22 bytes).
    Removing stm32f10x_dma.o(i.DMA_DeInit), (332 bytes).
    Removing stm32f10x_dma.o(i.DMA_GetCurrDataCounter), (8 bytes).
    Removing stm32f10x_dma.o(i.DMA_GetFlagStatus), (44 bytes).
    Removing stm32f10x_dma.o(i.DMA_GetITStatus), (44 bytes).
    Removing stm32f10x_dma.o(i.DMA_ITConfig), (18 bytes).
    Removing stm32f10x_dma.o(i.DMA_Init), (60 bytes).
    Removing stm32f10x_dma.o(i.DMA_StructInit), (26 bytes).
    Removing stm32f10x_exti.o(i.EXTI_ClearFlag), (12 bytes).
    Removing stm32f10x_exti.o(i.EXTI_DeInit), (36 bytes).
    Removing stm32f10x_exti.o(i.EXTI_GenerateSWInterrupt), (16 bytes).
    Removing stm32f10x_exti.o(i.EXTI_GetFlagStatus), (24 bytes).
    Removing stm32f10x_exti.o(i.EXTI_GetITStatus), (40 bytes).
    Removing stm32f10x_exti.o(i.EXTI_StructInit), (16 bytes).
    Removing stm32f10x_flash.o(i.FLASH_ClearFlag), (12 bytes).
    Removing stm32f10x_flash.o(i.FLASH_EnableWriteProtection), (196 bytes).
    Removing stm32f10x_flash.o(i.FLASH_EraseAllBank1Pages), (76 bytes).
    Removing stm32f10x_flash.o(i.FLASH_EraseAllPages), (76 bytes).
    Removing stm32f10x_flash.o(i.FLASH_EraseOptionBytes), (168 bytes).
    Removing stm32f10x_flash.o(i.FLASH_ErasePage), (80 bytes).
    Removing stm32f10x_flash.o(i.FLASH_GetBank1Status), (52 bytes).
    Removing stm32f10x_flash.o(i.FLASH_GetFlagStatus), (48 bytes).
    Removing stm32f10x_flash.o(i.FLASH_GetPrefetchBufferStatus), (24 bytes).
    Removing stm32f10x_flash.o(i.FLASH_GetReadOutProtectionStatus), (24 bytes).
    Removing stm32f10x_flash.o(i.FLASH_GetStatus), (52 bytes).
    Removing stm32f10x_flash.o(i.FLASH_GetUserOptionByte), (12 bytes).
    Removing stm32f10x_flash.o(i.FLASH_GetWriteProtectionOptionByte), (12 bytes).
    Removing stm32f10x_flash.o(i.FLASH_HalfCycleAccessCmd), (28 bytes).
    Removing stm32f10x_flash.o(i.FLASH_ITConfig), (32 bytes).
    Removing stm32f10x_flash.o(i.FLASH_Lock), (20 bytes).
    Removing stm32f10x_flash.o(i.FLASH_LockBank1), (20 bytes).
    Removing stm32f10x_flash.o(i.FLASH_PrefetchBufferCmd), (28 bytes).
    Removing stm32f10x_flash.o(i.FLASH_ProgramHalfWord), (68 bytes).
    Removing stm32f10x_flash.o(i.FLASH_ProgramOptionByteData), (84 bytes).
    Removing stm32f10x_flash.o(i.FLASH_ProgramWord), (116 bytes).
    Removing stm32f10x_flash.o(i.FLASH_ReadOutProtection), (172 bytes).
    Removing stm32f10x_flash.o(i.FLASH_SetLatency), (24 bytes).
    Removing stm32f10x_flash.o(i.FLASH_Unlock), (24 bytes).
    Removing stm32f10x_flash.o(i.FLASH_UnlockBank1), (24 bytes).
    Removing stm32f10x_flash.o(i.FLASH_UserOptionByteConfig), (104 bytes).
    Removing stm32f10x_flash.o(i.FLASH_WaitForLastBank1Operation), (38 bytes).
    Removing stm32f10x_flash.o(i.FLASH_WaitForLastOperation), (38 bytes).
    Removing stm32f10x_fsmc.o(i.FSMC_ClearFlag), (64 bytes).
    Removing stm32f10x_fsmc.o(i.FSMC_ClearITPendingBit), (72 bytes).
    Removing stm32f10x_fsmc.o(i.FSMC_GetECC), (28 bytes).
    Removing stm32f10x_fsmc.o(i.FSMC_GetFlagStatus), (56 bytes).
    Removing stm32f10x_fsmc.o(i.FSMC_GetITStatus), (68 bytes).
    Removing stm32f10x_fsmc.o(i.FSMC_ITConfig), (128 bytes).
    Removing stm32f10x_fsmc.o(i.FSMC_NANDCmd), (92 bytes).
    Removing stm32f10x_fsmc.o(i.FSMC_NANDDeInit), (68 bytes).
    Removing stm32f10x_fsmc.o(i.FSMC_NANDECCCmd), (92 bytes).
    Removing stm32f10x_fsmc.o(i.FSMC_NANDInit), (136 bytes).
    Removing stm32f10x_fsmc.o(i.FSMC_NANDStructInit), (54 bytes).
    Removing stm32f10x_fsmc.o(i.FSMC_NORSRAMCmd), (52 bytes).
    Removing stm32f10x_fsmc.o(i.FSMC_NORSRAMDeInit), (54 bytes).
    Removing stm32f10x_fsmc.o(i.FSMC_NORSRAMInit), (226 bytes).
    Removing stm32f10x_fsmc.o(i.FSMC_NORSRAMStructInit), (112 bytes).
    Removing stm32f10x_fsmc.o(i.FSMC_PCCARDCmd), (48 bytes).
    Removing stm32f10x_fsmc.o(i.FSMC_PCCARDDeInit), (40 bytes).
    Removing stm32f10x_fsmc.o(i.FSMC_PCCARDInit), (132 bytes).
    Removing stm32f10x_fsmc.o(i.FSMC_PCCARDStructInit), (60 bytes).
    Removing stm32f10x_gpio.o(i.GPIO_AFIODeInit), (20 bytes).
    Removing stm32f10x_gpio.o(i.GPIO_DeInit), (200 bytes).
    Removing stm32f10x_gpio.o(i.GPIO_ETH_MediaInterfaceConfig), (12 bytes).
    Removing stm32f10x_gpio.o(i.GPIO_EventOutputCmd), (12 bytes).
    Removing stm32f10x_gpio.o(i.GPIO_EventOutputConfig), (32 bytes).
    Removing stm32f10x_gpio.o(i.GPIO_PinLockConfig), (18 bytes).
    Removing stm32f10x_gpio.o(i.GPIO_PinRemapConfig), (144 bytes).
    Removing stm32f10x_gpio.o(i.GPIO_ReadInputData), (8 bytes).
    Removing stm32f10x_gpio.o(i.GPIO_ReadInputDataBit), (18 bytes).
    Removing stm32f10x_gpio.o(i.GPIO_ReadOutputData), (8 bytes).
    Removing stm32f10x_gpio.o(i.GPIO_ReadOutputDataBit), (18 bytes).
    Removing stm32f10x_gpio.o(i.GPIO_StructInit), (16 bytes).
    Removing stm32f10x_gpio.o(i.GPIO_Write), (4 bytes).
    Removing stm32f10x_gpio.o(i.GPIO_WriteBit), (10 bytes).
    Removing stm32f10x_i2c.o(i.I2C_ARPCmd), (24 bytes).
    Removing stm32f10x_i2c.o(i.I2C_AcknowledgeConfig), (24 bytes).
    Removing stm32f10x_i2c.o(i.I2C_CalculatePEC), (24 bytes).
    Removing stm32f10x_i2c.o(i.I2C_CheckEvent), (42 bytes).
    Removing stm32f10x_i2c.o(i.I2C_ClearFlag), (12 bytes).
    Removing stm32f10x_i2c.o(i.I2C_ClearITPendingBit), (12 bytes).
    Removing stm32f10x_i2c.o(i.I2C_Cmd), (24 bytes).
    Removing stm32f10x_i2c.o(i.I2C_DMACmd), (24 bytes).
    Removing stm32f10x_i2c.o(i.I2C_DMALastTransferCmd), (24 bytes).
    Removing stm32f10x_i2c.o(i.I2C_DeInit), (56 bytes).
    Removing stm32f10x_i2c.o(i.I2C_DualAddressCmd), (24 bytes).
    Removing stm32f10x_i2c.o(i.I2C_FastModeDutyCycleConfig), (28 bytes).
    Removing stm32f10x_i2c.o(i.I2C_GeneralCallCmd), (24 bytes).
    Removing stm32f10x_i2c.o(i.I2C_GenerateSTART), (24 bytes).
    Removing stm32f10x_i2c.o(i.I2C_GenerateSTOP), (24 bytes).
    Removing stm32f10x_i2c.o(i.I2C_GetFlagStatus), (58 bytes).
    Removing stm32f10x_i2c.o(i.I2C_GetITStatus), (38 bytes).
    Removing stm32f10x_i2c.o(i.I2C_GetLastEvent), (26 bytes).
    Removing stm32f10x_i2c.o(i.I2C_GetPEC), (8 bytes).
    Removing stm32f10x_i2c.o(i.I2C_ITConfig), (18 bytes).
    Removing stm32f10x_i2c.o(i.I2C_Init), (236 bytes).
    Removing stm32f10x_i2c.o(i.I2C_OwnAddress2Config), (22 bytes).
    Removing stm32f10x_i2c.o(i.I2C_PECPositionConfig), (28 bytes).
    Removing stm32f10x_i2c.o(i.I2C_ReadRegister), (22 bytes).
    Removing stm32f10x_i2c.o(i.I2C_ReceiveData), (8 bytes).
    Removing stm32f10x_i2c.o(i.I2C_SMBusAlertConfig), (28 bytes).
    Removing stm32f10x_i2c.o(i.I2C_Send7bitAddress), (18 bytes).
    Removing stm32f10x_i2c.o(i.I2C_SendData), (4 bytes).
    Removing stm32f10x_i2c.o(i.I2C_SoftwareResetCmd), (22 bytes).
    Removing stm32f10x_i2c.o(i.I2C_StretchClockCmd), (24 bytes).
    Removing stm32f10x_i2c.o(i.I2C_StructInit), (30 bytes).
    Removing stm32f10x_i2c.o(i.I2C_TransmitPEC), (24 bytes).
    Removing stm32f10x_iwdg.o(i.IWDG_Enable), (16 bytes).
    Removing stm32f10x_iwdg.o(i.IWDG_GetFlagStatus), (24 bytes).
    Removing stm32f10x_iwdg.o(i.IWDG_ReloadCounter), (16 bytes).
    Removing stm32f10x_iwdg.o(i.IWDG_SetPrescaler), (12 bytes).
    Removing stm32f10x_iwdg.o(i.IWDG_SetReload), (12 bytes).
    Removing stm32f10x_iwdg.o(i.IWDG_WriteAccessCmd), (12 bytes).
    Removing stm32f10x_pwr.o(i.PWR_ClearFlag), (20 bytes).
    Removing stm32f10x_pwr.o(i.PWR_DeInit), (22 bytes).
    Removing stm32f10x_pwr.o(i.PWR_EnterSTANDBYMode), (52 bytes).
    Removing stm32f10x_pwr.o(i.PWR_EnterSTOPMode), (64 bytes).
    Removing stm32f10x_pwr.o(i.PWR_GetFlagStatus), (24 bytes).
    Removing stm32f10x_pwr.o(i.PWR_PVDCmd), (12 bytes).
    Removing stm32f10x_pwr.o(i.PWR_PVDLevelConfig), (24 bytes).
    Removing stm32f10x_pwr.o(i.PWR_WakeUpPinCmd), (12 bytes).
    Removing stm32f10x_rcc.o(i.RCC_ADCCLKConfig), (24 bytes).
    Removing stm32f10x_rcc.o(i.RCC_AHBPeriphClockCmd), (32 bytes).
    Removing stm32f10x_rcc.o(i.RCC_AdjustHSICalibrationValue), (24 bytes).
    Removing stm32f10x_rcc.o(i.RCC_ClearFlag), (20 bytes).
    Removing stm32f10x_rcc.o(i.RCC_ClearITPendingBit), (12 bytes).
    Removing stm32f10x_rcc.o(i.RCC_ClockSecuritySystemCmd), (12 bytes).
    Removing stm32f10x_rcc.o(i.RCC_DeInit), (76 bytes).
    Removing stm32f10x_rcc.o(i.RCC_GetITStatus), (24 bytes).
    Removing stm32f10x_rcc.o(i.RCC_GetSYSCLKSource), (16 bytes).
    Removing stm32f10x_rcc.o(i.RCC_HCLKConfig), (24 bytes).
    Removing stm32f10x_rcc.o(i.RCC_HSEConfig), (76 bytes).
    Removing stm32f10x_rcc.o(i.RCC_HSICmd), (12 bytes).
    Removing stm32f10x_rcc.o(i.RCC_ITConfig), (32 bytes).
    Removing stm32f10x_rcc.o(i.RCC_LSICmd), (12 bytes).
    Removing stm32f10x_rcc.o(i.RCC_MCOConfig), (12 bytes).
    Removing stm32f10x_rcc.o(i.RCC_PCLK1Config), (24 bytes).
    Removing stm32f10x_rcc.o(i.RCC_PCLK2Config), (24 bytes).
    Removing stm32f10x_rcc.o(i.RCC_PLLCmd), (12 bytes).
    Removing stm32f10x_rcc.o(i.RCC_PLLConfig), (28 bytes).
    Removing stm32f10x_rcc.o(i.RCC_SYSCLKConfig), (24 bytes).
    Removing stm32f10x_rcc.o(i.RCC_USBCLKConfig), (12 bytes).
    Removing stm32f10x_rcc.o(i.RCC_WaitForHSEStartUp), (56 bytes).
    Removing stm32f10x_rtc.o(i.RTC_ClearFlag), (16 bytes).
    Removing stm32f10x_rtc.o(i.RTC_GetDivider), (24 bytes).
    Removing stm32f10x_rtc.o(i.RTC_GetFlagStatus), (24 bytes).
    Removing stm32f10x_rtc.o(i.RTC_SetAlarm), (28 bytes).
    Removing stm32f10x_sdio.o(i.SDIO_CEATAITCmd), (16 bytes).
    Removing stm32f10x_sdio.o(i.SDIO_ClearFlag), (12 bytes).
    Removing stm32f10x_sdio.o(i.SDIO_ClearITPendingBit), (12 bytes).
    Removing stm32f10x_sdio.o(i.SDIO_ClockCmd), (12 bytes).
    Removing stm32f10x_sdio.o(i.SDIO_CmdStructInit), (14 bytes).
    Removing stm32f10x_sdio.o(i.SDIO_CommandCompletionCmd), (12 bytes).
    Removing stm32f10x_sdio.o(i.SDIO_DMACmd), (12 bytes).
    Removing stm32f10x_sdio.o(i.SDIO_DataConfig), (48 bytes).
    Removing stm32f10x_sdio.o(i.SDIO_DataStructInit), (20 bytes).
    Removing stm32f10x_sdio.o(i.SDIO_DeInit), (36 bytes).
    Removing stm32f10x_sdio.o(i.SDIO_GetCommandResponse), (12 bytes).
    Removing stm32f10x_sdio.o(i.SDIO_GetDataCounter), (12 bytes).
    Removing stm32f10x_sdio.o(i.SDIO_GetFIFOCount), (12 bytes).
    Removing stm32f10x_sdio.o(i.SDIO_GetFlagStatus), (24 bytes).
    Removing stm32f10x_sdio.o(i.SDIO_GetITStatus), (24 bytes).
    Removing stm32f10x_sdio.o(i.SDIO_GetPowerState), (16 bytes).
    Removing stm32f10x_sdio.o(i.SDIO_GetResponse), (24 bytes).
    Removing stm32f10x_sdio.o(i.SDIO_ITConfig), (32 bytes).
    Removing stm32f10x_sdio.o(i.SDIO_Init), (48 bytes).
    Removing stm32f10x_sdio.o(i.SDIO_ReadData), (12 bytes).
    Removing stm32f10x_sdio.o(i.SDIO_SendCEATACmd), (12 bytes).
    Removing stm32f10x_sdio.o(i.SDIO_SendCommand), (44 bytes).
    Removing stm32f10x_sdio.o(i.SDIO_SendSDIOSuspendCmd), (12 bytes).
    Removing stm32f10x_sdio.o(i.SDIO_SetPowerState), (28 bytes).
    Removing stm32f10x_sdio.o(i.SDIO_SetSDIOOperation), (12 bytes).
    Removing stm32f10x_sdio.o(i.SDIO_SetSDIOReadWaitMode), (12 bytes).
    Removing stm32f10x_sdio.o(i.SDIO_StartSDIOReadWait), (12 bytes).
    Removing stm32f10x_sdio.o(i.SDIO_StopSDIOReadWait), (12 bytes).
    Removing stm32f10x_sdio.o(i.SDIO_StructInit), (16 bytes).
    Removing stm32f10x_sdio.o(i.SDIO_WriteData), (12 bytes).
    Removing stm32f10x_spi.o(i.I2S_Cmd), (24 bytes).
    Removing stm32f10x_spi.o(i.I2S_Init), (232 bytes).
    Removing stm32f10x_spi.o(i.I2S_StructInit), (20 bytes).
    Removing stm32f10x_spi.o(i.SPI_BiDirectionalLineConfig), (28 bytes).
    Removing stm32f10x_spi.o(i.SPI_CalculateCRC), (24 bytes).
    Removing stm32f10x_spi.o(i.SPI_Cmd), (24 bytes).
    Removing stm32f10x_spi.o(i.SPI_DataSizeConfig), (18 bytes).
    Removing stm32f10x_spi.o(i.SPI_GetCRC), (16 bytes).
    Removing stm32f10x_spi.o(i.SPI_GetCRCPolynomial), (6 bytes).
    Removing stm32f10x_spi.o(i.SPI_I2S_ClearFlag), (6 bytes).
    Removing stm32f10x_spi.o(i.SPI_I2S_ClearITPendingBit), (20 bytes).
    Removing stm32f10x_spi.o(i.SPI_I2S_DMACmd), (18 bytes).
    Removing stm32f10x_spi.o(i.SPI_I2S_DeInit), (88 bytes).
    Removing stm32f10x_spi.o(i.SPI_I2S_GetFlagStatus), (18 bytes).
    Removing stm32f10x_spi.o(i.SPI_I2S_GetITStatus), (52 bytes).
    Removing stm32f10x_spi.o(i.SPI_I2S_ITConfig), (32 bytes).
    Removing stm32f10x_spi.o(i.SPI_I2S_ReceiveData), (6 bytes).
    Removing stm32f10x_spi.o(i.SPI_I2S_SendData), (4 bytes).
    Removing stm32f10x_spi.o(i.SPI_Init), (60 bytes).
    Removing stm32f10x_spi.o(i.SPI_NSSInternalSoftwareConfig), (30 bytes).
    Removing stm32f10x_spi.o(i.SPI_SSOutputCmd), (24 bytes).
    Removing stm32f10x_spi.o(i.SPI_StructInit), (24 bytes).
    Removing stm32f10x_spi.o(i.SPI_TransmitCRC), (10 bytes).
    Removing stm32f10x_tim.o(i.TI1_Config), (56 bytes).
    Removing stm32f10x_tim.o(i.TI2_Config), (80 bytes).
    Removing stm32f10x_tim.o(i.TI3_Config), (72 bytes).
    Removing stm32f10x_tim.o(i.TI4_Config), (80 bytes).
    Removing stm32f10x_tim.o(i.TIM_ARRPreloadConfig), (24 bytes).
    Removing stm32f10x_tim.o(i.TIM_BDTRConfig), (32 bytes).
    Removing stm32f10x_tim.o(i.TIM_BDTRStructInit), (18 bytes).
    Removing stm32f10x_tim.o(i.TIM_CCPreloadControl), (24 bytes).
    Removing stm32f10x_tim.o(i.TIM_CCxCmd), (30 bytes).
    Removing stm32f10x_tim.o(i.TIM_CCxNCmd), (30 bytes).
    Removing stm32f10x_tim.o(i.TIM_ClearFlag), (6 bytes).
    Removing stm32f10x_tim.o(i.TIM_ClearOC1Ref), (18 bytes).
    Removing stm32f10x_tim.o(i.TIM_ClearOC2Ref), (24 bytes).
    Removing stm32f10x_tim.o(i.TIM_ClearOC3Ref), (18 bytes).
    Removing stm32f10x_tim.o(i.TIM_ClearOC4Ref), (24 bytes).
    Removing stm32f10x_tim.o(i.TIM_CounterModeConfig), (18 bytes).
    Removing stm32f10x_tim.o(i.TIM_CtrlPWMOutputs), (30 bytes).
    Removing stm32f10x_tim.o(i.TIM_DMACmd), (18 bytes).
    Removing stm32f10x_tim.o(i.TIM_DMAConfig), (10 bytes).
    Removing stm32f10x_tim.o(i.TIM_DeInit), (488 bytes).
    Removing stm32f10x_tim.o(i.TIM_ETRClockMode1Config), (54 bytes).
    Removing stm32f10x_tim.o(i.TIM_ETRClockMode2Config), (32 bytes).
    Removing stm32f10x_tim.o(i.TIM_ETRConfig), (28 bytes).
    Removing stm32f10x_tim.o(i.TIM_EncoderInterfaceConfig), (66 bytes).
    Removing stm32f10x_tim.o(i.TIM_ForcedOC1Config), (18 bytes).
    Removing stm32f10x_tim.o(i.TIM_ForcedOC2Config), (26 bytes).
    Removing stm32f10x_tim.o(i.TIM_ForcedOC3Config), (18 bytes).
    Removing stm32f10x_tim.o(i.TIM_ForcedOC4Config), (26 bytes).
    Removing stm32f10x_tim.o(i.TIM_GenerateEvent), (4 bytes).
    Removing stm32f10x_tim.o(i.TIM_GetCapture1), (6 bytes).
    Removing stm32f10x_tim.o(i.TIM_GetCapture2), (6 bytes).
    Removing stm32f10x_tim.o(i.TIM_GetCapture3), (6 bytes).
    Removing stm32f10x_tim.o(i.TIM_GetCapture4), (8 bytes).
    Removing stm32f10x_tim.o(i.TIM_GetCounter), (6 bytes).
    Removing stm32f10x_tim.o(i.TIM_GetFlagStatus), (18 bytes).
    Removing stm32f10x_tim.o(i.TIM_GetPrescaler), (6 bytes).
    Removing stm32f10x_tim.o(i.TIM_ICInit), (110 bytes).
    Removing stm32f10x_tim.o(i.TIM_ICStructInit), (18 bytes).
    Removing stm32f10x_tim.o(i.TIM_ITRxExternalClockConfig), (24 bytes).
    Removing stm32f10x_tim.o(i.TIM_InternalClockConfig), (12 bytes).
    Removing stm32f10x_tim.o(i.TIM_OC1FastConfig), (18 bytes).
    Removing stm32f10x_tim.o(i.TIM_OC1Init), (152 bytes).
    Removing stm32f10x_tim.o(i.TIM_OC1NPolarityConfig), (18 bytes).
    Removing stm32f10x_tim.o(i.TIM_OC1PolarityConfig), (18 bytes).
    Removing stm32f10x_tim.o(i.TIM_OC1PreloadConfig), (18 bytes).
    Removing stm32f10x_tim.o(i.TIM_OC2FastConfig), (26 bytes).
    Removing stm32f10x_tim.o(i.TIM_OC2Init), (164 bytes).
    Removing stm32f10x_tim.o(i.TIM_OC2NPolarityConfig), (26 bytes).
    Removing stm32f10x_tim.o(i.TIM_OC2PolarityConfig), (26 bytes).
    Removing stm32f10x_tim.o(i.TIM_OC2PreloadConfig), (26 bytes).
    Removing stm32f10x_tim.o(i.TIM_OC3FastConfig), (18 bytes).
    Removing stm32f10x_tim.o(i.TIM_OC3Init), (160 bytes).
    Removing stm32f10x_tim.o(i.TIM_OC3NPolarityConfig), (26 bytes).
    Removing stm32f10x_tim.o(i.TIM_OC3PolarityConfig), (26 bytes).
    Removing stm32f10x_tim.o(i.TIM_OC3PreloadConfig), (18 bytes).
    Removing stm32f10x_tim.o(i.TIM_OC4FastConfig), (26 bytes).
    Removing stm32f10x_tim.o(i.TIM_OC4Init), (124 bytes).
    Removing stm32f10x_tim.o(i.TIM_OC4PolarityConfig), (26 bytes).
    Removing stm32f10x_tim.o(i.TIM_OC4PreloadConfig), (26 bytes).
    Removing stm32f10x_tim.o(i.TIM_OCStructInit), (20 bytes).
    Removing stm32f10x_tim.o(i.TIM_PWMIConfig), (124 bytes).
    Removing stm32f10x_tim.o(i.TIM_PrescalerConfig), (6 bytes).
    Removing stm32f10x_tim.o(i.TIM_SelectCCDMA), (24 bytes).
    Removing stm32f10x_tim.o(i.TIM_SelectCOM), (24 bytes).
    Removing stm32f10x_tim.o(i.TIM_SelectHallSensor), (24 bytes).
    Removing stm32f10x_tim.o(i.TIM_SelectInputTrigger), (18 bytes).
    Removing stm32f10x_tim.o(i.TIM_SelectMasterSlaveMode), (18 bytes).
    Removing stm32f10x_tim.o(i.TIM_SelectOCxM), (82 bytes).
    Removing stm32f10x_tim.o(i.TIM_SelectOnePulseMode), (18 bytes).
    Removing stm32f10x_tim.o(i.TIM_SelectOutputTrigger), (18 bytes).
    Removing stm32f10x_tim.o(i.TIM_SelectSlaveMode), (18 bytes).
    Removing stm32f10x_tim.o(i.TIM_SetAutoreload), (4 bytes).
    Removing stm32f10x_tim.o(i.TIM_SetClockDivision), (18 bytes).
    Removing stm32f10x_tim.o(i.TIM_SetCompare1), (4 bytes).
    Removing stm32f10x_tim.o(i.TIM_SetCompare2), (4 bytes).
    Removing stm32f10x_tim.o(i.TIM_SetCompare3), (4 bytes).
    Removing stm32f10x_tim.o(i.TIM_SetCompare4), (6 bytes).
    Removing stm32f10x_tim.o(i.TIM_SetCounter), (4 bytes).
    Removing stm32f10x_tim.o(i.TIM_SetIC1Prescaler), (18 bytes).
    Removing stm32f10x_tim.o(i.TIM_SetIC2Prescaler), (26 bytes).
    Removing stm32f10x_tim.o(i.TIM_SetIC3Prescaler), (18 bytes).
    Removing stm32f10x_tim.o(i.TIM_SetIC4Prescaler), (26 bytes).
    Removing stm32f10x_tim.o(i.TIM_TIxExternalClockConfig), (62 bytes).
    Removing stm32f10x_tim.o(i.TIM_TimeBaseStructInit), (18 bytes).
    Removing stm32f10x_tim.o(i.TIM_UpdateDisableConfig), (24 bytes).
    Removing stm32f10x_tim.o(i.TIM_UpdateRequestConfig), (24 bytes).
    Removing stm32f10x_usart.o(i.USART_ClearFlag), (18 bytes).
    Removing stm32f10x_usart.o(i.USART_ClearITPendingBit), (30 bytes).
    Removing stm32f10x_usart.o(i.USART_ClockInit), (34 bytes).
    Removing stm32f10x_usart.o(i.USART_ClockStructInit), (12 bytes).
    Removing stm32f10x_usart.o(i.USART_DMACmd), (18 bytes).
    Removing stm32f10x_usart.o(i.USART_HalfDuplexCmd), (24 bytes).
    Removing stm32f10x_usart.o(i.USART_IrDACmd), (24 bytes).
    Removing stm32f10x_usart.o(i.USART_IrDAConfig), (18 bytes).
    Removing stm32f10x_usart.o(i.USART_LINBreakDetectLengthConfig), (18 bytes).
    Removing stm32f10x_usart.o(i.USART_LINCmd), (24 bytes).
    Removing stm32f10x_usart.o(i.USART_OneBitMethodCmd), (24 bytes).
    Removing stm32f10x_usart.o(i.USART_OverSampling8Cmd), (22 bytes).
    Removing stm32f10x_usart.o(i.USART_ReceiverWakeUpCmd), (24 bytes).
    Removing stm32f10x_usart.o(i.USART_SendBreak), (10 bytes).
    Removing stm32f10x_usart.o(i.USART_SetAddress), (18 bytes).
    Removing stm32f10x_usart.o(i.USART_SetGuardTime), (16 bytes).
    Removing stm32f10x_usart.o(i.USART_SetPrescaler), (16 bytes).
    Removing stm32f10x_usart.o(i.USART_SmartCardCmd), (24 bytes).
    Removing stm32f10x_usart.o(i.USART_SmartCardNACKCmd), (24 bytes).
    Removing stm32f10x_usart.o(i.USART_StructInit), (24 bytes).
    Removing stm32f10x_usart.o(i.USART_WakeUpConfig), (18 bytes).
    Removing stm32f10x_wwdg.o(i.WWDG_ClearFlag), (12 bytes).
    Removing stm32f10x_wwdg.o(i.WWDG_DeInit), (22 bytes).
    Removing stm32f10x_wwdg.o(i.WWDG_Enable), (16 bytes).
    Removing stm32f10x_wwdg.o(i.WWDG_EnableIT), (12 bytes).
    Removing stm32f10x_wwdg.o(i.WWDG_GetFlagStatus), (12 bytes).
    Removing stm32f10x_wwdg.o(i.WWDG_SetCounter), (16 bytes).
    Removing stm32f10x_wwdg.o(i.WWDG_SetPrescaler), (24 bytes).
    Removing stm32f10x_wwdg.o(i.WWDG_SetWindowValue), (40 bytes).
    Removing debug_usart.o(i.Usart_RecvOrder), (56 bytes).
    Removing debug_usart.o(i.Usart_SendIC_Error), (72 bytes).
    Removing debug_usart.o(i.Usart_SendIC_Success), (78 bytes).
    Removing debug_usart.o(i.fgetc), (32 bytes).
    Removing debug_usart.o(i.pUsart_SentMessage), (62 bytes).
    Removing qs808_usart.o(i.NVIC_Configuration), (38 bytes).
    Removing qs808_usart.o(i.QS808_UART_Init), (152 bytes).
    Removing qs808_usart.o(.data), (4 bytes).
    Removing power_ctrl.o(i.Wkup_init), (72 bytes).
    Removing power_ctrl.o(.data), (1 bytes).
    Removing data_def.o(i.Ascii2Userid), (40 bytes).
    Removing rtc.o(i.RTC_Alarm_Set), (200 bytes).
    Removing stmflash.o(i.STMFLASH_Read), (26 bytes).
    Removing stmflash.o(i.STMFLASH_ReadHalfWord), (6 bytes).
    Removing stmflash.o(i.STMFLASH_Write), (232 bytes).
    Removing stmflash.o(i.STMFLASH_Write_NoCheck), (38 bytes).
    Removing stmflash.o(.bss), (1024 bytes).
    Removing rc522_function.o(i.CalulateCRC), (108 bytes).
    Removing rc522_function.o(i.IC_CMT), (72 bytes).
    Removing rc522_function.o(i.PcdAuthState), (112 bytes).
    Removing rc522_function.o(i.PcdHalt), (50 bytes).
    Removing rc522_function.o(i.PcdRead), (86 bytes).
    Removing rc522_function.o(i.PcdSelect), (114 bytes).
    Removing rc522_function.o(i.PcdWrite), (152 bytes).
    Removing rc522_function.o(i.RC522_Config_ERR), (2 bytes).
    Removing rc522_config.o(i.RC522_SLEEP), (22 bytes).
    Removing vcc_adc.o(i.Get_Battery), (132 bytes).
    Removing vcc_adc.o(i.VCC_Adc_Init), (160 bytes).
    Removing vcc_adc.o(i.VCC_Adc_Sleep), (32 bytes).
    Removing vcc_adc.o(i.VCC_Get_Adc), (52 bytes).
    Removing vcc_adc.o(i.VCC_Get_Adc_Average), (46 bytes).
    Removing dac.o(i.Dac1_Init), (108 bytes).
    Removing led.o(i.led_init), (92 bytes).
    Removing led.o(i.led_off_all), (124 bytes).
    Removing led.o(i.led_on_all), (124 bytes).
    Removing ut588c.o(i.UT588C_init), (124 bytes).
    Removing ut588c.o(i.UT588C_speak), (116 bytes).
    Removing tsm12.o(i.IIC_Ack), (80 bytes).
    Removing tsm12.o(i.IIC_NAck), (80 bytes).
    Removing tsm12.o(i.IIC_Read_Byte), (112 bytes).
    Removing tsm12.o(i.IIC_Send_Byte), (116 bytes).
    Removing tsm12.o(i.IIC_Start), (76 bytes).
    Removing tsm12.o(i.IIC_Stop), (76 bytes).
    Removing tsm12.o(i.IIC_Wait_Ack), (104 bytes).
    Removing tsm12.o(i.TMS12_ReadOnKey), (70 bytes).
    Removing tsm12.o(i.TSM12_Init), (172 bytes).
    Removing tsm12.o(i.TSM12_PIN_Init), (236 bytes).
    Removing tsm12.o(i.TSM12_SLEEP), (36 bytes).
    Removing tsm12.o(i.TSM12_Wakeup), (36 bytes).
    Removing tsm12.o(i.TSM12_reg_read), (80 bytes).
    Removing tsm12.o(i.TSM12_reg_write), (66 bytes).
    Removing tsm12.o(i.TTP229_ReadOneByte), (50 bytes).
    Removing keyboard.o(.bss), (30 bytes).
    Removing ble.o(i.BLE_USART_CMD), (64 bytes).
    Removing ble.o(i.BLE_USART_SendStr), (20 bytes).
    Removing ble.o(.bss), (100 bytes).
    Removing ble.o(.constdata), (50 bytes).
    Removing ble.o(.data), (8 bytes).
    Removing fadd.o(.text), (176 bytes).
    Removing fmul.o(.text), (100 bytes).
    Removing dmul.o(.text), (228 bytes).
    Removing ddiv.o(.text), (222 bytes).
    Removing dfltui.o(.text), (26 bytes).
    Removing d2f.o(.text), (56 bytes).
    Removing fepilogue.o(.text), (110 bytes).
    Removing depilogue.o(.text), (186 bytes).
    Removing dadd.o(.text), (334 bytes).
    Removing dfixul.o(.text), (48 bytes).
    Removing cdrcmple.o(.text), (48 bytes).

491 unused section(s) (total 23765 bytes) removed from the image.

==============================================================================

Image Symbol Table

    Local Symbols

    Symbol Name                              Value     Ov Type        Size  Object(Section)

    ../clib/microlib/division.c              0x00000000   Number         0  uidiv.o ABSOLUTE
    ../clib/microlib/division.c              0x00000000   Number         0  uldiv.o ABSOLUTE
    ../clib/microlib/init/entry.s            0x00000000   Number         0  entry8b.o ABSOLUTE
    ../clib/microlib/init/entry.s            0x00000000   Number         0  entry2.o ABSOLUTE
    ../clib/microlib/init/entry.s            0x00000000   Number         0  entry7a.o ABSOLUTE
    ../clib/microlib/init/entry.s            0x00000000   Number         0  entry7b.o ABSOLUTE
    ../clib/microlib/init/entry.s            0x00000000   Number         0  entry.o ABSOLUTE
    ../clib/microlib/init/entry.s            0x00000000   Number         0  entry8a.o ABSOLUTE
    ../clib/microlib/init/entry.s            0x00000000   Number         0  entry9a.o ABSOLUTE
    ../clib/microlib/init/entry.s            0x00000000   Number         0  entry9b.o ABSOLUTE
    ../clib/microlib/init/entry.s            0x00000000   Number         0  entry10a.o ABSOLUTE
    ../clib/microlib/init/entry.s            0x00000000   Number         0  entry10b.o ABSOLUTE
    ../clib/microlib/init/entry.s            0x00000000   Number         0  entry11a.o ABSOLUTE
    ../clib/microlib/init/entry.s            0x00000000   Number         0  entry5.o ABSOLUTE
    ../clib/microlib/init/entry.s            0x00000000   Number         0  entry11b.o ABSOLUTE
    ../clib/microlib/longlong.c              0x00000000   Number         0  llushr.o ABSOLUTE
    ../clib/microlib/longlong.c              0x00000000   Number         0  llsshr.o ABSOLUTE
    ../clib/microlib/longlong.c              0x00000000   Number         0  llshl.o ABSOLUTE
    ../clib/microlib/printf/printf.c         0x00000000   Number         0  printf4.o ABSOLUTE
    ../clib/microlib/printf/printf.c         0x00000000   Number         0  printf5.o ABSOLUTE
    ../clib/microlib/printf/printf.c         0x00000000   Number         0  printf6.o ABSOLUTE
    ../clib/microlib/printf/printf.c         0x00000000   Number         0  printf7.o ABSOLUTE
    ../clib/microlib/printf/printf.c         0x00000000   Number         0  printf0.o ABSOLUTE
    ../clib/microlib/printf/printf.c         0x00000000   Number         0  printf2.o ABSOLUTE
    ../clib/microlib/printf/printf.c         0x00000000   Number         0  printf8.o ABSOLUTE
    ../clib/microlib/printf/printf.c         0x00000000   Number         0  printfa.o ABSOLUTE
    ../clib/microlib/printf/printf.c         0x00000000   Number         0  printf1.o ABSOLUTE
    ../clib/microlib/printf/printf.c         0x00000000   Number         0  printfb.o ABSOLUTE
    ../clib/microlib/printf/printf.c         0x00000000   Number         0  printf3.o ABSOLUTE
    ../clib/microlib/printf/stubs.s          0x00000000   Number         0  stubs.o ABSOLUTE
    ../clib/microlib/stdio/streams.c         0x00000000   Number         0  stdout.o ABSOLUTE
    ../clib/microlib/string/memcpy.c         0x00000000   Number         0  memcpyb.o ABSOLUTE
    ../clib/microlib/string/memcpy.c         0x00000000   Number         0  memcpya.o ABSOLUTE
    ../clib/microlib/string/strcat.c         0x00000000   Number         0  strcat.o ABSOLUTE
    ../clib/microlib/stubs.s                 0x00000000   Number         0  iusefp.o ABSOLUTE
    ../fplib/microlib/d2f.c                  0x00000000   Number         0  d2f.o ABSOLUTE
    ../fplib/microlib/fpadd.c                0x00000000   Number         0  dadd.o ABSOLUTE
    ../fplib/microlib/fpadd.c                0x00000000   Number         0  fadd.o ABSOLUTE
    ../fplib/microlib/fpdiv.c                0x00000000   Number         0  ddiv.o ABSOLUTE
    ../fplib/microlib/fpepilogue.c           0x00000000   Number         0  depilogue.o ABSOLUTE
    ../fplib/microlib/fpepilogue.c           0x00000000   Number         0  fepilogue.o ABSOLUTE
    ../fplib/microlib/fpfix.c                0x00000000   Number         0  dfixul.o ABSOLUTE
    ../fplib/microlib/fpflt.c                0x00000000   Number         0  dfltui.o ABSOLUTE
    ../fplib/microlib/fpmul.c                0x00000000   Number         0  dmul.o ABSOLUTE
    ../fplib/microlib/fpmul.c                0x00000000   Number         0  fmul.o ABSOLUTE
    ..\Libraries\CMSIS\CM3\CoreSupport\core_cm3.c 0x00000000   Number         0  core_cm3.o ABSOLUTE
    ..\Libraries\CMSIS\CM3\DeviceSupport\ST\STM32F10x\startup\arm\startup_stm32f10x_md.s 0x00000000   Number         0  startup_stm32f10x_md.o ABSOLUTE
    ..\Libraries\CMSIS\CM3\DeviceSupport\ST\STM32F10x\system_stm32f10x.c 0x00000000   Number         0  system_stm32f10x.o ABSOLUTE
    ..\Libraries\STM32F10x_StdPeriph_Driver\src\misc.c 0x00000000   Number         0  misc.o ABSOLUTE
    ..\Libraries\STM32F10x_StdPeriph_Driver\src\stm32f10x_adc.c 0x00000000   Number         0  stm32f10x_adc.o ABSOLUTE
    ..\Libraries\STM32F10x_StdPeriph_Driver\src\stm32f10x_bkp.c 0x00000000   Number         0  stm32f10x_bkp.o ABSOLUTE
    ..\Libraries\STM32F10x_StdPeriph_Driver\src\stm32f10x_can.c 0x00000000   Number         0  stm32f10x_can.o ABSOLUTE
    ..\Libraries\STM32F10x_StdPeriph_Driver\src\stm32f10x_cec.c 0x00000000   Number         0  stm32f10x_cec.o ABSOLUTE
    ..\Libraries\STM32F10x_StdPeriph_Driver\src\stm32f10x_crc.c 0x00000000   Number         0  stm32f10x_crc.o ABSOLUTE
    ..\Libraries\STM32F10x_StdPeriph_Driver\src\stm32f10x_dac.c 0x00000000   Number         0  stm32f10x_dac.o ABSOLUTE
    ..\Libraries\STM32F10x_StdPeriph_Driver\src\stm32f10x_dbgmcu.c 0x00000000   Number         0  stm32f10x_dbgmcu.o ABSOLUTE
    ..\Libraries\STM32F10x_StdPeriph_Driver\src\stm32f10x_dma.c 0x00000000   Number         0  stm32f10x_dma.o ABSOLUTE
    ..\Libraries\STM32F10x_StdPeriph_Driver\src\stm32f10x_exti.c 0x00000000   Number         0  stm32f10x_exti.o ABSOLUTE
    ..\Libraries\STM32F10x_StdPeriph_Driver\src\stm32f10x_flash.c 0x00000000   Number         0  stm32f10x_flash.o ABSOLUTE
    ..\Libraries\STM32F10x_StdPeriph_Driver\src\stm32f10x_fsmc.c 0x00000000   Number         0  stm32f10x_fsmc.o ABSOLUTE
    ..\Libraries\STM32F10x_StdPeriph_Driver\src\stm32f10x_gpio.c 0x00000000   Number         0  stm32f10x_gpio.o ABSOLUTE
    ..\Libraries\STM32F10x_StdPeriph_Driver\src\stm32f10x_i2c.c 0x00000000   Number         0  stm32f10x_i2c.o ABSOLUTE
    ..\Libraries\STM32F10x_StdPeriph_Driver\src\stm32f10x_iwdg.c 0x00000000   Number         0  stm32f10x_iwdg.o ABSOLUTE
    ..\Libraries\STM32F10x_StdPeriph_Driver\src\stm32f10x_pwr.c 0x00000000   Number         0  stm32f10x_pwr.o ABSOLUTE
    ..\Libraries\STM32F10x_StdPeriph_Driver\src\stm32f10x_rcc.c 0x00000000   Number         0  stm32f10x_rcc.o ABSOLUTE
    ..\Libraries\STM32F10x_StdPeriph_Driver\src\stm32f10x_rtc.c 0x00000000   Number         0  stm32f10x_rtc.o ABSOLUTE
    ..\Libraries\STM32F10x_StdPeriph_Driver\src\stm32f10x_sdio.c 0x00000000   Number         0  stm32f10x_sdio.o ABSOLUTE
    ..\Libraries\STM32F10x_StdPeriph_Driver\src\stm32f10x_spi.c 0x00000000   Number         0  stm32f10x_spi.o ABSOLUTE
    ..\Libraries\STM32F10x_StdPeriph_Driver\src\stm32f10x_tim.c 0x00000000   Number         0  stm32f10x_tim.o ABSOLUTE
    ..\Libraries\STM32F10x_StdPeriph_Driver\src\stm32f10x_usart.c 0x00000000   Number         0  stm32f10x_usart.o ABSOLUTE
    ..\Libraries\STM32F10x_StdPeriph_Driver\src\stm32f10x_wwdg.c 0x00000000   Number         0  stm32f10x_wwdg.o ABSOLUTE
    ..\User\BLE\BLE.c                        0x00000000   Number         0  ble.o ABSOLUTE
    ..\User\DAC\dac.c                        0x00000000   Number         0  dac.o ABSOLUTE
    ..\User\Delay\delay.c                    0x00000000   Number         0  delay.o ABSOLUTE
    ..\User\RC522\rc522_config.c             0x00000000   Number         0  rc522_config.o ABSOLUTE
    ..\User\RC522\rc522_function.c           0x00000000   Number         0  rc522_function.o ABSOLUTE
    ..\User\RFCard\rfcard.c                  0x00000000   Number         0  rfcard.o ABSOLUTE
    ..\User\RTC\rtc.c                        0x00000000   Number         0  rtc.o ABSOLUTE
    ..\User\STMFLASH\stmflash.c              0x00000000   Number         0  stmflash.o ABSOLUTE
    ..\User\TIMER\timer.c                    0x00000000   Number         0  timer.o ABSOLUTE
    ..\User\TSM12\TSM12.c                    0x00000000   Number         0  tsm12.o ABSOLUTE
    ..\User\TSM12\keyboard.c                 0x00000000   Number         0  keyboard.o ABSOLUTE
    ..\User\UT588C\ut588c.c                  0x00000000   Number         0  ut588c.o ABSOLUTE
    ..\User\data\data_def.c                  0x00000000   Number         0  data_def.o ABSOLUTE
    ..\User\led\led.c                        0x00000000   Number         0  led.o ABSOLUTE
    ..\User\main.c                           0x00000000   Number         0  main.o ABSOLUTE
    ..\User\power\power_ctrl.c               0x00000000   Number         0  power_ctrl.o ABSOLUTE
    ..\User\qs808\qs808_drive.c              0x00000000   Number         0  qs808_drive.o ABSOLUTE
    ..\User\qs808\qs808_usart.c              0x00000000   Number         0  qs808_usart.o ABSOLUTE
    ..\User\stm32f10x_it.c                   0x00000000   Number         0  stm32f10x_it.o ABSOLUTE
    ..\User\usart\debug_usart.c              0x00000000   Number         0  debug_usart.o ABSOLUTE
    ..\User\vcc_adc\vcc_adc.c                0x00000000   Number         0  vcc_adc.o ABSOLUTE
    ..\\Libraries\\CMSIS\\CM3\\CoreSupport\\core_cm3.c 0x00000000   Number         0  core_cm3.o ABSOLUTE
    cdrcmple.s                               0x00000000   Number         0  cdrcmple.o ABSOLUTE
    dc.s                                     0x00000000   Number         0  dc.o ABSOLUTE
    handlers.s                               0x00000000   Number         0  handlers.o ABSOLUTE
    init.s                                   0x00000000   Number         0  init.o ABSOLUTE
    RESET                                    0x08000000   Section      236  startup_stm32f10x_md.o(RESET)
    .ARM.Collect$$$$00000000                 0x080000ec   Section        0  entry.o(.ARM.Collect$$$$00000000)
    .ARM.Collect$$$$00000001                 0x080000ec   Section        4  entry2.o(.ARM.Collect$$$$00000001)
    .ARM.Collect$$$$00000004                 0x080000f0   Section        4  entry5.o(.ARM.Collect$$$$00000004)
    .ARM.Collect$$$$00000008                 0x080000f4   Section        0  entry7b.o(.ARM.Collect$$$$00000008)
    .ARM.Collect$$$$0000000A                 0x080000f4   Section        0  entry8b.o(.ARM.Collect$$$$0000000A)
    .ARM.Collect$$$$0000000B                 0x080000f4   Section        8  entry9a.o(.ARM.Collect$$$$0000000B)
    .ARM.Collect$$$$0000000D                 0x080000fc   Section        0  entry10a.o(.ARM.Collect$$$$0000000D)
    .ARM.Collect$$$$0000000F                 0x080000fc   Section        0  entry11a.o(.ARM.Collect$$$$0000000F)
    .ARM.Collect$$$$00002712                 0x080000fc   Section        4  entry2.o(.ARM.Collect$$$$00002712)
    __lit__00000000                          0x080000fc   Data           4  entry2.o(.ARM.Collect$$$$00002712)
    .text                                    0x08000100   Section       36  startup_stm32f10x_md.o(.text)
    .text                                    0x08000124   Section        0  uidiv.o(.text)
    .text                                    0x08000150   Section       36  init.o(.text)
    i.Add_RFCard                             0x08000174   Section        0  rfcard.o(i.Add_RFCard)
    i.BKP_DeInit                             0x0800018c   Section        0  stm32f10x_bkp.o(i.BKP_DeInit)
    i.BKP_ReadBackupRegister                 0x0800019c   Section        0  stm32f10x_bkp.o(i.BKP_ReadBackupRegister)
    i.BKP_WriteBackupRegister                0x080001b8   Section        0  stm32f10x_bkp.o(i.BKP_WriteBackupRegister)
    i.BLE_init                               0x080001d4   Section        0  ble.o(i.BLE_init)
    i.BusFault_Handler                       0x080002a8   Section        0  stm32f10x_it.o(i.BusFault_Handler)
    i.ClearBitMask                           0x080002ac   Section        0  rc522_function.o(i.ClearBitMask)
    i.DebugMon_Handler                       0x080002c6   Section        0  stm32f10x_it.o(i.DebugMon_Handler)
    i.EXTI9_5_IRQHandler                     0x080002c8   Section        0  stm32f10x_it.o(i.EXTI9_5_IRQHandler)
    i.EXTI_ClearITPendingBit                 0x080002d4   Section        0  stm32f10x_exti.o(i.EXTI_ClearITPendingBit)
    i.EXTI_Init                              0x080002e0   Section        0  stm32f10x_exti.o(i.EXTI_Init)
    i.GPIO_EXTILineConfig                    0x08000374   Section        0  stm32f10x_gpio.o(i.GPIO_EXTILineConfig)
    i.GPIO_Init                              0x080003b4   Section        0  stm32f10x_gpio.o(i.GPIO_Init)
    i.GPIO_ResetBits                         0x080004ca   Section        0  stm32f10x_gpio.o(i.GPIO_ResetBits)
    i.GPIO_SetBits                           0x080004ce   Section        0  stm32f10x_gpio.o(i.GPIO_SetBits)
    i.HardFault_Handler                      0x080004d2   Section        0  stm32f10x_it.o(i.HardFault_Handler)
    i.IC_test                                0x080004d6   Section        0  rc522_function.o(i.IC_test)
    i.Is_Leap_Year                           0x08000526   Section        0  rtc.o(i.Is_Leap_Year)
    i.M500PcdConfigISOType                   0x08000560   Section        0  rc522_function.o(i.M500PcdConfigISOType)
    i.MemManage_Handler                      0x080005c4   Section        0  stm32f10x_it.o(i.MemManage_Handler)
    i.NMI_Handler                            0x080005c8   Section        0  stm32f10x_it.o(i.NMI_Handler)
    i.NVIC_Configuration                     0x080005ca   Section        0  debug_usart.o(i.NVIC_Configuration)
    NVIC_Configuration                       0x080005cb   Thumb Code    42  debug_usart.o(i.NVIC_Configuration)
    i.NVIC_Init                              0x080005f4   Section        0  misc.o(i.NVIC_Init)
    i.NVIC_PriorityGroupConfig               0x08000664   Section        0  misc.o(i.NVIC_PriorityGroupConfig)
    i.PWR_BackupAccessCmd                    0x08000678   Section        0  stm32f10x_pwr.o(i.PWR_BackupAccessCmd)
    i.PcdAntennaOff                          0x08000684   Section        0  rc522_function.o(i.PcdAntennaOff)
    i.PcdAntennaOn                           0x08000690   Section        0  rc522_function.o(i.PcdAntennaOn)
    i.PcdAnticoll                            0x080006aa   Section        0  rc522_function.o(i.PcdAnticoll)
    i.PcdComMF522                            0x0800071c   Section        0  rc522_function.o(i.PcdComMF522)
    i.PcdRequest                             0x0800084e   Section        0  rc522_function.o(i.PcdRequest)
    i.PcdReset                               0x080008a4   Section        0  rc522_function.o(i.PcdReset)
    i.PendSV_Handler                         0x08000924   Section        0  stm32f10x_it.o(i.PendSV_Handler)
    i.RC522_Init                             0x08000928   Section        0  rc522_config.o(i.RC522_Init)
    i.RC522_SPI_Config                       0x08000968   Section        0  rc522_config.o(i.RC522_SPI_Config)
    RC522_SPI_Config                         0x08000969   Thumb Code    74  rc522_config.o(i.RC522_SPI_Config)
    i.RC522_USART_Init                       0x080009b8   Section        0  rc522_config.o(i.RC522_USART_Init)
    i.RCC_APB1PeriphClockCmd                 0x08000a3c   Section        0  stm32f10x_rcc.o(i.RCC_APB1PeriphClockCmd)
    i.RCC_APB1PeriphResetCmd                 0x08000a5c   Section        0  stm32f10x_rcc.o(i.RCC_APB1PeriphResetCmd)
    i.RCC_APB2PeriphClockCmd                 0x08000a7c   Section        0  stm32f10x_rcc.o(i.RCC_APB2PeriphClockCmd)
    i.RCC_APB2PeriphResetCmd                 0x08000a9c   Section        0  stm32f10x_rcc.o(i.RCC_APB2PeriphResetCmd)
    i.RCC_BackupResetCmd                     0x08000abc   Section        0  stm32f10x_rcc.o(i.RCC_BackupResetCmd)
    i.RCC_GetClocksFreq                      0x08000ac8   Section        0  stm32f10x_rcc.o(i.RCC_GetClocksFreq)
    i.RCC_GetFlagStatus                      0x08000b9c   Section        0  stm32f10x_rcc.o(i.RCC_GetFlagStatus)
    i.RCC_LSEConfig                          0x08000bd8   Section        0  stm32f10x_rcc.o(i.RCC_LSEConfig)
    i.RCC_RTCCLKCmd                          0x08000c0c   Section        0  stm32f10x_rcc.o(i.RCC_RTCCLKCmd)
    i.RCC_RTCCLKConfig                       0x08000c18   Section        0  stm32f10x_rcc.o(i.RCC_RTCCLKConfig)
    i.RTC_ClearITPendingBit                  0x08000c28   Section        0  stm32f10x_rtc.o(i.RTC_ClearITPendingBit)
    i.RTC_EnterConfigMode                    0x08000c38   Section        0  stm32f10x_rtc.o(i.RTC_EnterConfigMode)
    i.RTC_ExitConfigMode                     0x08000c4c   Section        0  stm32f10x_rtc.o(i.RTC_ExitConfigMode)
    i.RTC_Get                                0x08000c60   Section        0  rtc.o(i.RTC_Get)
    i.RTC_GetCounter                         0x08000d60   Section        0  stm32f10x_rtc.o(i.RTC_GetCounter)
    i.RTC_GetITStatus                        0x08000d74   Section        0  stm32f10x_rtc.o(i.RTC_GetITStatus)
    i.RTC_Get_Week                           0x08000d98   Section        0  rtc.o(i.RTC_Get_Week)
    i.RTC_IRQHandler                         0x08000e10   Section        0  rtc.o(i.RTC_IRQHandler)
    i.RTC_ITConfig                           0x08000e8c   Section        0  stm32f10x_rtc.o(i.RTC_ITConfig)
    i.RTC_Init                               0x08000eac   Section        0  rtc.o(i.RTC_Init)
    i.RTC_NVIC_Config                        0x08000f6a   Section        0  rtc.o(i.RTC_NVIC_Config)
    RTC_NVIC_Config                          0x08000f6b   Thumb Code    32  rtc.o(i.RTC_NVIC_Config)
    i.RTC_Set                                0x08000f8c   Section        0  rtc.o(i.RTC_Set)
    i.RTC_SetCounter                         0x08001054   Section        0  stm32f10x_rtc.o(i.RTC_SetCounter)
    i.RTC_SetPrescaler                       0x08001070   Section        0  stm32f10x_rtc.o(i.RTC_SetPrescaler)
    i.RTC_WaitForLastTask                    0x08001090   Section        0  stm32f10x_rtc.o(i.RTC_WaitForLastTask)
    i.RTC_WaitForSynchro                     0x080010a4   Section        0  stm32f10x_rtc.o(i.RTC_WaitForSynchro)
    i.ReadRawRC                              0x080010c8   Section        0  rc522_function.o(i.ReadRawRC)
    i.SVC_Handler                            0x080010ec   Section        0  stm32f10x_it.o(i.SVC_Handler)
    i.SetBitMask                             0x080010ee   Section        0  rc522_function.o(i.SetBitMask)
    i.SetSysClock                            0x08001108   Section        0  system_stm32f10x.o(i.SetSysClock)
    SetSysClock                              0x08001109   Thumb Code     8  system_stm32f10x.o(i.SetSysClock)
    i.SetSysClockTo72                        0x08001110   Section        0  system_stm32f10x.o(i.SetSysClockTo72)
    SetSysClockTo72                          0x08001111   Thumb Code   214  system_stm32f10x.o(i.SetSysClockTo72)
    i.SysTick_CLKSourceConfig                0x080011f0   Section        0  misc.o(i.SysTick_CLKSourceConfig)
    i.SysTick_Handler                        0x08001218   Section        0  stm32f10x_it.o(i.SysTick_Handler)
    i.SystemInit                             0x0800121c   Section        0  system_stm32f10x.o(i.SystemInit)
    i.TIM3_IRQHandler                        0x0800127c   Section        0  timer.o(i.TIM3_IRQHandler)
    i.TIM3_Int_Init                          0x080012a4   Section        0  timer.o(i.TIM3_Int_Init)
    i.TIM_ClearITPendingBit                  0x08001304   Section        0  stm32f10x_tim.o(i.TIM_ClearITPendingBit)
    i.TIM_Cmd                                0x0800130a   Section        0  stm32f10x_tim.o(i.TIM_Cmd)
    i.TIM_GetITStatus                        0x08001322   Section        0  stm32f10x_tim.o(i.TIM_GetITStatus)
    i.TIM_ITConfig                           0x08001344   Section        0  stm32f10x_tim.o(i.TIM_ITConfig)
    i.TIM_TimeBaseInit                       0x08001358   Section        0  stm32f10x_tim.o(i.TIM_TimeBaseInit)
    i.USART1_IRQHandler                      0x080013fc   Section        0  stm32f10x_it.o(i.USART1_IRQHandler)
    i.USART3_IRQHandler                      0x08001458   Section        0  rc522_config.o(i.USART3_IRQHandler)
    i.USART_Cmd                              0x08001488   Section        0  stm32f10x_usart.o(i.USART_Cmd)
    i.USART_DeInit                           0x080014a0   Section        0  stm32f10x_usart.o(i.USART_DeInit)
    i.USART_GetFlagStatus                    0x0800153c   Section        0  stm32f10x_usart.o(i.USART_GetFlagStatus)
    i.USART_GetITStatus                      0x08001556   Section        0  stm32f10x_usart.o(i.USART_GetITStatus)
    i.USART_ITConfig                         0x080015aa   Section        0  stm32f10x_usart.o(i.USART_ITConfig)
    i.USART_Init                             0x080015f4   Section        0  stm32f10x_usart.o(i.USART_Init)
    i.USART_ReceiveData                      0x080016cc   Section        0  stm32f10x_usart.o(i.USART_ReceiveData)
    i.USART_SendData                         0x080016d6   Section        0  stm32f10x_usart.o(i.USART_SendData)
    i.Uart_RC522_SendByte                    0x080016e0   Section        0  rc522_function.o(i.Uart_RC522_SendByte)
    i.UsageFault_Handler                     0x080016f4   Section        0  stm32f10x_it.o(i.UsageFault_Handler)
    i.Usart_RecvByte                         0x080016f8   Section        0  debug_usart.o(i.Usart_RecvByte)
    i.Usart_SendByte                         0x08001734   Section        0  debug_usart.o(i.Usart_SendByte)
    i.Usart_SendUserId                       0x08001774   Section        0  debug_usart.o(i.Usart_SendUserId)
    i.Userid2Ascii                           0x0800179a   Section        0  data_def.o(i.Userid2Ascii)
    i.WriteRawRC                             0x080017d8   Section        0  rc522_function.o(i.WriteRawRC)
    i.__0printf$3                            0x080017fc   Section        0  printf3.o(i.__0printf$3)
    i.__scatterload_copy                     0x0800181c   Section       14  handlers.o(i.__scatterload_copy)
    i.__scatterload_null                     0x0800182a   Section        2  handlers.o(i.__scatterload_null)
    i.__scatterload_zeroinit                 0x0800182c   Section       14  handlers.o(i.__scatterload_zeroinit)
    i._printf_core                           0x0800183c   Section        0  printf3.o(i._printf_core)
    _printf_core                             0x0800183d   Thumb Code   436  printf3.o(i._printf_core)
    i.debug_usart_init                       0x080019f4   Section        0  debug_usart.o(i.debug_usart_init)
    i.delay_init                             0x08001a9c   Section        0  delay.o(i.delay_init)
    i.delay_ms                               0x08001ae0   Section        0  delay.o(i.delay_ms)
    i.delay_us                               0x08001b2c   Section        0  delay.o(i.delay_us)
    i.fputc                                  0x08001b78   Section        0  debug_usart.o(i.fputc)
    i.main                                   0x08001b9c   Section        0  main.o(i.main)
    i.pUsart_SendByte                        0x08001be4   Section        0  debug_usart.o(i.pUsart_SendByte)
    i.power_ctrl_init                        0x08001c04   Section        0  power_ctrl.o(i.power_ctrl_init)
    i.uart_error                             0x08001c48   Section        0  debug_usart.o(i.uart_error)
    .constdata                               0x08001c4e   Section       24  rtc.o(.constdata)
    .data                                    0x20000000   Section       20  system_stm32f10x.o(.data)
    .data                                    0x20000014   Section       20  stm32f10x_rcc.o(.data)
    APBAHBPrescTable                         0x20000014   Data          16  stm32f10x_rcc.o(.data)
    ADCPrescTable                            0x20000024   Data           4  stm32f10x_rcc.o(.data)
    .data                                    0x20000028   Section        4  stm32f10x_it.o(.data)
    .data                                    0x2000002c   Section        4  debug_usart.o(.data)
    UARTTimeout                              0x2000002c   Data           4  debug_usart.o(.data)
    .data                                    0x20000030   Section        4  delay.o(.data)
    fac_us                                   0x20000030   Data           1  delay.o(.data)
    fac_ms                                   0x20000032   Data           2  delay.o(.data)
    .data                                    0x20000034   Section        4  rtc.o(.data)
    daycnt                                   0x20000036   Data           2  rtc.o(.data)
    .data                                    0x20000038   Section        2  rc522_config.o(.data)
    .data                                    0x2000003c   Section        4  timer.o(.data)
    .data                                    0x20000040   Section        4  stdout.o(.data)
    .bss                                     0x20000044   Section       12  stm32f10x_it.o(.bss)
    .bss                                     0x20000050   Section       10  rtc.o(.bss)
    STACK                                    0x20000060   Section     1024  startup_stm32f10x_md.o(STACK)

    Global Symbols

    Symbol Name                              Value     Ov Type        Size  Object(Section)

    BuildAttributes$$THM_ISAv4$P$D$K$B$S$PE$A:L22UL41UL21$X:L11$S22US41US21$IEEE1$IW$USESV6$~STKCKD$USESV7$~SHL$OTIME$ROPI$EBA8$MICROLIB$REQ8$PRES8$EABIv2 0x00000000   Number         0  anon$$obj.o ABSOLUTE
    __ARM_use_no_argv                        0x00000000   Number         0  main.o ABSOLUTE
    _printf_a                                0x00000000   Number         0  stubs.o ABSOLUTE
    _printf_c                                0x00000000   Number         0  stubs.o ABSOLUTE
    _printf_charcount                        0x00000000   Number         0  stubs.o ABSOLUTE
    _printf_d                                0x00000000   Number         0  stubs.o ABSOLUTE
    _printf_e                                0x00000000   Number         0  stubs.o ABSOLUTE
    _printf_f                                0x00000000   Number         0  stubs.o ABSOLUTE
    _printf_flags                            0x00000000   Number         0  stubs.o ABSOLUTE
    _printf_fp_dec                           0x00000000   Number         0  stubs.o ABSOLUTE
    _printf_fp_hex                           0x00000000   Number         0  stubs.o ABSOLUTE
    _printf_g                                0x00000000   Number         0  stubs.o ABSOLUTE
    _printf_i                                0x00000000   Number         0  stubs.o ABSOLUTE
    _printf_int_dec                          0x00000000   Number         0  stubs.o ABSOLUTE
    _printf_l                                0x00000000   Number         0  stubs.o ABSOLUTE
    _printf_lc                               0x00000000   Number         0  stubs.o ABSOLUTE
    _printf_ll                               0x00000000   Number         0  stubs.o ABSOLUTE
    _printf_lld                              0x00000000   Number         0  stubs.o ABSOLUTE
    _printf_lli                              0x00000000   Number         0  stubs.o ABSOLUTE
    _printf_llo                              0x00000000   Number         0  stubs.o ABSOLUTE
    _printf_llu                              0x00000000   Number         0  stubs.o ABSOLUTE
    _printf_llx                              0x00000000   Number         0  stubs.o ABSOLUTE
    _printf_longlong_dec                     0x00000000   Number         0  stubs.o ABSOLUTE
    _printf_longlong_hex                     0x00000000   Number         0  stubs.o ABSOLUTE
    _printf_longlong_oct                     0x00000000   Number         0  stubs.o ABSOLUTE
    _printf_ls                               0x00000000   Number         0  stubs.o ABSOLUTE
    _printf_mbtowc                           0x00000000   Number         0  stubs.o ABSOLUTE
    _printf_n                                0x00000000   Number         0  stubs.o ABSOLUTE
    _printf_o                                0x00000000   Number         0  stubs.o ABSOLUTE
    _printf_p                                0x00000000   Number         0  stubs.o ABSOLUTE
    _printf_percent                          0x00000000   Number         0  stubs.o ABSOLUTE
    _printf_pre_padding                      0x00000000   Number         0  stubs.o ABSOLUTE
    _printf_return_value                     0x00000000   Number         0  stubs.o ABSOLUTE
    _printf_s                                0x00000000   Number         0  stubs.o ABSOLUTE
    _printf_sizespec                         0x00000000   Number         0  stubs.o ABSOLUTE
    _printf_str                              0x00000000   Number         0  stubs.o ABSOLUTE
    _printf_truncate_signed                  0x00000000   Number         0  stubs.o ABSOLUTE
    _printf_truncate_unsigned                0x00000000   Number         0  stubs.o ABSOLUTE
    _printf_u                                0x00000000   Number         0  stubs.o ABSOLUTE
    _printf_wc                               0x00000000   Number         0  stubs.o ABSOLUTE
    _printf_wctomb                           0x00000000   Number         0  stubs.o ABSOLUTE
    _printf_widthprec                        0x00000000   Number         0  stubs.o ABSOLUTE
    _printf_x                                0x00000000   Number         0  stubs.o ABSOLUTE
    __cpp_initialize__aeabi_                  - Undefined Weak Reference
    __cxa_finalize                            - Undefined Weak Reference
    __decompress                              - Undefined Weak Reference
    _clock_init                               - Undefined Weak Reference
    _microlib_exit                            - Undefined Weak Reference
    __Vectors_Size                           0x000000ec   Number         0  startup_stm32f10x_md.o ABSOLUTE
    __Vectors                                0x08000000   Data           4  startup_stm32f10x_md.o(RESET)
    __Vectors_End                            0x080000ec   Data           0  startup_stm32f10x_md.o(RESET)
    __main                                   0x080000ed   Thumb Code     0  entry.o(.ARM.Collect$$$$00000000)
    _main_stk                                0x080000ed   Thumb Code     0  entry2.o(.ARM.Collect$$$$00000001)
    _main_scatterload                        0x080000f1   Thumb Code     0  entry5.o(.ARM.Collect$$$$00000004)
    __main_after_scatterload                 0x080000f5   Thumb Code     0  entry5.o(.ARM.Collect$$$$00000004)
    _main_clock                              0x080000f5   Thumb Code     0  entry7b.o(.ARM.Collect$$$$00000008)
    _main_cpp_init                           0x080000f5   Thumb Code     0  entry8b.o(.ARM.Collect$$$$0000000A)
    _main_init                               0x080000f5   Thumb Code     0  entry9a.o(.ARM.Collect$$$$0000000B)
    __rt_final_cpp                           0x080000fd   Thumb Code     0  entry10a.o(.ARM.Collect$$$$0000000D)
    __rt_final_exit                          0x080000fd   Thumb Code     0  entry11a.o(.ARM.Collect$$$$0000000F)
    Reset_Handler                            0x08000101   Thumb Code     8  startup_stm32f10x_md.o(.text)
    ADC1_2_IRQHandler                        0x0800011b   Thumb Code     0  startup_stm32f10x_md.o(.text)
    CAN1_RX1_IRQHandler                      0x0800011b   Thumb Code     0  startup_stm32f10x_md.o(.text)
    CAN1_SCE_IRQHandler                      0x0800011b   Thumb Code     0  startup_stm32f10x_md.o(.text)
    DMA1_Channel1_IRQHandler                 0x0800011b   Thumb Code     0  startup_stm32f10x_md.o(.text)
    DMA1_Channel2_IRQHandler                 0x0800011b   Thumb Code     0  startup_stm32f10x_md.o(.text)
    DMA1_Channel3_IRQHandler                 0x0800011b   Thumb Code     0  startup_stm32f10x_md.o(.text)
    DMA1_Channel4_IRQHandler                 0x0800011b   Thumb Code     0  startup_stm32f10x_md.o(.text)
    DMA1_Channel5_IRQHandler                 0x0800011b   Thumb Code     0  startup_stm32f10x_md.o(.text)
    DMA1_Channel6_IRQHandler                 0x0800011b   Thumb Code     0  startup_stm32f10x_md.o(.text)
    DMA1_Channel7_IRQHandler                 0x0800011b   Thumb Code     0  startup_stm32f10x_md.o(.text)
    EXTI0_IRQHandler                         0x0800011b   Thumb Code     0  startup_stm32f10x_md.o(.text)
    EXTI15_10_IRQHandler                     0x0800011b   Thumb Code     0  startup_stm32f10x_md.o(.text)
    EXTI1_IRQHandler                         0x0800011b   Thumb Code     0  startup_stm32f10x_md.o(.text)
    EXTI2_IRQHandler                         0x0800011b   Thumb Code     0  startup_stm32f10x_md.o(.text)
    EXTI3_IRQHandler                         0x0800011b   Thumb Code     0  startup_stm32f10x_md.o(.text)
    EXTI4_IRQHandler                         0x0800011b   Thumb Code     0  startup_stm32f10x_md.o(.text)
    FLASH_IRQHandler                         0x0800011b   Thumb Code     0  startup_stm32f10x_md.o(.text)
    I2C1_ER_IRQHandler                       0x0800011b   Thumb Code     0  startup_stm32f10x_md.o(.text)
    I2C1_EV_IRQHandler                       0x0800011b   Thumb Code     0  startup_stm32f10x_md.o(.text)
    I2C2_ER_IRQHandler                       0x0800011b   Thumb Code     0  startup_stm32f10x_md.o(.text)
    I2C2_EV_IRQHandler                       0x0800011b   Thumb Code     0  startup_stm32f10x_md.o(.text)
    PVD_IRQHandler                           0x0800011b   Thumb Code     0  startup_stm32f10x_md.o(.text)
    RCC_IRQHandler                           0x0800011b   Thumb Code     0  startup_stm32f10x_md.o(.text)
    RTCAlarm_IRQHandler                      0x0800011b   Thumb Code     0  startup_stm32f10x_md.o(.text)
    SPI1_IRQHandler                          0x0800011b   Thumb Code     0  startup_stm32f10x_md.o(.text)
    SPI2_IRQHandler                          0x0800011b   Thumb Code     0  startup_stm32f10x_md.o(.text)
    TAMPER_IRQHandler                        0x0800011b   Thumb Code     0  startup_stm32f10x_md.o(.text)
    TIM1_BRK_IRQHandler                      0x0800011b   Thumb Code     0  startup_stm32f10x_md.o(.text)
    TIM1_CC_IRQHandler                       0x0800011b   Thumb Code     0  startup_stm32f10x_md.o(.text)
    TIM1_TRG_COM_IRQHandler                  0x0800011b   Thumb Code     0  startup_stm32f10x_md.o(.text)
    TIM1_UP_IRQHandler                       0x0800011b   Thumb Code     0  startup_stm32f10x_md.o(.text)
    TIM2_IRQHandler                          0x0800011b   Thumb Code     0  startup_stm32f10x_md.o(.text)
    TIM4_IRQHandler                          0x0800011b   Thumb Code     0  startup_stm32f10x_md.o(.text)
    USART2_IRQHandler                        0x0800011b   Thumb Code     0  startup_stm32f10x_md.o(.text)
    USBWakeUp_IRQHandler                     0x0800011b   Thumb Code     0  startup_stm32f10x_md.o(.text)
    USB_HP_CAN1_TX_IRQHandler                0x0800011b   Thumb Code     0  startup_stm32f10x_md.o(.text)
    USB_LP_CAN1_RX0_IRQHandler               0x0800011b   Thumb Code     0  startup_stm32f10x_md.o(.text)
    WWDG_IRQHandler                          0x0800011b   Thumb Code     0  startup_stm32f10x_md.o(.text)
    __aeabi_uidiv                            0x08000125   Thumb Code     0  uidiv.o(.text)
    __aeabi_uidivmod                         0x08000125   Thumb Code    44  uidiv.o(.text)
    __scatterload                            0x08000151   Thumb Code    28  init.o(.text)
    __scatterload_rt2                        0x08000151   Thumb Code     0  init.o(.text)
    Add_RFCard                               0x08000175   Thumb Code    24  rfcard.o(i.Add_RFCard)
    BKP_DeInit                               0x0800018d   Thumb Code    16  stm32f10x_bkp.o(i.BKP_DeInit)
    BKP_ReadBackupRegister                   0x0800019d   Thumb Code    24  stm32f10x_bkp.o(i.BKP_ReadBackupRegister)
    BKP_WriteBackupRegister                  0x080001b9   Thumb Code    22  stm32f10x_bkp.o(i.BKP_WriteBackupRegister)
    BLE_init                                 0x080001d5   Thumb Code   204  ble.o(i.BLE_init)
    BusFault_Handler                         0x080002a9   Thumb Code     4  stm32f10x_it.o(i.BusFault_Handler)
    ClearBitMask                             0x080002ad   Thumb Code    26  rc522_function.o(i.ClearBitMask)
    DebugMon_Handler                         0x080002c7   Thumb Code     2  stm32f10x_it.o(i.DebugMon_Handler)
    EXTI9_5_IRQHandler                       0x080002c9   Thumb Code    12  stm32f10x_it.o(i.EXTI9_5_IRQHandler)
    EXTI_ClearITPendingBit                   0x080002d5   Thumb Code     6  stm32f10x_exti.o(i.EXTI_ClearITPendingBit)
    EXTI_Init                                0x080002e1   Thumb Code   142  stm32f10x_exti.o(i.EXTI_Init)
    GPIO_EXTILineConfig                      0x08000375   Thumb Code    60  stm32f10x_gpio.o(i.GPIO_EXTILineConfig)
    GPIO_Init                                0x080003b5   Thumb Code   278  stm32f10x_gpio.o(i.GPIO_Init)
    GPIO_ResetBits                           0x080004cb   Thumb Code     4  stm32f10x_gpio.o(i.GPIO_ResetBits)
    GPIO_SetBits                             0x080004cf   Thumb Code     4  stm32f10x_gpio.o(i.GPIO_SetBits)
    HardFault_Handler                        0x080004d3   Thumb Code     4  stm32f10x_it.o(i.HardFault_Handler)
    IC_test                                  0x080004d7   Thumb Code    80  rc522_function.o(i.IC_test)
    Is_Leap_Year                             0x08000527   Thumb Code    58  rtc.o(i.Is_Leap_Year)
    M500PcdConfigISOType                     0x08000561   Thumb Code   100  rc522_function.o(i.M500PcdConfigISOType)
    MemManage_Handler                        0x080005c5   Thumb Code     4  stm32f10x_it.o(i.MemManage_Handler)
    NMI_Handler                              0x080005c9   Thumb Code     2  stm32f10x_it.o(i.NMI_Handler)
    NVIC_Init                                0x080005f5   Thumb Code   100  misc.o(i.NVIC_Init)
    NVIC_PriorityGroupConfig                 0x08000665   Thumb Code    10  misc.o(i.NVIC_PriorityGroupConfig)
    PWR_BackupAccessCmd                      0x08000679   Thumb Code     6  stm32f10x_pwr.o(i.PWR_BackupAccessCmd)
    PcdAntennaOff                            0x08000685   Thumb Code    12  rc522_function.o(i.PcdAntennaOff)
    PcdAntennaOn                             0x08000691   Thumb Code    26  rc522_function.o(i.PcdAntennaOn)
    PcdAnticoll                              0x080006ab   Thumb Code   114  rc522_function.o(i.PcdAnticoll)
    PcdComMF522                              0x0800071d   Thumb Code   306  rc522_function.o(i.PcdComMF522)
    PcdRequest                               0x0800084f   Thumb Code    86  rc522_function.o(i.PcdRequest)
    PcdReset                                 0x080008a5   Thumb Code   124  rc522_function.o(i.PcdReset)
    PendSV_Handler                           0x08000925   Thumb Code     2  stm32f10x_it.o(i.PendSV_Handler)
    RC522_Init                               0x08000929   Thumb Code    58  rc522_config.o(i.RC522_Init)
    RC522_USART_Init                         0x080009b9   Thumb Code   122  rc522_config.o(i.RC522_USART_Init)
    RCC_APB1PeriphClockCmd                   0x08000a3d   Thumb Code    26  stm32f10x_rcc.o(i.RCC_APB1PeriphClockCmd)
    RCC_APB1PeriphResetCmd                   0x08000a5d   Thumb Code    26  stm32f10x_rcc.o(i.RCC_APB1PeriphResetCmd)
    RCC_APB2PeriphClockCmd                   0x08000a7d   Thumb Code    26  stm32f10x_rcc.o(i.RCC_APB2PeriphClockCmd)
    RCC_APB2PeriphResetCmd                   0x08000a9d   Thumb Code    26  stm32f10x_rcc.o(i.RCC_APB2PeriphResetCmd)
    RCC_BackupResetCmd                       0x08000abd   Thumb Code     6  stm32f10x_rcc.o(i.RCC_BackupResetCmd)
    RCC_GetClocksFreq                        0x08000ac9   Thumb Code   192  stm32f10x_rcc.o(i.RCC_GetClocksFreq)
    RCC_GetFlagStatus                        0x08000b9d   Thumb Code    56  stm32f10x_rcc.o(i.RCC_GetFlagStatus)
    RCC_LSEConfig                            0x08000bd9   Thumb Code    46  stm32f10x_rcc.o(i.RCC_LSEConfig)
    RCC_RTCCLKCmd                            0x08000c0d   Thumb Code     6  stm32f10x_rcc.o(i.RCC_RTCCLKCmd)
    RCC_RTCCLKConfig                         0x08000c19   Thumb Code    12  stm32f10x_rcc.o(i.RCC_RTCCLKConfig)
    RTC_ClearITPendingBit                    0x08000c29   Thumb Code    12  stm32f10x_rtc.o(i.RTC_ClearITPendingBit)
    RTC_EnterConfigMode                      0x08000c39   Thumb Code    14  stm32f10x_rtc.o(i.RTC_EnterConfigMode)
    RTC_ExitConfigMode                       0x08000c4d   Thumb Code    16  stm32f10x_rtc.o(i.RTC_ExitConfigMode)
    RTC_Get                                  0x08000c61   Thumb Code   240  rtc.o(i.RTC_Get)
    RTC_GetCounter                           0x08000d61   Thumb Code    16  stm32f10x_rtc.o(i.RTC_GetCounter)
    RTC_GetITStatus                          0x08000d75   Thumb Code    32  stm32f10x_rtc.o(i.RTC_GetITStatus)
    RTC_Get_Week                             0x08000d99   Thumb Code   116  rtc.o(i.RTC_Get_Week)
    RTC_IRQHandler                           0x08000e11   Thumb Code    82  rtc.o(i.RTC_IRQHandler)
    RTC_ITConfig                             0x08000e8d   Thumb Code    26  stm32f10x_rtc.o(i.RTC_ITConfig)
    RTC_Init                                 0x08000ead   Thumb Code   190  rtc.o(i.RTC_Init)
    RTC_Set                                  0x08000f8d   Thumb Code   184  rtc.o(i.RTC_Set)
    RTC_SetCounter                           0x08001055   Thumb Code    24  stm32f10x_rtc.o(i.RTC_SetCounter)
    RTC_SetPrescaler                         0x08001071   Thumb Code    26  stm32f10x_rtc.o(i.RTC_SetPrescaler)
    RTC_WaitForLastTask                      0x08001091   Thumb Code    16  stm32f10x_rtc.o(i.RTC_WaitForLastTask)
    RTC_WaitForSynchro                       0x080010a5   Thumb Code    30  stm32f10x_rtc.o(i.RTC_WaitForSynchro)
    ReadRawRC                                0x080010c9   Thumb Code    30  rc522_function.o(i.ReadRawRC)
    SVC_Handler                              0x080010ed   Thumb Code     2  stm32f10x_it.o(i.SVC_Handler)
    SetBitMask                               0x080010ef   Thumb Code    26  rc522_function.o(i.SetBitMask)
    SysTick_CLKSourceConfig                  0x080011f1   Thumb Code    40  misc.o(i.SysTick_CLKSourceConfig)
    SysTick_Handler                          0x08001219   Thumb Code     2  stm32f10x_it.o(i.SysTick_Handler)
    SystemInit                               0x0800121d   Thumb Code    78  system_stm32f10x.o(i.SystemInit)
    TIM3_IRQHandler                          0x0800127d   Thumb Code    32  timer.o(i.TIM3_IRQHandler)
    TIM3_Int_Init                            0x080012a5   Thumb Code    90  timer.o(i.TIM3_Int_Init)
    TIM_ClearITPendingBit                    0x08001305   Thumb Code     6  stm32f10x_tim.o(i.TIM_ClearITPendingBit)
    TIM_Cmd                                  0x0800130b   Thumb Code    24  stm32f10x_tim.o(i.TIM_Cmd)
    TIM_GetITStatus                          0x08001323   Thumb Code    34  stm32f10x_tim.o(i.TIM_GetITStatus)
    TIM_ITConfig                             0x08001345   Thumb Code    18  stm32f10x_tim.o(i.TIM_ITConfig)
    TIM_TimeBaseInit                         0x08001359   Thumb Code   122  stm32f10x_tim.o(i.TIM_TimeBaseInit)
    USART1_IRQHandler                        0x080013fd   Thumb Code    76  stm32f10x_it.o(i.USART1_IRQHandler)
    USART3_IRQHandler                        0x08001459   Thumb Code    34  rc522_config.o(i.USART3_IRQHandler)
    USART_Cmd                                0x08001489   Thumb Code    24  stm32f10x_usart.o(i.USART_Cmd)
    USART_DeInit                             0x080014a1   Thumb Code   134  stm32f10x_usart.o(i.USART_DeInit)
    USART_GetFlagStatus                      0x0800153d   Thumb Code    26  stm32f10x_usart.o(i.USART_GetFlagStatus)
    USART_GetITStatus                        0x08001557   Thumb Code    84  stm32f10x_usart.o(i.USART_GetITStatus)
    USART_ITConfig                           0x080015ab   Thumb Code    74  stm32f10x_usart.o(i.USART_ITConfig)
    USART_Init                               0x080015f5   Thumb Code   210  stm32f10x_usart.o(i.USART_Init)
    USART_ReceiveData                        0x080016cd   Thumb Code    10  stm32f10x_usart.o(i.USART_ReceiveData)
    USART_SendData                           0x080016d7   Thumb Code     8  stm32f10x_usart.o(i.USART_SendData)
    Uart_RC522_SendByte                      0x080016e1   Thumb Code    14  rc522_function.o(i.Uart_RC522_SendByte)
    UsageFault_Handler                       0x080016f5   Thumb Code     4  stm32f10x_it.o(i.UsageFault_Handler)
    Usart_RecvByte                           0x080016f9   Thumb Code    52  debug_usart.o(i.Usart_RecvByte)
    Usart_SendByte                           0x08001735   Thumb Code    56  debug_usart.o(i.Usart_SendByte)
    Usart_SendUserId                         0x08001775   Thumb Code    38  debug_usart.o(i.Usart_SendUserId)
    Userid2Ascii                             0x0800179b   Thumb Code    60  data_def.o(i.Userid2Ascii)
    WriteRawRC                               0x080017d9   Thumb Code    30  rc522_function.o(i.WriteRawRC)
    __0printf$3                              0x080017fd   Thumb Code    22  printf3.o(i.__0printf$3)
    __1printf$3                              0x080017fd   Thumb Code     0  printf3.o(i.__0printf$3)
    __2printf                                0x080017fd   Thumb Code     0  printf3.o(i.__0printf$3)
    __scatterload_copy                       0x0800181d   Thumb Code    14  handlers.o(i.__scatterload_copy)
    __scatterload_null                       0x0800182b   Thumb Code     2  handlers.o(i.__scatterload_null)
    __scatterload_zeroinit                   0x0800182d   Thumb Code    14  handlers.o(i.__scatterload_zeroinit)
    debug_usart_init                         0x080019f5   Thumb Code   160  debug_usart.o(i.debug_usart_init)
    delay_init                               0x08001a9d   Thumb Code    50  delay.o(i.delay_init)
    delay_ms                                 0x08001ae1   Thumb Code    72  delay.o(i.delay_ms)
    delay_us                                 0x08001b2d   Thumb Code    72  delay.o(i.delay_us)
    fputc                                    0x08001b79   Thumb Code    32  debug_usart.o(i.fputc)
    main                                     0x08001b9d   Thumb Code    62  main.o(i.main)
    pUsart_SendByte                          0x08001be5   Thumb Code    30  debug_usart.o(i.pUsart_SendByte)
    power_ctrl_init                          0x08001c05   Thumb Code    64  power_ctrl.o(i.power_ctrl_init)
    uart_error                               0x08001c49   Thumb Code     6  debug_usart.o(i.uart_error)
    table_week                               0x08001c4e   Data          12  rtc.o(.constdata)
    mon_table                                0x08001c5a   Data          12  rtc.o(.constdata)
    Region$$Table$$Base                      0x08001c68   Number         0  anon$$obj.o(Region$$Table)
    Region$$Table$$Limit                     0x08001c88   Number         0  anon$$obj.o(Region$$Table)
    SystemCoreClock                          0x20000000   Data           4  system_stm32f10x.o(.data)
    AHBPrescTable                            0x20000004   Data          16  system_stm32f10x.o(.data)
    WAKEUP_SOURCE                            0x20000028   Data           1  stm32f10x_it.o(.data)
    USART1_RecvBuf_Length                    0x20000029   Data           1  stm32f10x_it.o(.data)
    USART_Recv_Flag                          0x2000002a   Data           1  stm32f10x_it.o(.data)
    debug_data_read_flag                     0x2000002b   Data           1  stm32f10x_it.o(.data)
    timenew                                  0x20000034   Data           1  rtc.o(.data)
    RC522_usart_flag                         0x20000038   Data           1  rc522_config.o(.data)
    RC522_rec                                0x20000039   Data           1  rc522_config.o(.data)
    ms10_cnt                                 0x2000003c   Data           4  timer.o(.data)
    __stdout                                 0x20000040   Data           4  stdout.o(.data)
    USART_RecvBuf                            0x20000044   Data          12  stm32f10x_it.o(.bss)
    calendar                                 0x20000050   Data          10  rtc.o(.bss)
    __initial_sp                             0x20000460   Data           0  startup_stm32f10x_md.o(STACK)



==============================================================================

Memory Map of the image

  Image Entry point : 0x080000ed

  Load Region LR_IROM1 (Base: 0x08000000, Size: 0x00001ccc, Max: 0x00010000, ABSOLUTE)

    Execution Region ER_IROM1 (Base: 0x08000000, Size: 0x00001c88, Max: 0x00010000, ABSOLUTE)

    Base Addr    Size         Type   Attr      Idx    E Section Name        Object

    0x08000000   0x000000ec   Data   RO            3    RESET               startup_stm32f10x_md.o
    0x080000ec   0x00000000   Code   RO         3985  * .ARM.Collect$$$$00000000  mc_w.l(entry.o)
    0x080000ec   0x00000004   Code   RO         4267    .ARM.Collect$$$$00000001  mc_w.l(entry2.o)
    0x080000f0   0x00000004   Code   RO         4270    .ARM.Collect$$$$00000004  mc_w.l(entry5.o)
    0x080000f4   0x00000000   Code   RO         4272    .ARM.Collect$$$$00000008  mc_w.l(entry7b.o)
    0x080000f4   0x00000000   Code   RO         4274    .ARM.Collect$$$$0000000A  mc_w.l(entry8b.o)
    0x080000f4   0x00000008   Code   RO         4275    .ARM.Collect$$$$0000000B  mc_w.l(entry9a.o)
    0x080000fc   0x00000000   Code   RO         4277    .ARM.Collect$$$$0000000D  mc_w.l(entry10a.o)
    0x080000fc   0x00000000   Code   RO         4279    .ARM.Collect$$$$0000000F  mc_w.l(entry11a.o)
    0x080000fc   0x00000004   Code   RO         4268    .ARM.Collect$$$$00002712  mc_w.l(entry2.o)
    0x08000100   0x00000024   Code   RO            4    .text               startup_stm32f10x_md.o
    0x08000124   0x0000002c   Code   RO         4282    .text               mc_w.l(uidiv.o)
    0x08000150   0x00000024   Code   RO         4297    .text               mc_w.l(init.o)
    0x08000174   0x00000018   Code   RO         3973    i.Add_RFCard        rfcard.o
    0x0800018c   0x00000010   Code   RO          356    i.BKP_DeInit        stm32f10x_bkp.o
    0x0800019c   0x0000001c   Code   RO          361    i.BKP_ReadBackupRegister  stm32f10x_bkp.o
    0x080001b8   0x0000001c   Code   RO          365    i.BKP_WriteBackupRegister  stm32f10x_bkp.o
    0x080001d4   0x000000d4   Code   RO         3943    i.BLE_init          ble.o
    0x080002a8   0x00000004   Code   RO         3144    i.BusFault_Handler  stm32f10x_it.o
    0x080002ac   0x0000001a   Code   RO         3553    i.ClearBitMask      rc522_function.o
    0x080002c6   0x00000002   Code   RO         3145    i.DebugMon_Handler  stm32f10x_it.o
    0x080002c8   0x0000000c   Code   RO         3146    i.EXTI9_5_IRQHandler  stm32f10x_it.o
    0x080002d4   0x0000000c   Code   RO          879    i.EXTI_ClearITPendingBit  stm32f10x_exti.o
    0x080002e0   0x00000094   Code   RO          884    i.EXTI_Init         stm32f10x_exti.o
    0x08000374   0x00000040   Code   RO         1232    i.GPIO_EXTILineConfig  stm32f10x_gpio.o
    0x080003b4   0x00000116   Code   RO         1235    i.GPIO_Init         stm32f10x_gpio.o
    0x080004ca   0x00000004   Code   RO         1242    i.GPIO_ResetBits    stm32f10x_gpio.o
    0x080004ce   0x00000004   Code   RO         1243    i.GPIO_SetBits      stm32f10x_gpio.o
    0x080004d2   0x00000004   Code   RO         3147    i.HardFault_Handler  stm32f10x_it.o
    0x080004d6   0x00000050   Code   RO         3555    i.IC_test           rc522_function.o
    0x08000526   0x0000003a   Code   RO         3458    i.Is_Leap_Year      rtc.o
    0x08000560   0x00000064   Code   RO         3556    i.M500PcdConfigISOType  rc522_function.o
    0x080005c4   0x00000004   Code   RO         3148    i.MemManage_Handler  stm32f10x_it.o
    0x080005c8   0x00000002   Code   RO         3149    i.NMI_Handler       stm32f10x_it.o
    0x080005ca   0x0000002a   Code   RO         3282    i.NVIC_Configuration  debug_usart.o
    0x080005f4   0x00000070   Code   RO           89    i.NVIC_Init         misc.o
    0x08000664   0x00000014   Code   RO           90    i.NVIC_PriorityGroupConfig  misc.o
    0x08000678   0x0000000c   Code   RO         1589    i.PWR_BackupAccessCmd  stm32f10x_pwr.o
    0x08000684   0x0000000c   Code   RO         3557    i.PcdAntennaOff     rc522_function.o
    0x08000690   0x0000001a   Code   RO         3558    i.PcdAntennaOn      rc522_function.o
    0x080006aa   0x00000072   Code   RO         3559    i.PcdAnticoll       rc522_function.o
    0x0800071c   0x00000132   Code   RO         3561    i.PcdComMF522       rc522_function.o
    0x0800084e   0x00000056   Code   RO         3564    i.PcdRequest        rc522_function.o
    0x080008a4   0x00000080   Code   RO         3565    i.PcdReset          rc522_function.o
    0x08000924   0x00000002   Code   RO         3150    i.PendSV_Handler    stm32f10x_it.o
    0x08000926   0x00000002   PAD
    0x08000928   0x00000040   Code   RO         3685    i.RC522_Init        rc522_config.o
    0x08000968   0x00000050   Code   RO         3687    i.RC522_SPI_Config  rc522_config.o
    0x080009b8   0x00000084   Code   RO         3688    i.RC522_USART_Init  rc522_config.o
    0x08000a3c   0x00000020   Code   RO         1654    i.RCC_APB1PeriphClockCmd  stm32f10x_rcc.o
    0x08000a5c   0x00000020   Code   RO         1655    i.RCC_APB1PeriphResetCmd  stm32f10x_rcc.o
    0x08000a7c   0x00000020   Code   RO         1656    i.RCC_APB2PeriphClockCmd  stm32f10x_rcc.o
    0x08000a9c   0x00000020   Code   RO         1657    i.RCC_APB2PeriphResetCmd  stm32f10x_rcc.o
    0x08000abc   0x0000000c   Code   RO         1659    i.RCC_BackupResetCmd  stm32f10x_rcc.o
    0x08000ac8   0x000000d4   Code   RO         1664    i.RCC_GetClocksFreq  stm32f10x_rcc.o
    0x08000b9c   0x0000003c   Code   RO         1665    i.RCC_GetFlagStatus  stm32f10x_rcc.o
    0x08000bd8   0x00000034   Code   RO         1672    i.RCC_LSEConfig     stm32f10x_rcc.o
    0x08000c0c   0x0000000c   Code   RO         1679    i.RCC_RTCCLKCmd     stm32f10x_rcc.o
    0x08000c18   0x00000010   Code   RO         1680    i.RCC_RTCCLKConfig  stm32f10x_rcc.o
    0x08000c28   0x00000010   Code   RO         1853    i.RTC_ClearITPendingBit  stm32f10x_rtc.o
    0x08000c38   0x00000014   Code   RO         1854    i.RTC_EnterConfigMode  stm32f10x_rtc.o
    0x08000c4c   0x00000014   Code   RO         1855    i.RTC_ExitConfigMode  stm32f10x_rtc.o
    0x08000c60   0x00000100   Code   RO         3460    i.RTC_Get           rtc.o
    0x08000d60   0x00000014   Code   RO         1856    i.RTC_GetCounter    stm32f10x_rtc.o
    0x08000d74   0x00000024   Code   RO         1859    i.RTC_GetITStatus   stm32f10x_rtc.o
    0x08000d98   0x00000078   Code   RO         3461    i.RTC_Get_Week      rtc.o
    0x08000e10   0x0000007c   Code   RO         3462    i.RTC_IRQHandler    rtc.o
    0x08000e8c   0x00000020   Code   RO         1860    i.RTC_ITConfig      stm32f10x_rtc.o
    0x08000eac   0x000000be   Code   RO         3463    i.RTC_Init          rtc.o
    0x08000f6a   0x00000020   Code   RO         3464    i.RTC_NVIC_Config   rtc.o
    0x08000f8a   0x00000002   PAD
    0x08000f8c   0x000000c8   Code   RO         3465    i.RTC_Set           rtc.o
    0x08001054   0x0000001c   Code   RO         1862    i.RTC_SetCounter    stm32f10x_rtc.o
    0x08001070   0x00000020   Code   RO         1863    i.RTC_SetPrescaler  stm32f10x_rtc.o
    0x08001090   0x00000014   Code   RO         1864    i.RTC_WaitForLastTask  stm32f10x_rtc.o
    0x080010a4   0x00000024   Code   RO         1865    i.RTC_WaitForSynchro  stm32f10x_rtc.o
    0x080010c8   0x00000024   Code   RO         3569    i.ReadRawRC         rc522_function.o
    0x080010ec   0x00000002   Code   RO         3151    i.SVC_Handler       stm32f10x_it.o
    0x080010ee   0x0000001a   Code   RO         3570    i.SetBitMask        rc522_function.o
    0x08001108   0x00000008   Code   RO           24    i.SetSysClock       system_stm32f10x.o
    0x08001110   0x000000e0   Code   RO           25    i.SetSysClockTo72   system_stm32f10x.o
    0x080011f0   0x00000028   Code   RO           93    i.SysTick_CLKSourceConfig  misc.o
    0x08001218   0x00000002   Code   RO         3152    i.SysTick_Handler   stm32f10x_it.o
    0x0800121a   0x00000002   PAD
    0x0800121c   0x00000060   Code   RO           27    i.SystemInit        system_stm32f10x.o
    0x0800127c   0x00000028   Code   RO         3726    i.TIM3_IRQHandler   timer.o
    0x080012a4   0x00000060   Code   RO         3727    i.TIM3_Int_Init     timer.o
    0x08001304   0x00000006   Code   RO         2289    i.TIM_ClearITPendingBit  stm32f10x_tim.o
    0x0800130a   0x00000018   Code   RO         2294    i.TIM_Cmd           stm32f10x_tim.o
    0x08001322   0x00000022   Code   RO         2315    i.TIM_GetITStatus   stm32f10x_tim.o
    0x08001344   0x00000012   Code   RO         2319    i.TIM_ITConfig      stm32f10x_tim.o
    0x08001356   0x00000002   PAD
    0x08001358   0x000000a4   Code   RO         2365    i.TIM_TimeBaseInit  stm32f10x_tim.o
    0x080013fc   0x0000005c   Code   RO         3153    i.USART1_IRQHandler  stm32f10x_it.o
    0x08001458   0x00000030   Code   RO         3689    i.USART3_IRQHandler  rc522_config.o
    0x08001488   0x00000018   Code   RO         2833    i.USART_Cmd         stm32f10x_usart.o
    0x080014a0   0x0000009c   Code   RO         2835    i.USART_DeInit      stm32f10x_usart.o
    0x0800153c   0x0000001a   Code   RO         2836    i.USART_GetFlagStatus  stm32f10x_usart.o
    0x08001556   0x00000054   Code   RO         2837    i.USART_GetITStatus  stm32f10x_usart.o
    0x080015aa   0x0000004a   Code   RO         2839    i.USART_ITConfig    stm32f10x_usart.o
    0x080015f4   0x000000d8   Code   RO         2840    i.USART_Init        stm32f10x_usart.o
    0x080016cc   0x0000000a   Code   RO         2847    i.USART_ReceiveData  stm32f10x_usart.o
    0x080016d6   0x00000008   Code   RO         2850    i.USART_SendData    stm32f10x_usart.o
    0x080016de   0x00000002   PAD
    0x080016e0   0x00000014   Code   RO         3571    i.Uart_RC522_SendByte  rc522_function.o
    0x080016f4   0x00000004   Code   RO         3154    i.UsageFault_Handler  stm32f10x_it.o
    0x080016f8   0x0000003c   Code   RO         3283    i.Usart_RecvByte    debug_usart.o
    0x08001734   0x00000040   Code   RO         3285    i.Usart_SendByte    debug_usart.o
    0x08001774   0x00000026   Code   RO         3288    i.Usart_SendUserId  debug_usart.o
    0x0800179a   0x0000003c   Code   RO         3441    i.Userid2Ascii      data_def.o
    0x080017d6   0x00000002   PAD
    0x080017d8   0x00000024   Code   RO         3572    i.WriteRawRC        rc522_function.o
    0x080017fc   0x00000020   Code   RO         4083    i.__0printf$3       mc_w.l(printf3.o)
    0x0800181c   0x0000000e   Code   RO         4307    i.__scatterload_copy  mc_w.l(handlers.o)
    0x0800182a   0x00000002   Code   RO         4308    i.__scatterload_null  mc_w.l(handlers.o)
    0x0800182c   0x0000000e   Code   RO         4309    i.__scatterload_zeroinit  mc_w.l(handlers.o)
    0x0800183a   0x00000002   PAD
    0x0800183c   0x000001b8   Code   RO         4090    i._printf_core      mc_w.l(printf3.o)
    0x080019f4   0x000000a8   Code   RO         3289    i.debug_usart_init  debug_usart.o
    0x08001a9c   0x00000044   Code   RO         3387    i.delay_init        delay.o
    0x08001ae0   0x0000004c   Code   RO         3388    i.delay_ms          delay.o
    0x08001b2c   0x0000004c   Code   RO         3389    i.delay_us          delay.o
    0x08001b78   0x00000024   Code   RO         3291    i.fputc             debug_usart.o
    0x08001b9c   0x00000048   Code   RO         3066    i.main              main.o
    0x08001be4   0x0000001e   Code   RO         3292    i.pUsart_SendByte   debug_usart.o
    0x08001c02   0x00000002   PAD
    0x08001c04   0x00000044   Code   RO         3420    i.power_ctrl_init   power_ctrl.o
    0x08001c48   0x00000006   Code   RO         3294    i.uart_error        debug_usart.o
    0x08001c4e   0x00000018   Data   RO         3467    .constdata          rtc.o
    0x08001c66   0x00000002   PAD
    0x08001c68   0x00000020   Data   RO         4305    Region$$Table       anon$$obj.o


    Execution Region RW_IRAM1 (Base: 0x20000000, Size: 0x00000460, Max: 0x00005000, ABSOLUTE)

    Base Addr    Size         Type   Attr      Idx    E Section Name        Object

    0x20000000   0x00000014   Data   RW           28    .data               system_stm32f10x.o
    0x20000014   0x00000014   Data   RW         1684    .data               stm32f10x_rcc.o
    0x20000028   0x00000004   Data   RW         3156    .data               stm32f10x_it.o
    0x2000002c   0x00000004   Data   RW         3295    .data               debug_usart.o
    0x20000030   0x00000004   Data   RW         3390    .data               delay.o
    0x20000034   0x00000004   Data   RW         3468    .data               rtc.o
    0x20000038   0x00000002   Data   RW         3690    .data               rc522_config.o
    0x2000003a   0x00000002   PAD
    0x2000003c   0x00000004   Data   RW         3728    .data               timer.o
    0x20000040   0x00000004   Data   RW         4281    .data               mc_w.l(stdout.o)
    0x20000044   0x0000000c   Zero   RW         3155    .bss                stm32f10x_it.o
    0x20000050   0x0000000a   Zero   RW         3466    .bss                rtc.o
    0x2000005a   0x00000006   PAD
    0x20000060   0x00000400   Zero   RW            1    STACK               startup_stm32f10x_md.o


==============================================================================

Image component sizes


      Code (inc. data)   RO Data    RW Data    ZI Data      Debug   Object Name

       212          8          0          0          0        627   ble.o
         0          0          0          0          0       4496   core_cm3.o
        60          0          0          0          0        887   data_def.o
       444         28          0          4          0       5225   debug_usart.o
       220         26          0          4          0       1651   delay.o
        72         10          0          0          0       1739   main.o
       172         22          0          0          0       2217   misc.o
        68          4          0          0          0        542   power_ctrl.o
       324         36          0          2          0       2441   rc522_config.o
       996         22          0          0          0       8552   rc522_function.o
        24          0          0          0          0        561   rfcard.o
       980         78         24          4         10       5654   rtc.o
        36          8        236          0       1024        924   startup_stm32f10x_md.o
        72         10          0          0          0       2916   stm32f10x_bkp.o
       160         12          0          0          0       1629   stm32f10x_exti.o
       350          4          0          0          0       3838   stm32f10x_gpio.o
       130         16          0          4         12       5586   stm32f10x_it.o
        12          6          0          0          0        550   stm32f10x_pwr.o
       492         70          0         20          0       8712   stm32f10x_rcc.o
       260         48          0          0          0       5480   stm32f10x_rtc.o
       246         42          0          0          0      22778   stm32f10x_tim.o
       598         28          0          0          0       7060   stm32f10x_usart.o
       328         28          0         20          0     231533   system_stm32f10x.o
       136         14          0          4          0       1313   timer.o

    ----------------------------------------------------------------------
      6406        520        294         64       1052     326911   Object Totals
         0          0         32          0          0          0   (incl. Generated)
        14          0          2          2          6          0   (incl. Padding)

    ----------------------------------------------------------------------

      Code (inc. data)   RO Data    RW Data    ZI Data      Debug   Library Member Name

         0          0          0          0          0          0   entry.o
         0          0          0          0          0          0   entry10a.o
         0          0          0          0          0          0   entry11a.o
         8          4          0          0          0          0   entry2.o
         4          0          0          0          0          0   entry5.o
         0          0          0          0          0          0   entry7b.o
         0          0          0          0          0          0   entry8b.o
         8          4          0          0          0          0   entry9a.o
        30          0          0          0          0          0   handlers.o
        36          8          0          0          0         68   init.o
       472         14          0          0          0        184   printf3.o
         0          0          0          4          0          0   stdout.o
        44          0          0          0          0         80   uidiv.o

    ----------------------------------------------------------------------
       604         30          0          4          0        332   Library Totals
         2          0          0          0          0          0   (incl. Padding)

    ----------------------------------------------------------------------

      Code (inc. data)   RO Data    RW Data    ZI Data      Debug   Library Name

       602         30          0          4          0        332   mc_w.l

    ----------------------------------------------------------------------
       604         30          0          4          0        332   Library Totals

    ----------------------------------------------------------------------

==============================================================================


      Code (inc. data)   RO Data    RW Data    ZI Data      Debug   

      7010        550        294         68       1052     322299   Grand Totals
      7010        550        294         68       1052     322299   ELF Image Totals
      7010        550        294         68          0          0   ROM Totals

==============================================================================

    Total RO  Size (Code + RO Data)                 7304 (   7.13kB)
    Total RW  Size (RW Data + ZI Data)              1120 (   1.09kB)
    Total ROM Size (Code + RO Data + RW Data)       7372 (   7.20kB)

==============================================================================

