Component: ARM Compiler 5.05 update 1 (build 106) Tool: armlink [4d0efa]

==============================================================================

Section Cross References

    startup_stm32f10x_md.o(RESET) refers to startup_stm32f10x_md.o(STACK) for __initial_sp
    startup_stm32f10x_md.o(RESET) refers to startup_stm32f10x_md.o(.text) for Reset_Handler
    startup_stm32f10x_md.o(RESET) refers to stm32f10x_it.o(i.NMI_Handler) for NMI_Handler
    startup_stm32f10x_md.o(RESET) refers to stm32f10x_it.o(i.HardFault_Handler) for HardFault_Handler
    startup_stm32f10x_md.o(RESET) refers to stm32f10x_it.o(i.MemManage_Handler) for MemManage_Handler
    startup_stm32f10x_md.o(RESET) refers to stm32f10x_it.o(i.BusFault_Handler) for BusFault_Handler
    startup_stm32f10x_md.o(RESET) refers to stm32f10x_it.o(i.UsageFault_Handler) for UsageFault_Handler
    startup_stm32f10x_md.o(RESET) refers to stm32f10x_it.o(i.SVC_Handler) for SVC_Handler
    startup_stm32f10x_md.o(RESET) refers to stm32f10x_it.o(i.DebugMon_Handler) for DebugMon_Handler
    startup_stm32f10x_md.o(RESET) refers to stm32f10x_it.o(i.PendSV_Handler) for PendSV_Handler
    startup_stm32f10x_md.o(RESET) refers to stm32f10x_it.o(i.SysTick_Handler) for SysTick_Handler
    startup_stm32f10x_md.o(RESET) refers to rtc.o(i.RTC_IRQHandler) for RTC_IRQHandler
    startup_stm32f10x_md.o(RESET) refers to stm32f10x_it.o(i.EXTI0_IRQHandler) for EXTI0_IRQHandler
    startup_stm32f10x_md.o(RESET) refers to stm32f10x_it.o(i.EXTI9_5_IRQHandler) for EXTI9_5_IRQHandler
    startup_stm32f10x_md.o(RESET) refers to timer.o(i.TIM3_IRQHandler) for TIM3_IRQHandler
    startup_stm32f10x_md.o(RESET) refers to stm32f10x_it.o(i.USART1_IRQHandler) for USART1_IRQHandler
    startup_stm32f10x_md.o(RESET) refers to stm32f10x_it.o(i.USART2_IRQHandler) for USART2_IRQHandler
    startup_stm32f10x_md.o(RESET) refers to rc522_config.o(i.USART3_IRQHandler) for USART3_IRQHandler
    startup_stm32f10x_md.o(RESET) refers to stm32f10x_it.o(i.EXTI15_10_IRQHandler) for EXTI15_10_IRQHandler
    startup_stm32f10x_md.o(.text) refers to system_stm32f10x.o(i.SystemInit) for SystemInit
    startup_stm32f10x_md.o(.text) refers to entry.o(.ARM.Collect$$$$00000000) for __main
    system_stm32f10x.o(i.SetSysClock) refers to system_stm32f10x.o(i.SetSysClockTo72) for SetSysClockTo72
    system_stm32f10x.o(i.SystemCoreClockUpdate) refers to system_stm32f10x.o(.data) for SystemCoreClock
    system_stm32f10x.o(i.SystemInit) refers to system_stm32f10x.o(i.SetSysClock) for SetSysClock
    stm32f10x_adc.o(i.ADC_DeInit) refers to stm32f10x_rcc.o(i.RCC_APB2PeriphResetCmd) for RCC_APB2PeriphResetCmd
    stm32f10x_bkp.o(i.BKP_DeInit) refers to stm32f10x_rcc.o(i.RCC_BackupResetCmd) for RCC_BackupResetCmd
    stm32f10x_can.o(i.CAN_DeInit) refers to stm32f10x_rcc.o(i.RCC_APB1PeriphResetCmd) for RCC_APB1PeriphResetCmd
    stm32f10x_can.o(i.CAN_GetITStatus) refers to stm32f10x_can.o(i.CheckITStatus) for CheckITStatus
    stm32f10x_can.o(i.CAN_Receive) refers to stm32f10x_can.o(i.CAN_FIFORelease) for CAN_FIFORelease
    stm32f10x_cec.o(i.CEC_DeInit) refers to stm32f10x_rcc.o(i.RCC_APB1PeriphResetCmd) for RCC_APB1PeriphResetCmd
    stm32f10x_dac.o(i.DAC_DeInit) refers to stm32f10x_rcc.o(i.RCC_APB1PeriphResetCmd) for RCC_APB1PeriphResetCmd
    stm32f10x_flash.o(i.FLASH_EnableWriteProtection) refers to stm32f10x_flash.o(i.FLASH_WaitForLastOperation) for FLASH_WaitForLastOperation
    stm32f10x_flash.o(i.FLASH_EraseAllBank1Pages) refers to stm32f10x_flash.o(i.FLASH_WaitForLastBank1Operation) for FLASH_WaitForLastBank1Operation
    stm32f10x_flash.o(i.FLASH_EraseAllPages) refers to stm32f10x_flash.o(i.FLASH_WaitForLastOperation) for FLASH_WaitForLastOperation
    stm32f10x_flash.o(i.FLASH_EraseOptionBytes) refers to stm32f10x_flash.o(i.FLASH_GetReadOutProtectionStatus) for FLASH_GetReadOutProtectionStatus
    stm32f10x_flash.o(i.FLASH_EraseOptionBytes) refers to stm32f10x_flash.o(i.FLASH_WaitForLastOperation) for FLASH_WaitForLastOperation
    stm32f10x_flash.o(i.FLASH_ErasePage) refers to stm32f10x_flash.o(i.FLASH_WaitForLastOperation) for FLASH_WaitForLastOperation
    stm32f10x_flash.o(i.FLASH_ProgramHalfWord) refers to stm32f10x_flash.o(i.FLASH_WaitForLastOperation) for FLASH_WaitForLastOperation
    stm32f10x_flash.o(i.FLASH_ProgramOptionByteData) refers to stm32f10x_flash.o(i.FLASH_WaitForLastOperation) for FLASH_WaitForLastOperation
    stm32f10x_flash.o(i.FLASH_ProgramWord) refers to stm32f10x_flash.o(i.FLASH_WaitForLastOperation) for FLASH_WaitForLastOperation
    stm32f10x_flash.o(i.FLASH_ReadOutProtection) refers to stm32f10x_flash.o(i.FLASH_WaitForLastOperation) for FLASH_WaitForLastOperation
    stm32f10x_flash.o(i.FLASH_UserOptionByteConfig) refers to stm32f10x_flash.o(i.FLASH_WaitForLastOperation) for FLASH_WaitForLastOperation
    stm32f10x_flash.o(i.FLASH_WaitForLastBank1Operation) refers to stm32f10x_flash.o(i.FLASH_GetBank1Status) for FLASH_GetBank1Status
[...]
    i.FLASH_WaitForLastOperation             0x08001370   Section        0  stm32f10x_flash.o(i.FLASH_WaitForLastOperation)
    i.GPIO_EXTILineConfig                    0x08001398   Section        0  stm32f10x_gpio.o(i.GPIO_EXTILineConfig)
    i.GPIO_Init                              0x080013d8   Section        0  stm32f10x_gpio.o(i.GPIO_Init)
    i.GPIO_PinRemapConfig                    0x080014f0   Section        0  stm32f10x_gpio.o(i.GPIO_PinRemapConfig)
    i.GPIO_ResetBits                         0x08001580   Section        0  stm32f10x_gpio.o(i.GPIO_ResetBits)
    i.GPIO_SetBits                           0x08001584   Section        0  stm32f10x_gpio.o(i.GPIO_SetBits)
    i.Gate_Init                              0x08001588   Section        0  gatelock.o(i.Gate_Init)
    i.Gate_Unlock                            0x080015c0   Section        0  gatelock.o(i.Gate_Unlock)
    i.Get_Battery                            0x08001628   Section        0  vcc_adc.o(i.Get_Battery)
    i.HardFault_Handler                      0x080016ac   Section        0  stm32f10x_it.o(i.HardFault_Handler)
    i.I2C_Write_Data                         0x080016b0   Section        0  oled.o(i.I2C_Write_Data)
    I2C_Write_Data                           0x080016b1   Thumb Code    34  oled.o(i.I2C_Write_Data)
    i.IC_test                                0x080016d2   Section        0  rc522_function.o(i.IC_test)
    i.IIC_Ack                                0x0800172c   Section        0  tsm12.o(i.IIC_Ack)
    IIC_Ack                                  0x0800172d   Thumb Code    66  tsm12.o(i.IIC_Ack)
    i.IIC_NAck                               0x0800177c   Section        0  tsm12.o(i.IIC_NAck)
    IIC_NAck                                 0x0800177d   Thumb Code    66  tsm12.o(i.IIC_NAck)
    i.IIC_Read_Byte                          0x080017cc   Section        0  tsm12.o(i.IIC_Read_Byte)
    IIC_Read_Byte                            0x080017cd   Thumb Code    98  tsm12.o(i.IIC_Read_Byte)
    i.IIC_Send_Byte                          0x0800183c   Section        0  tsm12.o(i.IIC_Send_Byte)
    IIC_Send_Byte                            0x0800183d   Thumb Code   104  tsm12.o(i.IIC_Send_Byte)
    i.IIC_Send_Byte                          0x080018b0   Section        0  oled.o(i.IIC_Send_Byte)
    IIC_Send_Byte                            0x080018b1   Thumb Code   104  oled.o(i.IIC_Send_Byte)
    i.IIC_Start                              0x08001928   Section        0  tsm12.o(i.IIC_Start)
    IIC_Start                                0x08001929   Thumb Code    64  tsm12.o(i.IIC_Start)
    i.IIC_Start                              0x08001974   Section        0  oled.o(i.IIC_Start)
    IIC_Start                                0x08001975   Thumb Code    64  oled.o(i.IIC_Start)
    i.IIC_Stop                               0x080019c0   Section        0  tsm12.o(i.IIC_Stop)
    IIC_Stop                                 0x080019c1   Thumb Code    62  tsm12.o(i.IIC_Stop)
    i.IIC_Stop                               0x08001a0c   Section        0  oled.o(i.IIC_Stop)
    IIC_Stop                                 0x08001a0d   Thumb Code    62  oled.o(i.IIC_Stop)
    i.IIC_Wait_Ack                           0x08001a58   Section        0  tsm12.o(i.IIC_Wait_Ack)
    IIC_Wait_Ack                             0x08001a59   Thumb Code    90  tsm12.o(i.IIC_Wait_Ack)
    i.IIC_Wait_Ack                           0x08001ac0   Section        0  oled.o(i.IIC_Wait_Ack)
    IIC_Wait_Ack                             0x08001ac1   Thumb Code    84  oled.o(i.IIC_Wait_Ack)
    i.Interface                              0x08001b24   Section        0  main.o(i.Interface)
    i.Interface_Password                     0x08001d34   Section        0  oled.o(i.Interface_Password)
    i.Is_Leap_Year                           0x08001d74   Section        0  rtc.o(i.Is_Leap_Year)
    i.KeyScan                                0x08001dae   Section        0  keyboard.o(i.KeyScan)
    i.M500PcdConfigISOType                   0x08001e1a   Section        0  rc522_function.o(i.M500PcdConfigISOType)
    i.MemManage_Handler                      0x08001e7e   Section        0  stm32f10x_it.o(i.MemManage_Handler)
    i.NMI_Handler                            0x08001e82   Section        0  stm32f10x_it.o(i.NMI_Handler)
    i.NVIC_Configuration                     0x08001e84   Section        0  debug_usart.o(i.NVIC_Configuration)
    NVIC_Configuration                       0x08001e85   Thumb Code    42  debug_usart.o(i.NVIC_Configuration)
    i.NVIC_Configuration                     0x08001eae   Section        0  qs808_usart.o(i.NVIC_Configuration)
    NVIC_Configuration                       0x08001eaf   Thumb Code    38  qs808_usart.o(i.NVIC_Configuration)
    i.NVIC_Init                              0x08001ed4   Section        0  misc.o(i.NVIC_Init)
    i.NVIC_PriorityGroupConfig               0x08001f44   Section        0  misc.o(i.NVIC_PriorityGroupConfig)
    i.NewLed_Init                            0x08001f58   Section        0  newled.o(i.NewLed_Init)
    i.OLED_CLS                               0x08001fd0   Section        0  oled.o(i.OLED_CLS)
    i.OLED_Fill                              0x08001fda   Section        0  oled.o(i.OLED_Fill)
    i.OLED_IIC_Init                          0x08002014   Section        0  oled.o(i.OLED_IIC_Init)
    i.OLED_Init                              0x0800207c   Section        0  oled.o(i.OLED_Init)
    i.OLED_ON                                0x08002142   Section        0  oled.o(i.OLED_ON)
    i.OLED_SetPos                            0x08002158   Section        0  oled.o(i.OLED_SetPos)
    i.OLED_Show                              0x0800217c   Section        0  oled.o(i.OLED_Show)
    i.OLED_Show_Power                        0x08002244   Section        0  oled.o(i.OLED_Show_Power)
    i.PWR_BackupAccessCmd                    0x0800228c   Section        0  stm32f10x_pwr.o(i.PWR_BackupAccessCmd)
    i.PcdAntennaOff                          0x08002298   Section        0  rc522_function.o(i.PcdAntennaOff)
    i.PcdAntennaOn                           0x080022a4   Section        0  rc522_function.o(i.PcdAntennaOn)
    i.PcdAnticoll                            0x080022be   Section        0  rc522_function.o(i.PcdAnticoll)
    i.PcdComMF522                            0x08002330   Section        0  rc522_function.o(i.PcdComMF522)
    i.PcdRequest                             0x08002462   Section        0  rc522_function.o(i.PcdRequest)
    i.PcdReset                               0x080024b8   Section        0  rc522_function.o(i.PcdReset)
    i.PendSV_Handler                         0x08002538   Section        0  stm32f10x_it.o(i.PendSV_Handler)
    i.QS808_CMD_DEL_NUM2                     0x0800253c   Section        0  qs808_drive.o(i.QS808_CMD_DEL_NUM2)
    i.QS808_CMD_FINGER_DETECT                0x080025e0   Section        0  qs808_drive.o(i.QS808_CMD_FINGER_DETECT)
    i.QS808_CMD_GENERATE                     0x08002664   Section        0  qs808_drive.o(i.QS808_CMD_GENERATE)
    i.QS808_CMD_GET_EMPTY_ID                 0x080026fc   Section        0  qs808_drive.o(i.QS808_CMD_GET_EMPTY_ID)
    i.QS808_CMD_MERGE                        0x0800279c   Section        0  qs808_drive.o(i.QS808_CMD_MERGE)
    i.QS808_CMD_SEARCH                       0x08002840   Section        0  qs808_drive.o(i.QS808_CMD_SEARCH)
    i.QS808_CMD_STORE_CHAR                   0x080028f4   Section        0  qs808_drive.o(i.QS808_CMD_STORE_CHAR)
    i.QS808_GET_IMAGE                        0x0800299c   Section        0  qs808_drive.o(i.QS808_GET_IMAGE)
    i.QS808_Init                             0x08002a1c   Section        0  qs808_drive.o(i.QS808_Init)
    i.QS808_Rec_Buf_refresh                  0x08002ab0   Section        0  qs808_drive.o(i.QS808_Rec_Buf_refresh)
    i.QS808_Reset                            0x08002ac0   Section        0  qs808_drive.o(i.QS808_Reset)
    i.QS808_SEARCH                           0x08002b00   Section        0  qs808_drive.o(i.QS808_SEARCH)
    i.QS808_UART_Init                        0x08002b60   Section        0  qs808_usart.o(i.QS808_UART_Init)
    i.QS808_Unpack                           0x08002bf8   Section        0  qs808_drive.o(i.QS808_Unpack)
    i.QS808_Wait                             0x08002cb4   Section        0  qs808_drive.o(i.QS808_Wait)
    i.QS808_send_byte                        0x08002ce0   Section        0  qs808_drive.o(i.QS808_send_byte)
    i.QS808_send_half_word                   0x08002cf4   Section        0  qs808_drive.o(i.QS808_send_half_word)
    i.RC522_Init                             0x08002d20   Section        0  rc522_config.o(i.RC522_Init)
    i.RC522_SPI_Config                       0x08002d60   Section        0  rc522_config.o(i.RC522_SPI_Config)
    RC522_SPI_Config                         0x08002d61   Thumb Code    74  rc522_config.o(i.RC522_SPI_Config)
    i.RC522_USART_Init                       0x08002db0   Section        0  rc522_config.o(i.RC522_USART_Init)
    i.RCC_ADCCLKConfig                       0x08002e34   Section        0  stm32f10x_rcc.o(i.RCC_ADCCLKConfig)
    i.RCC_APB1PeriphClockCmd                 0x08002e4c   Section        0  stm32f10x_rcc.o(i.RCC_APB1PeriphClockCmd)
    i.RCC_APB1PeriphResetCmd                 0x08002e6c   Section        0  stm32f10x_rcc.o(i.RCC_APB1PeriphResetCmd)
    i.RCC_APB2PeriphClockCmd                 0x08002e8c   Section        0  stm32f10x_rcc.o(i.RCC_APB2PeriphClockCmd)
    i.RCC_APB2PeriphResetCmd                 0x08002eac   Section        0  stm32f10x_rcc.o(i.RCC_APB2PeriphResetCmd)
    i.RCC_BackupResetCmd                     0x08002ecc   Section        0  stm32f10x_rcc.o(i.RCC_BackupResetCmd)
    i.RCC_GetClocksFreq                      0x08002ed8   Section        0  stm32f10x_rcc.o(i.RCC_GetClocksFreq)
    i.RCC_GetFlagStatus                      0x08002fac   Section        0  stm32f10x_rcc.o(i.RCC_GetFlagStatus)
    i.RCC_LSEConfig                          0x08002fe8   Section        0  stm32f10x_rcc.o(i.RCC_LSEConfig)
    i.RCC_RTCCLKCmd                          0x0800301c   Section        0  stm32f10x_rcc.o(i.RCC_RTCCLKCmd)
    i.RCC_RTCCLKConfig                       0x08003028   Section        0  stm32f10x_rcc.o(i.RCC_RTCCLKConfig)
    i.RFCard_test                            0x08003038   Section        0  rfcard.o(i.RFCard_test)
    i.RTC_ClearITPendingBit                  0x08003094   Section        0  stm32f10x_rtc.o(i.RTC_ClearITPendingBit)
    i.RTC_EnterConfigMode                    0x080030a4   Section        0  stm32f10x_rtc.o(i.RTC_EnterConfigMode)
    i.RTC_ExitConfigMode                     0x080030b8   Section        0  stm32f10x_rtc.o(i.RTC_ExitConfigMode)
    i.RTC_Get                                0x080030cc   Section        0  rtc.o(i.RTC_Get)
    i.RTC_GetCounter                         0x080031cc   Section        0  stm32f10x_rtc.o(i.RTC_GetCounter)
    i.RTC_GetITStatus                        0x080031e0   Section        0  stm32f10x_rtc.o(i.RTC_GetITStatus)
    i.RTC_Get_Week                           0x08003204   Section        0  rtc.o(i.RTC_Get_Week)
    i.RTC_IRQHandler                         0x0800327c   Section        0  rtc.o(i.RTC_IRQHandler)
    i.RTC_ITConfig                           0x080032f8   Section        0  stm32f10x_rtc.o(i.RTC_ITConfig)
    i.RTC_Init                               0x08003318   Section        0  rtc.o(i.RTC_Init)
    i.RTC_NVIC_Config                        0x080033d6   Section        0  rtc.o(i.RTC_NVIC_Config)
    RTC_NVIC_Config                          0x080033d7   Thumb Code    32  rtc.o(i.RTC_NVIC_Config)
    i.RTC_Set                                0x080033f8   Section        0  rtc.o(i.RTC_Set)
    i.RTC_SetCounter                         0x080034c0   Section        0  stm32f10x_rtc.o(i.RTC_SetCounter)
    i.RTC_SetPrescaler                       0x080034dc   Section        0  stm32f10x_rtc.o(i.RTC_SetPrescaler)
    i.RTC_WaitForLastTask                    0x080034fc   Section        0  stm32f10x_rtc.o(i.RTC_WaitForLastTask)
    i.RTC_WaitForSynchro                     0x08003510   Section        0  stm32f10x_rtc.o(i.RTC_WaitForSynchro)
    i.ReadRawRC                              0x08003534   Section        0  rc522_function.o(i.ReadRawRC)
    i.RecvBuf2Cmdid                          0x08003558   Section        0  data_def.o(i.RecvBuf2Cmdid)
    i.RecvBuf2TimeUnlock_SECTION             0x08003570   Section        0  data_def.o(i.RecvBuf2TimeUnlock_SECTION)
    i.RecvBuf2Userid                         0x080035f8   Section        0  data_def.o(i.RecvBuf2Userid)
    i.STMFLASH_Read                          0x08003624   Section        0  stmflash.o(i.STMFLASH_Read)
    i.STMFLASH_Write                         0x08003640   Section        0  stmflash.o(i.STMFLASH_Write)
    i.STMFLASH_Write_NoCheck                 0x08003728   Section        0  stmflash.o(i.STMFLASH_Write_NoCheck)
    i.SVC_Handler                            0x0800374e   Section        0  stm32f10x_it.o(i.SVC_Handler)
    i.SetBitMask                             0x08003750   Section        0  rc522_function.o(i.SetBitMask)
    i.SetSysClock                            0x0800376a   Section        0  system_stm32f10x.o(i.SetSysClock)
    SetSysClock                              0x0800376b   Thumb Code     8  system_stm32f10x.o(i.SetSysClock)
    i.SetSysClockTo72                        0x08003774   Section        0  system_stm32f10x.o(i.SetSysClockTo72)
    SetSysClockTo72                          0x08003775   Thumb Code   214  system_stm32f10x.o(i.SetSysClockTo72)
    i.SysTick_CLKSourceConfig                0x08003854   Section        0  misc.o(i.SysTick_CLKSourceConfig)
    i.SysTick_Handler                        0x0800387c   Section        0  stm32f10x_it.o(i.SysTick_Handler)
    i.SystemInit                             0x08003880   Section        0  system_stm32f10x.o(i.SystemInit)
    i.TIM3_IRQHandler                        0x080038e0   Section        0  timer.o(i.TIM3_IRQHandler)
    i.TIM3_Int_Init                          0x08003908   Section        0  timer.o(i.TIM3_Int_Init)
    i.TIM_ClearITPendingBit                  0x08003968   Section        0  stm32f10x_tim.o(i.TIM_ClearITPendingBit)
    i.TIM_Cmd                                0x0800396e   Section        0  stm32f10x_tim.o(i.TIM_Cmd)
    i.TIM_GetITStatus                        0x08003986   Section        0  stm32f10x_tim.o(i.TIM_GetITStatus)
    i.TIM_ITConfig                           0x080039a8   Section        0  stm32f10x_tim.o(i.TIM_ITConfig)
    i.TIM_TimeBaseInit                       0x080039bc   Section        0  stm32f10x_tim.o(i.TIM_TimeBaseInit)
    i.TMS12_ReadOnKey                        0x08003a60   Section        0  tsm12.o(i.TMS12_ReadOnKey)
    i.TSM12_Init                             0x08003aa8   Section        0  tsm12.o(i.TSM12_Init)
    i.TSM12_PIN_Init                         0x08003b54   Section        0  tsm12.o(i.TSM12_PIN_Init)
    TSM12_PIN_Init                           0x08003b55   Thumb Code   226  tsm12.o(i.TSM12_PIN_Init)
    i.TSM12_Wakeup                           0x08003c40   Section        0  tsm12.o(i.TSM12_Wakeup)
    i.TSM12_reg_read                         0x08003c64   Section        0  tsm12.o(i.TSM12_reg_read)
    i.TSM12_reg_write                        0x08003cb4   Section        0  tsm12.o(i.TSM12_reg_write)
    i.USART1_IRQHandler                      0x08003cf8   Section        0  stm32f10x_it.o(i.USART1_IRQHandler)
    i.USART2_IRQHandler                      0x08003d54   Section        0  stm32f10x_it.o(i.USART2_IRQHandler)
    i.USART3_IRQHandler                      0x08003db8   Section        0  rc522_config.o(i.USART3_IRQHandler)
    i.USART_Cmd                              0x08003de8   Section        0  stm32f10x_usart.o(i.USART_Cmd)
    i.USART_DeInit                           0x08003e00   Section        0  stm32f10x_usart.o(i.USART_DeInit)
    i.USART_GetFlagStatus                    0x08003e9c   Section        0  stm32f10x_usart.o(i.USART_GetFlagStatus)
    i.USART_GetITStatus                      0x08003eb6   Section        0  stm32f10x_usart.o(i.USART_GetITStatus)
    i.USART_ITConfig                         0x08003f0a   Section        0  stm32f10x_usart.o(i.USART_ITConfig)
    i.USART_Init                             0x08003f54   Section        0  stm32f10x_usart.o(i.USART_Init)
    i.USART_ReceiveData                      0x0800402c   Section        0  stm32f10x_usart.o(i.USART_ReceiveData)
    i.USART_SendData                         0x08004036   Section        0  stm32f10x_usart.o(i.USART_SendData)
    i.UT588C_init                            0x08004040   Section        0  ut588c.o(i.UT588C_init)
    i.UT588C_speak                           0x080040bc   Section        0  ut588c.o(i.UT588C_speak)
    i.Uart_RC522_SendByte                    0x08004130   Section        0  rc522_function.o(i.Uart_RC522_SendByte)
    i.Update_KeyBuf                          0x08004144   Section        0  password.o(i.Update_KeyBuf)
    i.UsageFault_Handler                     0x080041aa   Section        0  stm32f10x_it.o(i.UsageFault_Handler)
    i.Usart_RecvByte                         0x080041b0   Section        0  debug_usart.o(i.Usart_RecvByte)
    i.Usart_RecvOrder                        0x080041ec   Section        0  debug_usart.o(i.Usart_RecvOrder)
    i.Usart_SendByte                         0x08004214   Section        0  debug_usart.o(i.Usart_SendByte)
    i.Usart_SendFinger_ADD_Error             0x08004254   Section        0  debug_usart.o(i.Usart_SendFinger_ADD_Error)
    i.Usart_SendFinger_ADD_Success           0x0800429a   Section        0  debug_usart.o(i.Usart_SendFinger_ADD_Success)
    i.Usart_SendFinger_DEL_Error             0x080042fa   Section        0  debug_usart.o(i.Usart_SendFinger_DEL_Error)
    i.Usart_SendFinger_DEL_Success           0x08004342   Section        0  debug_usart.o(i.Usart_SendFinger_DEL_Success)
    i.Usart_SendPassword_ADD_Error           0x08004386   Section        0  debug_usart.o(i.Usart_SendPassword_ADD_Error)
    i.Usart_SendPassword_ADD_Success         0x080043cc   Section        0  debug_usart.o(i.Usart_SendPassword_ADD_Success)
    i.Usart_SendPassword_DEL_Error           0x0800441a   Section        0  debug_usart.o(i.Usart_SendPassword_DEL_Error)
    i.Usart_SendPassword_DEL_Success         0x08004462   Section        0  debug_usart.o(i.Usart_SendPassword_DEL_Success)
    i.Usart_SendRFCard_ADD_Error             0x080044a6   Section        0  debug_usart.o(i.Usart_SendRFCard_ADD_Error)
    i.Usart_SendRFCard_ADD_Success           0x080044ec   Section        0  debug_usart.o(i.Usart_SendRFCard_ADD_Success)
    i.Usart_SendRFCard_DEL_Error             0x0800453a   Section        0  debug_usart.o(i.Usart_SendRFCard_DEL_Error)
    i.Usart_SendRFCard_DEL_Success           0x08004582   Section        0  debug_usart.o(i.Usart_SendRFCard_DEL_Success)
    i.Usart_SendUserId                       0x080045c6   Section        0  debug_usart.o(i.Usart_SendUserId)
    i.Userid2Ascii                           0x080045ec   Section        0  data_def.o(i.Userid2Ascii)
    i.VCC_Adc_Init                           0x08004628   Section        0  vcc_adc.o(i.VCC_Adc_Init)
    i.VCC_Get_Adc                            0x080046c8   Section        0  vcc_adc.o(i.VCC_Get_Adc)
    i.VCC_Get_Adc_Average                    0x080046fc   Section        0  vcc_adc.o(i.VCC_Get_Adc_Average)
    i.Wait_Key                               0x0800472a   Section        0  keyboard.o(i.Wait_Key)
    i.WriteCmd                               0x08004742   Section        0  oled.o(i.WriteCmd)
    i.WriteDat                               0x08004750   Section        0  oled.o(i.WriteDat)
    i.WriteRawRC                             0x08004760   Section        0  rc522_function.o(i.WriteRawRC)
    i.__0printf$3                            0x08004784   Section        0  printf3.o(i.__0printf$3)
    i.__scatterload_copy                     0x080047a4   Section       14  handlers.o(i.__scatterload_copy)
    i.__scatterload_null                     0x080047b2   Section        2  handlers.o(i.__scatterload_null)
    i.__scatterload_zeroinit                 0x080047b4   Section       14  handlers.o(i.__scatterload_zeroinit)
    i._printf_core                           0x080047c4   Section        0  printf3.o(i._printf_core)
    _printf_core                             0x080047c5   Thumb Code   436  printf3.o(i._printf_core)
    i.debug_usart_init                       0x0800497c   Section        0  debug_usart.o(i.debug_usart_init)
    i.delay_init                             0x08004a24   Section        0  delay.o(i.delay_init)
    i.delay_ms                               0x08004a68   Section        0  delay.o(i.delay_ms)
    i.delay_us                               0x08004ab4   Section        0  delay.o(i.delay_us)
    i.fputc                                  0x08004b00   Section        0  debug_usart.o(i.fputc)
    i.led_on_all                             0x08004b24   Section        0  newled.o(i.led_on_all)
    i.main                                   0x08004b9c   Section        0  main.o(i.main)
    i.pUsart_SendByte                        0x08004f50   Section        0  debug_usart.o(i.pUsart_SendByte)
    i.pUsart_SentMessage                     0x08004f6e   Section        0  debug_usart.o(i.pUsart_SentMessage)
    i.power_ctrl_init                        0x08004fac   Section        0  power_ctrl.o(i.power_ctrl_init)
    i.show_clock_open_big                    0x08004ff0   Section        0  oled.o(i.show_clock_open_big)
    .constdata                               0x08005030   Section       24  rtc.o(.constdata)
    .constdata                               0x08005048   Section     9338  oled.o(.constdata)
    .data                                    0x20000000   Section       20  system_stm32f10x.o(.data)
    .data                                    0x20000014   Section       20  stm32f10x_rcc.o(.data)
    APBAHBPrescTable                         0x20000014   Data          16  stm32f10x_rcc.o(.data)
    ADCPrescTable                            0x20000024   Data           4  stm32f10x_rcc.o(.data)
    .data                                    0x20000028   Section        5  main.o(.data)
    .data                                    0x2000002d   Section        3  stm32f10x_it.o(.data)
    .data                                    0x20000030   Section        6  debug_usart.o(.data)
    UARTTimeout                              0x20000030   Data           4  debug_usart.o(.data)
    .data                                    0x20000036   Section        4  delay.o(.data)
    fac_us                                   0x20000036   Data           1  delay.o(.data)
    fac_ms                                   0x20000038   Data           2  delay.o(.data)
    .data                                    0x2000003a   Section        1  power_ctrl.o(.data)
    .data                                    0x2000003c   Section        4  rtc.o(.data)
    daycnt                                   0x2000003e   Data           2  rtc.o(.data)
    .data                                    0x20000040   Section        2  rc522_config.o(.data)
    .data                                    0x20000044   Section        4  timer.o(.data)
    .data                                    0x20000048   Section        4  stdout.o(.data)
    .bss                                     0x2000004c   Section       42  debug_usart.o(.bss)
    .bss                                     0x20000076   Section       33  qs808_drive.o(.bss)
    .bss                                     0x20000098   Section       10  rtc.o(.bss)
    .bss                                     0x200000a2   Section     1024  stmflash.o(.bss)
    STACK                                    0x200004a8   Section     1024  startup_stm32f10x_md.o(STACK)

    Global Symbols

    Symbol Name                              Value     Ov Type        Size  Object(Section)

    BuildAttributes$$THM_ISAv4$P$D$K$B$S$PE$A:L22UL41UL21$X:L11$S22US41US21$IEEE1$IW$USESV6$~STKCKD$USESV7$~SHL$OTIME$ROPI$EBA8$MICROLIB$REQ8$PRES8$EABIv2 0x00000000   Number         0  anon$$obj.o ABSOLUTE
    __ARM_use_no_argv                        0x00000000   Number         0  main.o ABSOLUTE
    _printf_a                                0x00000000   Number         0  stubs.o ABSOLUTE
    _printf_c                                0x00000000   Number         0  stubs.o ABSOLUTE
    _printf_charcount                        0x00000000   Number         0  stubs.o ABSOLUTE
    _printf_d                                0x00000000   Number         0  stubs.o ABSOLUTE
    _printf_e                                0x00000000   Number         0  stubs.o ABSOLUTE
    _printf_f                                0x00000000   Number         0  stubs.o ABSOLUTE
    _printf_flags                            0x00000000   Number         0  stubs.o ABSOLUTE
    _printf_fp_dec                           0x00000000   Number         0  stubs.o ABSOLUTE
    _printf_fp_hex                           0x00000000   Number         0  stubs.o ABSOLUTE
    _printf_g                                0x00000000   Number         0  stubs.o ABSOLUTE
    _printf_i                                0x00000000   Number         0  stubs.o ABSOLUTE
    _printf_int_dec                          0x00000000   Number         0  stubs.o ABSOLUTE
    _printf_l                                0x00000000   Number         0  stubs.o ABSOLUTE
    _printf_lc                               0x00000000   Number         0  stubs.o ABSOLUTE
    _printf_ll                               0x00000000   Number         0  stubs.o ABSOLUTE
    _printf_lld                              0x00000000   Number         0  stubs.o ABSOLUTE
    _printf_lli                              0x00000000   Number         0  stubs.o ABSOLUTE
    _printf_llo                              0x00000000   Number         0  stubs.o ABSOLUTE
    _printf_llu                              0x00000000   Number         0  stubs.o ABSOLUTE
    _printf_llx                              0x00000000   Number         0  stubs.o ABSOLUTE
    _printf_longlong_dec                     0x00000000   Number         0  stubs.o ABSOLUTE
    _printf_longlong_hex                     0x00000000   Number         0  stubs.o ABSOLUTE
    _printf_longlong_oct                     0x00000000   Number         0  stubs.o ABSOLUTE
    _printf_ls                               0x00000000   Number         0  stubs.o ABSOLUTE
    _printf_mbtowc                           0x00000000   Number         0  stubs.o ABSOLUTE
    _printf_n                                0x00000000   Number         0  stubs.o ABSOLUTE
    _printf_o                                0x00000000   Number         0  stubs.o ABSOLUTE
    _printf_p                                0x00000000   Number         0  stubs.o ABSOLUTE
    _printf_percent                          0x00000000   Number         0  stubs.o ABSOLUTE
    _printf_pre_padding                      0x00000000   Number         0  stubs.o ABSOLUTE
    _printf_return_value                     0x00000000   Number         0  stubs.o ABSOLUTE
    _printf_s                                0x00000000   Number         0  stubs.o ABSOLUTE
    _printf_sizespec                         0x00000000   Number         0  stubs.o ABSOLUTE
    _printf_str                              0x00000000   Number         0  stubs.o ABSOLUTE
    _printf_truncate_signed                  0x00000000   Number         0  stubs.o ABSOLUTE
    _printf_truncate_unsigned                0x00000000   Number         0  stubs.o ABSOLUTE
    _printf_u                                0x00000000   Number         0  stubs.o ABSOLUTE
    _printf_wc                               0x00000000   Number         0  stubs.o ABSOLUTE
    _printf_wctomb                           0x00000000   Number         0  stubs.o ABSOLUTE
    _printf_widthprec                        0x00000000   Number         0  stubs.o ABSOLUTE
    _printf_x                                0x00000000   Number         0  stubs.o ABSOLUTE
    __cpp_initialize__aeabi_                  - Undefined Weak Reference
    __cxa_finalize                            - Undefined Weak Reference
    __decompress                              - Undefined Weak Reference
    _clock_init                               - Undefined Weak Reference
    _microlib_exit                            - Undefined Weak Reference
    __Vectors_Size                           0x000000ec   Number         0  startup_stm32f10x_md.o ABSOLUTE
    __Vectors                                0x08000000   Data           4  startup_stm32f10x_md.o(RESET)
    __Vectors_End                            0x080000ec   Data           0  startup_stm32f10x_md.o(RESET)
    __main                                   0x080000ed   Thumb Code     0  entry.o(.ARM.Collect$$$$00000000)
    _main_stk                                0x080000ed   Thumb Code     0  entry2.o(.ARM.Collect$$$$00000001)
    _main_scatterload                        0x080000f1   Thumb Code     0  entry5.o(.ARM.Collect$$$$00000004)
    __main_after_scatterload                 0x080000f5   Thumb Code     0  entry5.o(.ARM.Collect$$$$00000004)
    _main_clock                              0x080000f5   Thumb Code     0  entry7b.o(.ARM.Collect$$$$00000008)
    _main_cpp_init                           0x080000f5   Thumb Code     0  entry8b.o(.ARM.Collect$$$$0000000A)
    _main_init                               0x080000f5   Thumb Code     0  entry9a.o(.ARM.Collect$$$$0000000B)
    __rt_final_cpp                           0x080000fd   Thumb Code     0  entry10a.o(.ARM.Collect$$$$0000000D)
    __rt_final_exit                          0x080000fd   Thumb Code     0  entry11a.o(.ARM.Collect$$$$0000000F)
    Reset_Handler                            0x08000101   Thumb Code     8  startup_stm32f10x_md.o(.text)
    ADC1_2_IRQHandler                        0x0800011b   Thumb Code     0  startup_stm32f10x_md.o(.text)
    CAN1_RX1_IRQHandler                      0x0800011b   Thumb Code     0  startup_stm32f10x_md.o(.text)
    CAN1_SCE_IRQHandler                      0x0800011b   Thumb Code     0  startup_stm32f10x_md.o(.text)
    DMA1_Channel1_IRQHandler                 0x0800011b   Thumb Code     0  startup_stm32f10x_md.o(.text)
    DMA1_Channel2_IRQHandler                 0x0800011b   Thumb Code     0  startup_stm32f10x_md.o(.text)
    DMA1_Channel3_IRQHandler                 0x0800011b   Thumb Code     0  startup_stm32f10x_md.o(.text)
    DMA1_Channel4_IRQHandler                 0x0800011b   Thumb Code     0  startup_stm32f10x_md.o(.text)
    DMA1_Channel5_IRQHandler                 0x0800011b   Thumb Code     0  startup_stm32f10x_md.o(.text)
    DMA1_Channel6_IRQHandler                 0x0800011b   Thumb Code     0  startup_stm32f10x_md.o(.text)
    DMA1_Channel7_IRQHandler                 0x0800011b   Thumb Code     0  startup_stm32f10x_md.o(.text)
    EXTI1_IRQHandler                         0x0800011b   Thumb Code     0  startup_stm32f10x_md.o(.text)
    EXTI2_IRQHandler                         0x0800011b   Thumb Code     0  startup_stm32f10x_md.o(.text)
    EXTI3_IRQHandler                         0x0800011b   Thumb Code     0  startup_stm32f10x_md.o(.text)
    EXTI4_IRQHandler                         0x0800011b   Thumb Code     0  startup_stm32f10x_md.o(.text)
    FLASH_IRQHandler                         0x0800011b   Thumb Code     0  startup_stm32f10x_md.o(.text)
    I2C1_ER_IRQHandler                       0x0800011b   Thumb Code     0  startup_stm32f10x_md.o(.text)
    I2C1_EV_IRQHandler                       0x0800011b   Thumb Code     0  startup_stm32f10x_md.o(.text)
    I2C2_ER_IRQHandler                       0x0800011b   Thumb Code     0  startup_stm32f10x_md.o(.text)
    I2C2_EV_IRQHandler                       0x0800011b   Thumb Code     0  startup_stm32f10x_md.o(.text)
    PVD_IRQHandler                           0x0800011b   Thumb Code     0  startup_stm32f10x_md.o(.text)
    RCC_IRQHandler                           0x0800011b   Thumb Code     0  startup_stm32f10x_md.o(.text)
    RTCAlarm_IRQHandler                      0x0800011b   Thumb Code     0  startup_stm32f10x_md.o(.text)
    SPI1_IRQHandler                          0x0800011b   Thumb Code     0  startup_stm32f10x_md.o(.text)
    SPI2_IRQHandler                          0x0800011b   Thumb Code     0  startup_stm32f10x_md.o(.text)
    TAMPER_IRQHandler                        0x0800011b   Thumb Code     0  startup_stm32f10x_md.o(.text)
    TIM1_BRK_IRQHandler                      0x0800011b   Thumb Code     0  startup_stm32f10x_md.o(.text)
    TIM1_CC_IRQHandler                       0x0800011b   Thumb Code     0  startup_stm32f10x_md.o(.text)
    TIM1_TRG_COM_IRQHandler                  0x0800011b   Thumb Code     0  startup_stm32f10x_md.o(.text)
    TIM1_UP_IRQHandler                       0x0800011b   Thumb Code     0  startup_stm32f10x_md.o(.text)
    TIM2_IRQHandler                          0x0800011b   Thumb Code     0  startup_stm32f10x_md.o(.text)
    TIM4_IRQHandler                          0x0800011b   Thumb Code     0  startup_stm32f10x_md.o(.text)
    USBWakeUp_IRQHandler                     0x0800011b   Thumb Code     0  startup_stm32f10x_md.o(.text)
    USB_HP_CAN1_TX_IRQHandler                0x0800011b   Thumb Code     0  startup_stm32f10x_md.o(.text)
    USB_LP_CAN1_RX0_IRQHandler               0x0800011b   Thumb Code     0  startup_stm32f10x_md.o(.text)
    WWDG_IRQHandler                          0x0800011b   Thumb Code     0  startup_stm32f10x_md.o(.text)
    __aeabi_fadd                             0x08000125   Thumb Code   164  fadd.o(.text)
    __aeabi_fsub                             0x080001c9   Thumb Code     6  fadd.o(.text)
    __aeabi_frsub                            0x080001cf   Thumb Code     6  fadd.o(.text)
    __aeabi_fmul                             0x080001d5   Thumb Code   100  fmul.o(.text)
    __aeabi_dmul                             0x08000239   Thumb Code   228  dmul.o(.text)
    __aeabi_ddiv                             0x0800031d   Thumb Code   222  ddiv.o(.text)
    __aeabi_ui2d                             0x080003fb   Thumb Code    26  dfltui.o(.text)
    __aeabi_f2d                              0x08000415   Thumb Code    38  f2d.o(.text)
    __aeabi_cdcmpeq                          0x0800043d   Thumb Code     0  cdcmple.o(.text)
    __aeabi_cdcmple                          0x0800043d   Thumb Code    48  cdcmple.o(.text)
    __aeabi_d2f                              0x0800046d   Thumb Code    56  d2f.o(.text)
    __aeabi_uidiv                            0x080004a5   Thumb Code     0  uidiv.o(.text)
    __aeabi_uidivmod                         0x080004a5   Thumb Code    44  uidiv.o(.text)
    __I$use$fp                               0x080004d1   Thumb Code     0  iusefp.o(.text)
    _float_round                             0x080004d1   Thumb Code    18  fepilogue.o(.text)
    _float_epilogue                          0x080004e3   Thumb Code    92  fepilogue.o(.text)
    _double_round                            0x0800053f   Thumb Code    30  depilogue.o(.text)
    _double_epilogue                         0x0800055d   Thumb Code   156  depilogue.o(.text)
    __scatterload                            0x080005f9   Thumb Code    28  init.o(.text)
    __scatterload_rt2                        0x080005f9   Thumb Code     0  init.o(.text)
    __aeabi_llsl                             0x0800061d   Thumb Code    30  llshl.o(.text)
    _ll_shift_l                              0x0800061d   Thumb Code     0  llshl.o(.text)
    __aeabi_llsr                             0x0800063b   Thumb Code    32  llushr.o(.text)
    _ll_ushift_r                             0x0800063b   Thumb Code     0  llushr.o(.text)
    ADC_Cmd                                  0x0800065b   Thumb Code    22  stm32f10x_adc.o(i.ADC_Cmd)
    ADC_DeInit                               0x08000671   Thumb Code    78  stm32f10x_adc.o(i.ADC_DeInit)
    ADC_GetCalibrationStatus                 0x080006cd   Thumb Code    20  stm32f10x_adc.o(i.ADC_GetCalibrationStatus)
    ADC_GetConversionValue                   0x080006e1   Thumb Code     8  stm32f10x_adc.o(i.ADC_GetConversionValue)
    ADC_GetFlagStatus                        0x080006e9   Thumb Code    18  stm32f10x_adc.o(i.ADC_GetFlagStatus)
    ADC_GetResetCalibrationStatus            0x080006fb   Thumb Code    20  stm32f10x_adc.o(i.ADC_GetResetCalibrationStatus)
    ADC_Init                                 0x08000711   Thumb Code    70  stm32f10x_adc.o(i.ADC_Init)
    ADC_RegularChannelConfig                 0x08000761   Thumb Code   184  stm32f10x_adc.o(i.ADC_RegularChannelConfig)
    ADC_ResetCalibration                     0x08000819   Thumb Code    10  stm32f10x_adc.o(i.ADC_ResetCalibration)
    ADC_SoftwareStartConvCmd                 0x08000823   Thumb Code    22  stm32f10x_adc.o(i.ADC_SoftwareStartConvCmd)
    ADC_StartCalibration                     0x08000839   Thumb Code    10  stm32f10x_adc.o(i.ADC_StartCalibration)
    ADC_TempSensorVrefintCmd                 0x08000845   Thumb Code    30  stm32f10x_adc.o(i.ADC_TempSensorVrefintCmd)
    Add_Finger                               0x08000869   Thumb Code   386  finger.o(i.Add_Finger)
    Add_Password                             0x080009f5   Thumb Code   328  password.o(i.Add_Password)
    Add_RFCard                               0x08000b45   Thumb Code   192  rfcard.o(i.Add_RFCard)
    Ascii2Userid                             0x08000c09   Thumb Code    40  data_def.o(i.Ascii2Userid)
    BKP_DeInit                               0x08000c31   Thumb Code    16  stm32f10x_bkp.o(i.BKP_DeInit)
    BKP_ReadBackupRegister                   0x08000c41   Thumb Code    24  stm32f10x_bkp.o(i.BKP_ReadBackupRegister)
    BKP_WriteBackupRegister                  0x08000c5d   Thumb Code    22  stm32f10x_bkp.o(i.BKP_WriteBackupRegister)
    BLE_WakeUp                               0x08000c79   Thumb Code    50  ble.o(i.BLE_WakeUp)
    BLE_init                                 0x08000cb1   Thumb Code   204  ble.o(i.BLE_init)
    BusFault_Handler                         0x08000d85   Thumb Code     4  stm32f10x_it.o(i.BusFault_Handler)
    ClearBitMask                             0x08000d89   Thumb Code    26  rc522_function.o(i.ClearBitMask)
    Confirm_Finger                           0x08000da5   Thumb Code    76  finger.o(i.Confirm_Finger)
    Confirm_Password                         0x08000df5   Thumb Code   192  password.o(i.Confirm_Password)
    Confirm_Password_6Bit                    0x08000eb9   Thumb Code    86  password.o(i.Confirm_Password_6Bit)
    Confirm_RFCard                           0x08000f15   Thumb Code    70  rfcard.o(i.Confirm_RFCard)
    Create_NewPasswordBuf                    0x08000f61   Thumb Code    20  password.o(i.Create_NewPasswordBuf)
    DebugMon_Handler                         0x08000f75   Thumb Code     2  stm32f10x_it.o(i.DebugMon_Handler)
    Delete_Finger                            0x08000f79   Thumb Code    76  finger.o(i.Delete_Finger)
    Delete_Password                          0x08000fc9   Thumb Code    44  password.o(i.Delete_Password)
    Delete_RFCard                            0x08000ff9   Thumb Code    40  rfcard.o(i.Delete_RFCard)
    Disp_sentence                            0x08001025   Thumb Code    96  oled.o(i.Disp_sentence)
    Disp_sentence_singleline                 0x08001085   Thumb Code   164  oled.o(i.Disp_sentence_singleline)
    EXTI0_IRQHandler                         0x08001129   Thumb Code    66  stm32f10x_it.o(i.EXTI0_IRQHandler)
    EXTI15_10_IRQHandler                     0x08001179   Thumb Code    74  stm32f10x_it.o(i.EXTI15_10_IRQHandler)
    EXTI9_5_IRQHandler                       0x080011d1   Thumb Code    12  stm32f10x_it.o(i.EXTI9_5_IRQHandler)
    EXTI_ClearITPendingBit                   0x080011dd   Thumb Code     6  stm32f10x_exti.o(i.EXTI_ClearITPendingBit)
    EXTI_Init                                0x080011e9   Thumb Code   142  stm32f10x_exti.o(i.EXTI_Init)
    FLASH_ErasePage                          0x0800127d   Thumb Code    76  stm32f10x_flash.o(i.FLASH_ErasePage)
    FLASH_GetBank1Status                     0x080012cd   Thumb Code    48  stm32f10x_flash.o(i.FLASH_GetBank1Status)
    FLASH_Lock                               0x08001301   Thumb Code    14  stm32f10x_flash.o(i.FLASH_Lock)
    FLASH_ProgramHalfWord                    0x08001315   Thumb Code    64  stm32f10x_flash.o(i.FLASH_ProgramHalfWord)
    FLASH_Unlock                             0x08001359   Thumb Code    12  stm32f10x_flash.o(i.FLASH_Unlock)
    FLASH_WaitForLastOperation               0x08001371   Thumb Code    38  stm32f10x_flash.o(i.FLASH_WaitForLastOperation)
    GPIO_EXTILineConfig                      0x08001399   Thumb Code    60  stm32f10x_gpio.o(i.GPIO_EXTILineConfig)
    GPIO_Init                                0x080013d9   Thumb Code   278  stm32f10x_gpio.o(i.GPIO_Init)
    GPIO_PinRemapConfig                      0x080014f1   Thumb Code   138  stm32f10x_gpio.o(i.GPIO_PinRemapConfig)
    GPIO_ResetBits                           0x08001581   Thumb Code     4  stm32f10x_gpio.o(i.GPIO_ResetBits)
    GPIO_SetBits                             0x08001585   Thumb Code     4  stm32f10x_gpio.o(i.GPIO_SetBits)
    Gate_Init                                0x08001589   Thumb Code    52  gatelock.o(i.Gate_Init)
    Gate_Unlock                              0x080015c1   Thumb Code   100  gatelock.o(i.Gate_Unlock)
    Get_Battery                              0x08001629   Thumb Code   118  vcc_adc.o(i.Get_Battery)
    HardFault_Handler                        0x080016ad   Thumb Code     4  stm32f10x_it.o(i.HardFault_Handler)
    IC_test                                  0x080016d3   Thumb Code    90  rc522_function.o(i.IC_test)
    Interface                                0x08001b25   Thumb Code   472  main.o(i.Interface)
    Interface_Password                       0x08001d35   Thumb Code    64  oled.o(i.Interface_Password)
    Is_Leap_Year                             0x08001d75   Thumb Code    58  rtc.o(i.Is_Leap_Year)
    KeyScan                                  0x08001daf   Thumb Code   108  keyboard.o(i.KeyScan)
    M500PcdConfigISOType                     0x08001e1b   Thumb Code   100  rc522_function.o(i.M500PcdConfigISOType)
    MemManage_Handler                        0x08001e7f   Thumb Code     4  stm32f10x_it.o(i.MemManage_Handler)
    NMI_Handler                              0x08001e83   Thumb Code     2  stm32f10x_it.o(i.NMI_Handler)
    NVIC_Init                                0x08001ed5   Thumb Code   100  misc.o(i.NVIC_Init)
    NVIC_PriorityGroupConfig                 0x08001f45   Thumb Code    10  misc.o(i.NVIC_PriorityGroupConfig)
    NewLed_Init                              0x08001f59   Thumb Code   106  newled.o(i.NewLed_Init)
    OLED_CLS                                 0x08001fd1   Thumb Code    10  oled.o(i.OLED_CLS)
    OLED_Fill                                0x08001fdb   Thumb Code    58  oled.o(i.OLED_Fill)
    OLED_IIC_Init                            0x08002015   Thumb Code    82  oled.o(i.OLED_IIC_Init)
    OLED_Init                                0x0800207d   Thumb Code   198  oled.o(i.OLED_Init)
    OLED_ON                                  0x08002143   Thumb Code    22  oled.o(i.OLED_ON)
    OLED_SetPos                              0x08002159   Thumb Code    36  oled.o(i.OLED_SetPos)
    OLED_Show                                0x0800217d   Thumb Code   192  oled.o(i.OLED_Show)
    OLED_Show_Power                          0x08002245   Thumb Code    68  oled.o(i.OLED_Show_Power)
    PWR_BackupAccessCmd                      0x0800228d   Thumb Code     6  stm32f10x_pwr.o(i.PWR_BackupAccessCmd)
    PcdAntennaOff                            0x08002299   Thumb Code    12  rc522_function.o(i.PcdAntennaOff)
    PcdAntennaOn                             0x080022a5   Thumb Code    26  rc522_function.o(i.PcdAntennaOn)
    PcdAnticoll                              0x080022bf   Thumb Code   114  rc522_function.o(i.PcdAnticoll)
    PcdComMF522                              0x08002331   Thumb Code   306  rc522_function.o(i.PcdComMF522)
    PcdRequest                               0x08002463   Thumb Code    86  rc522_function.o(i.PcdRequest)
    PcdReset                                 0x080024b9   Thumb Code   124  rc522_function.o(i.PcdReset)
    PendSV_Handler                           0x08002539   Thumb Code     2  stm32f10x_it.o(i.PendSV_Handler)
    QS808_CMD_DEL_NUM2                       0x0800253d   Thumb Code   160  qs808_drive.o(i.QS808_CMD_DEL_NUM2)
    QS808_CMD_FINGER_DETECT                  0x080025e1   Thumb Code   126  qs808_drive.o(i.QS808_CMD_FINGER_DETECT)
    QS808_CMD_GENERATE                       0x08002665   Thumb Code   148  qs808_drive.o(i.QS808_CMD_GENERATE)
    QS808_CMD_GET_EMPTY_ID                   0x080026fd   Thumb Code   154  qs808_drive.o(i.QS808_CMD_GET_EMPTY_ID)
    QS808_CMD_MERGE                          0x0800279d   Thumb Code   158  qs808_drive.o(i.QS808_CMD_MERGE)
    QS808_CMD_SEARCH                         0x08002841   Thumb Code   176  qs808_drive.o(i.QS808_CMD_SEARCH)
    QS808_CMD_STORE_CHAR                     0x080028f5   Thumb Code   164  qs808_drive.o(i.QS808_CMD_STORE_CHAR)
    QS808_GET_IMAGE                          0x0800299d   Thumb Code   124  qs808_drive.o(i.QS808_GET_IMAGE)
    QS808_Init                               0x08002a1d   Thumb Code   140  qs808_drive.o(i.QS808_Init)
    QS808_Rec_Buf_refresh                    0x08002ab1   Thumb Code    12  qs808_drive.o(i.QS808_Rec_Buf_refresh)
    QS808_Reset                              0x08002ac1   Thumb Code    58  qs808_drive.o(i.QS808_Reset)
    QS808_SEARCH                             0x08002b01   Thumb Code    96  qs808_drive.o(i.QS808_SEARCH)
    QS808_UART_Init                          0x08002b61   Thumb Code   144  qs808_usart.o(i.QS808_UART_Init)
    QS808_Unpack                             0x08002bf9   Thumb Code   182  qs808_drive.o(i.QS808_Unpack)
    QS808_Wait                               0x08002cb5   Thumb Code    44  qs808_drive.o(i.QS808_Wait)
    QS808_send_byte                          0x08002ce1   Thumb Code    14  qs808_drive.o(i.QS808_send_byte)
    QS808_send_half_word                     0x08002cf5   Thumb Code    40  qs808_drive.o(i.QS808_send_half_word)
    RC522_Init                               0x08002d21   Thumb Code    58  rc522_config.o(i.RC522_Init)
    RC522_USART_Init                         0x08002db1   Thumb Code   122  rc522_config.o(i.RC522_USART_Init)
    RCC_ADCCLKConfig                         0x08002e35   Thumb Code    18  stm32f10x_rcc.o(i.RCC_ADCCLKConfig)
    RCC_APB1PeriphClockCmd                   0x08002e4d   Thumb Code    26  stm32f10x_rcc.o(i.RCC_APB1PeriphClockCmd)
    RCC_APB1PeriphResetCmd                   0x08002e6d   Thumb Code    26  stm32f10x_rcc.o(i.RCC_APB1PeriphResetCmd)
    RCC_APB2PeriphClockCmd                   0x08002e8d   Thumb Code    26  stm32f10x_rcc.o(i.RCC_APB2PeriphClockCmd)
    RCC_APB2PeriphResetCmd                   0x08002ead   Thumb Code    26  stm32f10x_rcc.o(i.RCC_APB2PeriphResetCmd)
    RCC_BackupResetCmd                       0x08002ecd   Thumb Code     6  stm32f10x_rcc.o(i.RCC_BackupResetCmd)
    RCC_GetClocksFreq                        0x08002ed9   Thumb Code   192  stm32f10x_rcc.o(i.RCC_GetClocksFreq)
    RCC_GetFlagStatus                        0x08002fad   Thumb Code    56  stm32f10x_rcc.o(i.RCC_GetFlagStatus)
    RCC_LSEConfig                            0x08002fe9   Thumb Code    46  stm32f10x_rcc.o(i.RCC_LSEConfig)
    RCC_RTCCLKCmd                            0x0800301d   Thumb Code     6  stm32f10x_rcc.o(i.RCC_RTCCLKCmd)
    RCC_RTCCLKConfig                         0x08003029   Thumb Code    12  stm32f10x_rcc.o(i.RCC_RTCCLKConfig)
    RFCard_test                              0x08003039   Thumb Code    90  rfcard.o(i.RFCard_test)
    RTC_ClearITPendingBit                    0x08003095   Thumb Code    12  stm32f10x_rtc.o(i.RTC_ClearITPendingBit)
    RTC_EnterConfigMode                      0x080030a5   Thumb Code    14  stm32f10x_rtc.o(i.RTC_EnterConfigMode)
    RTC_ExitConfigMode                       0x080030b9   Thumb Code    16  stm32f10x_rtc.o(i.RTC_ExitConfigMode)
    RTC_Get                                  0x080030cd   Thumb Code   240  rtc.o(i.RTC_Get)
    RTC_GetCounter                           0x080031cd   Thumb Code    16  stm32f10x_rtc.o(i.RTC_GetCounter)
    RTC_GetITStatus                          0x080031e1   Thumb Code    32  stm32f10x_rtc.o(i.RTC_GetITStatus)
    RTC_Get_Week                             0x08003205   Thumb Code   116  rtc.o(i.RTC_Get_Week)
    RTC_IRQHandler                           0x0800327d   Thumb Code    82  rtc.o(i.RTC_IRQHandler)
    RTC_ITConfig                             0x080032f9   Thumb Code    26  stm32f10x_rtc.o(i.RTC_ITConfig)
    RTC_Init                                 0x08003319   Thumb Code   190  rtc.o(i.RTC_Init)
    RTC_Set                                  0x080033f9   Thumb Code   184  rtc.o(i.RTC_Set)
    RTC_SetCounter                           0x080034c1   Thumb Code    24  stm32f10x_rtc.o(i.RTC_SetCounter)
    RTC_SetPrescaler                         0x080034dd   Thumb Code    26  stm32f10x_rtc.o(i.RTC_SetPrescaler)
    RTC_WaitForLastTask                      0x080034fd   Thumb Code    16  stm32f10x_rtc.o(i.RTC_WaitForLastTask)
    RTC_WaitForSynchro                       0x08003511   Thumb Code    30  stm32f10x_rtc.o(i.RTC_WaitForSynchro)
    ReadRawRC                                0x08003535   Thumb Code    30  rc522_function.o(i.ReadRawRC)
    RecvBuf2Cmdid                            0x08003559   Thumb Code    20  data_def.o(i.RecvBuf2Cmdid)
    RecvBuf2TimeUnlock_SECTION               0x08003571   Thumb Code   130  data_def.o(i.RecvBuf2TimeUnlock_SECTION)
    RecvBuf2Userid                           0x080035f9   Thumb Code    38  data_def.o(i.RecvBuf2Userid)
    STMFLASH_Read                            0x08003625   Thumb Code    26  stmflash.o(i.STMFLASH_Read)
    STMFLASH_Write                           0x08003641   Thumb Code   222  stmflash.o(i.STMFLASH_Write)
    STMFLASH_Write_NoCheck                   0x08003729   Thumb Code    38  stmflash.o(i.STMFLASH_Write_NoCheck)
    SVC_Handler                              0x0800374f   Thumb Code     2  stm32f10x_it.o(i.SVC_Handler)
    SetBitMask                               0x08003751   Thumb Code    26  rc522_function.o(i.SetBitMask)
    SysTick_CLKSourceConfig                  0x08003855   Thumb Code    40  misc.o(i.SysTick_CLKSourceConfig)
    SysTick_Handler                          0x0800387d   Thumb Code     2  stm32f10x_it.o(i.SysTick_Handler)
    SystemInit                               0x08003881   Thumb Code    78  system_stm32f10x.o(i.SystemInit)
    TIM3_IRQHandler                          0x080038e1   Thumb Code    32  timer.o(i.TIM3_IRQHandler)
    TIM3_Int_Init                            0x08003909   Thumb Code    90  timer.o(i.TIM3_Int_Init)
    TIM_ClearITPendingBit                    0x08003969   Thumb Code     6  stm32f10x_tim.o(i.TIM_ClearITPendingBit)
    TIM_Cmd                                  0x0800396f   Thumb Code    24  stm32f10x_tim.o(i.TIM_Cmd)
    TIM_GetITStatus                          0x08003987   Thumb Code    34  stm32f10x_tim.o(i.TIM_GetITStatus)
    TIM_ITConfig                             0x080039a9   Thumb Code    18  stm32f10x_tim.o(i.TIM_ITConfig)
    TIM_TimeBaseInit                         0x080039bd   Thumb Code   122  stm32f10x_tim.o(i.TIM_TimeBaseInit)
    TMS12_ReadOnKey                          0x08003a61   Thumb Code    70  tsm12.o(i.TMS12_ReadOnKey)
    TSM12_Init                               0x08003aa9   Thumb Code   166  tsm12.o(i.TSM12_Init)
    TSM12_Wakeup                             0x08003c41   Thumb Code    30  tsm12.o(i.TSM12_Wakeup)
    TSM12_reg_read                           0x08003c65   Thumb Code    80  tsm12.o(i.TSM12_reg_read)
    TSM12_reg_write                          0x08003cb5   Thumb Code    66  tsm12.o(i.TSM12_reg_write)
    USART1_IRQHandler                        0x08003cf9   Thumb Code    76  stm32f10x_it.o(i.USART1_IRQHandler)
    USART2_IRQHandler                        0x08003d55   Thumb Code    88  stm32f10x_it.o(i.USART2_IRQHandler)
    USART3_IRQHandler                        0x08003db9   Thumb Code    34  rc522_config.o(i.USART3_IRQHandler)
    USART_Cmd                                0x08003de9   Thumb Code    24  stm32f10x_usart.o(i.USART_Cmd)
    USART_DeInit                             0x08003e01   Thumb Code   134  stm32f10x_usart.o(i.USART_DeInit)
    USART_GetFlagStatus                      0x08003e9d   Thumb Code    26  stm32f10x_usart.o(i.USART_GetFlagStatus)
    USART_GetITStatus                        0x08003eb7   Thumb Code    84  stm32f10x_usart.o(i.USART_GetITStatus)
    USART_ITConfig                           0x08003f0b   Thumb Code    74  stm32f10x_usart.o(i.USART_ITConfig)
    USART_Init                               0x08003f55   Thumb Code   210  stm32f10x_usart.o(i.USART_Init)
    USART_ReceiveData                        0x0800402d   Thumb Code    10  stm32f10x_usart.o(i.USART_ReceiveData)
    USART_SendData                           0x08004037   Thumb Code     8  stm32f10x_usart.o(i.USART_SendData)
    UT588C_init                              0x08004041   Thumb Code   106  ut588c.o(i.UT588C_init)
    UT588C_speak                             0x080040bd   Thumb Code   108  ut588c.o(i.UT588C_speak)
    Uart_RC522_SendByte                      0x08004131   Thumb Code    14  rc522_function.o(i.Uart_RC522_SendByte)
    Update_KeyBuf                            0x08004145   Thumb Code   102  password.o(i.Update_KeyBuf)
    UsageFault_Handler                       0x080041ab   Thumb Code     4  stm32f10x_it.o(i.UsageFault_Handler)
    Usart_RecvByte                           0x080041b1   Thumb Code    52  debug_usart.o(i.Usart_RecvByte)
    Usart_RecvOrder                          0x080041ed   Thumb Code    32  debug_usart.o(i.Usart_RecvOrder)
    Usart_SendByte                           0x08004215   Thumb Code    56  debug_usart.o(i.Usart_SendByte)
    Usart_SendFinger_ADD_Error               0x08004255   Thumb Code    70  debug_usart.o(i.Usart_SendFinger_ADD_Error)
    Usart_SendFinger_ADD_Success             0x0800429b   Thumb Code    96  debug_usart.o(i.Usart_SendFinger_ADD_Success)
    Usart_SendFinger_DEL_Error               0x080042fb   Thumb Code    72  debug_usart.o(i.Usart_SendFinger_DEL_Error)
    Usart_SendFinger_DEL_Success             0x08004343   Thumb Code    68  debug_usart.o(i.Usart_SendFinger_DEL_Success)
    Usart_SendPassword_ADD_Error             0x08004387   Thumb Code    70  debug_usart.o(i.Usart_SendPassword_ADD_Error)
    Usart_SendPassword_ADD_Success           0x080043cd   Thumb Code    78  debug_usart.o(i.Usart_SendPassword_ADD_Success)
    Usart_SendPassword_DEL_Error             0x0800441b   Thumb Code    72  debug_usart.o(i.Usart_SendPassword_DEL_Error)
    Usart_SendPassword_DEL_Success           0x08004463   Thumb Code    68  debug_usart.o(i.Usart_SendPassword_DEL_Success)
    Usart_SendRFCard_ADD_Error               0x080044a7   Thumb Code    70  debug_usart.o(i.Usart_SendRFCard_ADD_Error)
    Usart_SendRFCard_ADD_Success             0x080044ed   Thumb Code    78  debug_usart.o(i.Usart_SendRFCard_ADD_Success)
    Usart_SendRFCard_DEL_Error               0x0800453b   Thumb Code    72  debug_usart.o(i.Usart_SendRFCard_DEL_Error)
    Usart_SendRFCard_DEL_Success             0x08004583   Thumb Code    68  debug_usart.o(i.Usart_SendRFCard_DEL_Success)
    Usart_SendUserId                         0x080045c7   Thumb Code    38  debug_usart.o(i.Usart_SendUserId)
    Userid2Ascii                             0x080045ed   Thumb Code    60  data_def.o(i.Userid2Ascii)
    VCC_Adc_Init                             0x08004629   Thumb Code   150  vcc_adc.o(i.VCC_Adc_Init)
    VCC_Get_Adc                              0x080046c9   Thumb Code    46  vcc_adc.o(i.VCC_Get_Adc)
    VCC_Get_Adc_Average                      0x080046fd   Thumb Code    46  vcc_adc.o(i.VCC_Get_Adc_Average)
    Wait_Key                                 0x0800472b   Thumb Code    24  keyboard.o(i.Wait_Key)
    WriteCmd                                 0x08004743   Thumb Code    14  oled.o(i.WriteCmd)
    WriteDat                                 0x08004751   Thumb Code    14  oled.o(i.WriteDat)
    WriteRawRC                               0x08004761   Thumb Code    30  rc522_function.o(i.WriteRawRC)
    __0printf$3                              0x08004785   Thumb Code    22  printf3.o(i.__0printf$3)
    __1printf$3                              0x08004785   Thumb Code     0  printf3.o(i.__0printf$3)
    __2printf                                0x08004785   Thumb Code     0  printf3.o(i.__0printf$3)
    __scatterload_copy                       0x080047a5   Thumb Code    14  handlers.o(i.__scatterload_copy)
    __scatterload_null                       0x080047b3   Thumb Code     2  handlers.o(i.__scatterload_null)
    __scatterload_zeroinit                   0x080047b5   Thumb Code    14  handlers.o(i.__scatterload_zeroinit)
    debug_usart_init                         0x0800497d   Thumb Code   160  debug_usart.o(i.debug_usart_init)
    delay_init                               0x08004a25   Thumb Code    50  delay.o(i.delay_init)
    delay_ms                                 0x08004a69   Thumb Code    72  delay.o(i.delay_ms)
    delay_us                                 0x08004ab5   Thumb Code    72  delay.o(i.delay_us)
    fputc                                    0x08004b01   Thumb Code    32  debug_usart.o(i.fputc)
    led_on_all                               0x08004b25   Thumb Code   108  newled.o(i.led_on_all)
    main                                     0x08004b9d   Thumb Code   886  main.o(i.main)
    pUsart_SendByte                          0x08004f51   Thumb Code    30  debug_usart.o(i.pUsart_SendByte)
    pUsart_SentMessage                       0x08004f6f   Thumb Code    62  debug_usart.o(i.pUsart_SentMessage)
    power_ctrl_init                          0x08004fad   Thumb Code    64  power_ctrl.o(i.power_ctrl_init)
    show_clock_open_big                      0x08004ff1   Thumb Code    60  oled.o(i.show_clock_open_big)
    table_week                               0x08005030   Data          12  rtc.o(.constdata)
    mon_table                                0x0800503c   Data          12  rtc.o(.constdata)
    Logo_Power                               0x08005048   Data         120  oled.o(.constdata)
    HZ16x16                                  0x080050c0   Data        4386  oled.o(.constdata)
    F8X16                                    0x080061e2   Data        1520  oled.o(.constdata)
    F8X16_inverse                            0x080067d2   Data         160  oled.o(.constdata)
    IMG_CLOSE_CLOCK                          0x08006872   Data         768  oled.o(.constdata)
    IMG_OPEN_CLOCK                           0x08006b72   Data         768  oled.o(.constdata)
    IMG_NUM_2448                             0x08006e72   Data        1440  oled.o(.constdata)
    IMG_POT                                  0x08007412   Data         144  oled.o(.constdata)
    IMG_HAMMER                               0x080074a2   Data          32  oled.o(.constdata)
    Region$$Table$$Base                      0x080074c4   Number         0  anon$$obj.o(Region$$Table)
    Region$$Table$$Limit                     0x080074e4   Number         0  anon$$obj.o(Region$$Table)
    SystemCoreClock                          0x20000000   Data           4  system_stm32f10x.o(.data)
    AHBPrescTable                            0x20000004   Data          16  system_stm32f10x.o(.data)
    Battery_quantity                         0x20000028   Data           4  main.o(.data)
    SLEEP_MAX                                0x2000002c   Data           1  main.o(.data)
    WAKEUP_SOURCE                            0x2000002d   Data           1  stm32f10x_it.o(.data)
    debug_data_read_flag                     0x2000002e   Data           1  stm32f10x_it.o(.data)
    cnt                                      0x2000002f   Data           1  stm32f10x_it.o(.data)
    USART1_RecvBuf_Length                    0x20000034   Data           1  debug_usart.o(.data)
    USART_Recv_Flag                          0x20000035   Data           1  debug_usart.o(.data)
    WAKEUP_FLAG                              0x2000003a   Data           1  power_ctrl.o(.data)
    timenew                                  0x2000003c   Data           1  rtc.o(.data)
    RC522_usart_flag                         0x20000040   Data           1  rc522_config.o(.data)
    RC522_rec                                0x20000041   Data           1  rc522_config.o(.data)
    ms10_cnt                                 0x20000044   Data           4  timer.o(.data)
    __stdout                                 0x20000048   Data           4  stdout.o(.data)
    USART_RecvBuf                            0x2000004c   Data          42  debug_usart.o(.bss)
    QS808_Rec_Buf                            0x20000076   Data          33  qs808_drive.o(.bss)
    calendar                                 0x20000098   Data          10  rtc.o(.bss)
    STMFLASH_BUF                             0x200000a2   Data        1024  stmflash.o(.bss)
    __initial_sp                             0x200008a8   Data           0  startup_stm32f10x_md.o(STACK)



==============================================================================

Memory Map of the image

  Image Entry point : 0x080000ed

  Load Region LR_IROM1 (Base: 0x08000000, Size: 0x00007530, Max: 0x00010000, ABSOLUTE)

    Execution Region ER_IROM1 (Base: 0x08000000, Size: 0x000074e4, Max: 0x00010000, ABSOLUTE)

    Base Addr    Size         Type   Attr      Idx    E Section Name        Object

    0x08000000   0x000000ec   Data   RO            3    RESET               startup_stm32f10x_md.o
    0x080000ec   0x00000000   Code   RO         4608  * .ARM.Collect$$$$00000000  mc_w.l(entry.o)
    0x080000ec   0x00000004   Code   RO         4894    .ARM.Collect$$$$00000001  mc_w.l(entry2.o)
    0x080000f0   0x00000004   Code   RO         4897    .ARM.Collect$$$$00000004  mc_w.l(entry5.o)
    0x080000f4   0x00000000   Code   RO         4899    .ARM.Collect$$$$00000008  mc_w.l(entry7b.o)
    0x080000f4   0x00000000   Code   RO         4901    .ARM.Collect$$$$0000000A  mc_w.l(entry8b.o)
    0x080000f4   0x00000008   Code   RO         4902    .ARM.Collect$$$$0000000B  mc_w.l(entry9a.o)
    0x080000fc   0x00000000   Code   RO         4904    .ARM.Collect$$$$0000000D  mc_w.l(entry10a.o)
    0x080000fc   0x00000000   Code   RO         4906    .ARM.Collect$$$$0000000F  mc_w.l(entry11a.o)
    0x080000fc   0x00000004   Code   RO         4895    .ARM.Collect$$$$00002712  mc_w.l(entry2.o)
    0x08000100   0x00000024   Code   RO            4    .text               startup_stm32f10x_md.o
    0x08000124   0x000000b0   Code   RO         4878    .text               mf_w.l(fadd.o)
    0x080001d4   0x00000064   Code   RO         4880    .text               mf_w.l(fmul.o)
    0x08000238   0x000000e4   Code   RO         4882    .text               mf_w.l(dmul.o)
    0x0800031c   0x000000de   Code   RO         4884    .text               mf_w.l(ddiv.o)
    0x080003fa   0x0000001a   Code   RO         4886    .text               mf_w.l(dfltui.o)
    0x08000414   0x00000026   Code   RO         4888    .text               mf_w.l(f2d.o)
    0x0800043a   0x00000002   PAD
    0x0800043c   0x00000030   Code   RO         4890    .text               mf_w.l(cdcmple.o)
    0x0800046c   0x00000038   Code   RO         4892    .text               mf_w.l(d2f.o)
    0x080004a4   0x0000002c   Code   RO         4909    .text               mc_w.l(uidiv.o)
    0x080004d0   0x00000000   Code   RO         4913    .text               mc_w.l(iusefp.o)
    0x080004d0   0x0000006e   Code   RO         4914    .text               mf_w.l(fepilogue.o)
    0x0800053e   0x000000ba   Code   RO         4916    .text               mf_w.l(depilogue.o)
    0x080005f8   0x00000024   Code   RO         4924    .text               mc_w.l(init.o)
    0x0800061c   0x0000001e   Code   RO         4926    .text               mc_w.l(llshl.o)
    0x0800063a   0x00000020   Code   RO         4928    .text               mc_w.l(llushr.o)
    0x0800065a   0x00000016   Code   RO          135    i.ADC_Cmd           stm32f10x_adc.o
    0x08000670   0x0000005c   Code   RO          137    i.ADC_DeInit        stm32f10x_adc.o
    0x080006cc   0x00000014   Code   RO          143    i.ADC_GetCalibrationStatus  stm32f10x_adc.o
    0x080006e0   0x00000008   Code   RO          144    i.ADC_GetConversionValue  stm32f10x_adc.o
    0x080006e8   0x00000012   Code   RO          146    i.ADC_GetFlagStatus  stm32f10x_adc.o
    0x080006fa   0x00000014   Code   RO          149    i.ADC_GetResetCalibrationStatus  stm32f10x_adc.o
    0x0800070e   0x00000002   PAD
    0x08000710   0x00000050   Code   RO          153    i.ADC_Init          stm32f10x_adc.o
    0x08000760   0x000000b8   Code   RO          157    i.ADC_RegularChannelConfig  stm32f10x_adc.o
    0x08000818   0x0000000a   Code   RO          158    i.ADC_ResetCalibration  stm32f10x_adc.o
    0x08000822   0x00000016   Code   RO          160    i.ADC_SoftwareStartConvCmd  stm32f10x_adc.o
    0x08000838   0x0000000a   Code   RO          162    i.ADC_StartCalibration  stm32f10x_adc.o
    0x08000842   0x00000002   PAD
    0x08000844   0x00000024   Code   RO          164    i.ADC_TempSensorVrefintCmd  stm32f10x_adc.o
    0x08000868   0x0000018c   Code   RO         4283    i.Add_Finger        finger.o
    0x080009f4   0x00000150   Code   RO         4307    i.Add_Password      password.o
    0x08000b44   0x000000c4   Code   RO         4253    i.Add_RFCard        rfcard.o
    0x08000c08   0x00000028   Code   RO         3714    i.Ascii2Userid      data_def.o
    0x08000c30   0x00000010   Code   RO          356    i.BKP_DeInit        stm32f10x_bkp.o
    0x08000c40   0x0000001c   Code   RO          361    i.BKP_ReadBackupRegister  stm32f10x_bkp.o
    0x08000c5c   0x0000001c   Code   RO          365    i.BKP_WriteBackupRegister  stm32f10x_bkp.o
    0x08000c78   0x00000038   Code   RO         4212    i.BLE_WakeUp        ble.o
    0x08000cb0   0x000000d4   Code   RO         4213    i.BLE_init          ble.o
    0x08000d84   0x00000004   Code   RO         3171    i.BusFault_Handler  stm32f10x_it.o
    0x08000d88   0x0000001a   Code   RO         3846    i.ClearBitMask      rc522_function.o
    0x08000da2   0x00000002   PAD
    0x08000da4   0x00000050   Code   RO         4284    i.Confirm_Finger    finger.o
    0x08000df4   0x000000c4   Code   RO         4308    i.Confirm_Password  password.o
    0x08000eb8   0x0000005c   Code   RO         4309    i.Confirm_Password_6Bit  password.o
    0x08000f14   0x0000004c   Code   RO         4254    i.Confirm_RFCard    rfcard.o
    0x08000f60   0x00000014   Code   RO         4310    i.Create_NewPasswordBuf  password.o
    0x08000f74   0x00000002   Code   RO         3172    i.DebugMon_Handler  stm32f10x_it.o
    0x08000f76   0x00000002   PAD
    0x08000f78   0x00000050   Code   RO         4285    i.Delete_Finger     finger.o
    0x08000fc8   0x00000030   Code   RO         4311    i.Delete_Password   password.o
    0x08000ff8   0x0000002c   Code   RO         4255    i.Delete_RFCard     rfcard.o
    0x08001024   0x00000060   Code   RO         4391    i.Disp_sentence     oled.o
    0x08001084   0x000000a4   Code   RO         4392    i.Disp_sentence_singleline  oled.o
    0x08001128   0x00000050   Code   RO         3173    i.EXTI0_IRQHandler  stm32f10x_it.o
    0x08001178   0x00000058   Code   RO         3174    i.EXTI15_10_IRQHandler  stm32f10x_it.o
    0x080011d0   0x0000000c   Code   RO         3175    i.EXTI9_5_IRQHandler  stm32f10x_it.o
    0x080011dc   0x0000000c   Code   RO          879    i.EXTI_ClearITPendingBit  stm32f10x_exti.o
    0x080011e8   0x00000094   Code   RO          884    i.EXTI_Init         stm32f10x_exti.o
    0x0800127c   0x00000050   Code   RO          937    i.FLASH_ErasePage   stm32f10x_flash.o
    0x080012cc   0x00000034   Code   RO          938    i.FLASH_GetBank1Status  stm32f10x_flash.o
    0x08001300   0x00000014   Code   RO          947    i.FLASH_Lock        stm32f10x_flash.o
    0x08001314   0x00000044   Code   RO          950    i.FLASH_ProgramHalfWord  stm32f10x_flash.o
    0x08001358   0x00000018   Code   RO          955    i.FLASH_Unlock      stm32f10x_flash.o
    0x08001370   0x00000026   Code   RO          959    i.FLASH_WaitForLastOperation  stm32f10x_flash.o
    0x08001396   0x00000002   PAD
    0x08001398   0x00000040   Code   RO         1232    i.GPIO_EXTILineConfig  stm32f10x_gpio.o
    0x080013d8   0x00000116   Code   RO         1235    i.GPIO_Init         stm32f10x_gpio.o
    0x080014ee   0x00000002   PAD
    0x080014f0   0x00000090   Code   RO         1237    i.GPIO_PinRemapConfig  stm32f10x_gpio.o
    0x08001580   0x00000004   Code   RO         1242    i.GPIO_ResetBits    stm32f10x_gpio.o
    0x08001584   0x00000004   Code   RO         1243    i.GPIO_SetBits      stm32f10x_gpio.o
    0x08001588   0x00000038   Code   RO         4350    i.Gate_Init         gatelock.o
    0x080015c0   0x00000068   Code   RO         4351    i.Gate_Unlock       gatelock.o
    0x08001628   0x00000084   Code   RO         4044    i.Get_Battery       vcc_adc.o
    0x080016ac   0x00000004   Code   RO         3176    i.HardFault_Handler  stm32f10x_it.o
    0x080016b0   0x00000022   Code   RO         4393    i.I2C_Write_Data    oled.o
    0x080016d2   0x0000005a   Code   RO         3848    i.IC_test           rc522_function.o
    0x0800172c   0x00000050   Code   RO         4121    i.IIC_Ack           tsm12.o
    0x0800177c   0x00000050   Code   RO         4122    i.IIC_NAck          tsm12.o
    0x080017cc   0x00000070   Code   RO         4123    i.IIC_Read_Byte     tsm12.o
    0x0800183c   0x00000074   Code   RO         4124    i.IIC_Send_Byte     tsm12.o
    0x080018b0   0x00000078   Code   RO         4394    i.IIC_Send_Byte     oled.o
    0x08001928   0x0000004c   Code   RO         4125    i.IIC_Start         tsm12.o
    0x08001974   0x0000004c   Code   RO         4395    i.IIC_Start         oled.o
    0x080019c0   0x0000004c   Code   RO         4126    i.IIC_Stop          tsm12.o
    0x08001a0c   0x0000004c   Code   RO         4396    i.IIC_Stop          oled.o
    0x08001a58   0x00000068   Code   RO         4127    i.IIC_Wait_Ack      tsm12.o
    0x08001ac0   0x00000064   Code   RO         4397    i.IIC_Wait_Ack      oled.o
    0x08001b24   0x00000210   Code   RO         3066    i.Interface         main.o
    0x08001d34   0x00000040   Code   RO         4398    i.Interface_Password  oled.o
    0x08001d74   0x0000003a   Code   RO         3751    i.Is_Leap_Year      rtc.o
    0x08001dae   0x0000006c   Code   RO         4368    i.KeyScan           keyboard.o
    0x08001e1a   0x00000064   Code   RO         3849    i.M500PcdConfigISOType  rc522_function.o
    0x08001e7e   0x00000004   Code   RO         3177    i.MemManage_Handler  stm32f10x_it.o
    0x08001e82   0x00000002   Code   RO         3178    i.NMI_Handler       stm32f10x_it.o
    0x08001e84   0x0000002a   Code   RO         3341    i.NVIC_Configuration  debug_usart.o
    0x08001eae   0x00000026   Code   RO         3482    i.NVIC_Configuration  qs808_usart.o
    0x08001ed4   0x00000070   Code   RO           89    i.NVIC_Init         misc.o
    0x08001f44   0x00000014   Code   RO           90    i.NVIC_PriorityGroupConfig  misc.o
    0x08001f58   0x00000078   Code   RO         4581    i.NewLed_Init       newled.o
    0x08001fd0   0x0000000a   Code   RO         4399    i.OLED_CLS          oled.o
    0x08001fda   0x0000003a   Code   RO         4400    i.OLED_Fill         oled.o
    0x08002014   0x00000068   Code   RO         4401    i.OLED_IIC_Init     oled.o
    0x0800207c   0x000000c6   Code   RO         4402    i.OLED_Init         oled.o
    0x08002142   0x00000016   Code   RO         4404    i.OLED_ON           oled.o
    0x08002158   0x00000024   Code   RO         4405    i.OLED_SetPos       oled.o
    0x0800217c   0x000000c8   Code   RO         4406    i.OLED_Show         oled.o
    0x08002244   0x00000048   Code   RO         4407    i.OLED_Show_Power   oled.o
    0x0800228c   0x0000000c   Code   RO         1589    i.PWR_BackupAccessCmd  stm32f10x_pwr.o
    0x08002298   0x0000000c   Code   RO         3850    i.PcdAntennaOff     rc522_function.o
    0x080022a4   0x0000001a   Code   RO         3851    i.PcdAntennaOn      rc522_function.o
    0x080022be   0x00000072   Code   RO         3852    i.PcdAnticoll       rc522_function.o
    0x08002330   0x00000132   Code   RO         3854    i.PcdComMF522       rc522_function.o
    0x08002462   0x00000056   Code   RO         3857    i.PcdRequest        rc522_function.o
    0x080024b8   0x00000080   Code   RO         3858    i.PcdReset          rc522_function.o
    0x08002538   0x00000002   Code   RO         3179    i.PendSV_Handler    stm32f10x_it.o
    0x0800253a   0x00000002   PAD
    0x0800253c   0x000000a4   Code   RO         3529    i.QS808_CMD_DEL_NUM2  qs808_drive.o
    0x080025e0   0x00000084   Code   RO         3530    i.QS808_CMD_FINGER_DETECT  qs808_drive.o
    0x08002664   0x00000098   Code   RO         3531    i.QS808_CMD_GENERATE  qs808_drive.o
    0x080026fc   0x000000a0   Code   RO         3532    i.QS808_CMD_GET_EMPTY_ID  qs808_drive.o
    0x0800279c   0x000000a4   Code   RO         3534    i.QS808_CMD_MERGE   qs808_drive.o
    0x08002840   0x000000b4   Code   RO         3535    i.QS808_CMD_SEARCH  qs808_drive.o
    0x080028f4   0x000000a8   Code   RO         3536    i.QS808_CMD_STORE_CHAR  qs808_drive.o
    0x0800299c   0x00000080   Code   RO         3539    i.QS808_GET_IMAGE   qs808_drive.o
    0x08002a1c   0x00000094   Code   RO         3540    i.QS808_Init        qs808_drive.o
    0x08002ab0   0x00000010   Code   RO         3543    i.QS808_Rec_Buf_refresh  qs808_drive.o
    0x08002ac0   0x00000040   Code   RO         3544    i.QS808_Reset       qs808_drive.o
    0x08002b00   0x00000060   Code   RO         3545    i.QS808_SEARCH      qs808_drive.o
    0x08002b60   0x00000098   Code   RO         3483    i.QS808_UART_Init   qs808_usart.o
    0x08002bf8   0x000000bc   Code   RO         3548    i.QS808_Unpack      qs808_drive.o
    0x08002cb4   0x0000002c   Code   RO         3549    i.QS808_Wait        qs808_drive.o
    0x08002ce0   0x00000014   Code   RO         3550    i.QS808_send_byte   qs808_drive.o
    0x08002cf4   0x0000002c   Code   RO         3551    i.QS808_send_half_word  qs808_drive.o
    0x08002d20   0x00000040   Code   RO         3978    i.RC522_Init        rc522_config.o
    0x08002d60   0x00000050   Code   RO         3980    i.RC522_SPI_Config  rc522_config.o
    0x08002db0   0x00000084   Code   RO         3981    i.RC522_USART_Init  rc522_config.o
    0x08002e34   0x00000018   Code   RO         1652    i.RCC_ADCCLKConfig  stm32f10x_rcc.o
    0x08002e4c   0x00000020   Code   RO         1654    i.RCC_APB1PeriphClockCmd  stm32f10x_rcc.o
    0x08002e6c   0x00000020   Code   RO         1655    i.RCC_APB1PeriphResetCmd  stm32f10x_rcc.o
    0x08002e8c   0x00000020   Code   RO         1656    i.RCC_APB2PeriphClockCmd  stm32f10x_rcc.o
    0x08002eac   0x00000020   Code   RO         1657    i.RCC_APB2PeriphResetCmd  stm32f10x_rcc.o
    0x08002ecc   0x0000000c   Code   RO         1659    i.RCC_BackupResetCmd  stm32f10x_rcc.o
    0x08002ed8   0x000000d4   Code   RO         1664    i.RCC_GetClocksFreq  stm32f10x_rcc.o
    0x08002fac   0x0000003c   Code   RO         1665    i.RCC_GetFlagStatus  stm32f10x_rcc.o
    0x08002fe8   0x00000034   Code   RO         1672    i.RCC_LSEConfig     stm32f10x_rcc.o
    0x0800301c   0x0000000c   Code   RO         1679    i.RCC_RTCCLKCmd     stm32f10x_rcc.o
    0x08003028   0x00000010   Code   RO         1680    i.RCC_RTCCLKConfig  stm32f10x_rcc.o
    0x08003038   0x0000005a   Code   RO         4256    i.RFCard_test       rfcard.o
    0x08003092   0x00000002   PAD
    0x08003094   0x00000010   Code   RO         1853    i.RTC_ClearITPendingBit  stm32f10x_rtc.o
    0x080030a4   0x00000014   Code   RO         1854    i.RTC_EnterConfigMode  stm32f10x_rtc.o
    0x080030b8   0x00000014   Code   RO         1855    i.RTC_ExitConfigMode  stm32f10x_rtc.o
    0x080030cc   0x00000100   Code   RO         3753    i.RTC_Get           rtc.o
    0x080031cc   0x00000014   Code   RO         1856    i.RTC_GetCounter    stm32f10x_rtc.o
    0x080031e0   0x00000024   Code   RO         1859    i.RTC_GetITStatus   stm32f10x_rtc.o
    0x08003204   0x00000078   Code   RO         3754    i.RTC_Get_Week      rtc.o
    0x0800327c   0x0000007c   Code   RO         3755    i.RTC_IRQHandler    rtc.o
    0x080032f8   0x00000020   Code   RO         1860    i.RTC_ITConfig      stm32f10x_rtc.o
    0x08003318   0x000000be   Code   RO         3756    i.RTC_Init          rtc.o
    0x080033d6   0x00000020   Code   RO         3757    i.RTC_NVIC_Config   rtc.o
    0x080033f6   0x00000002   PAD
    0x080033f8   0x000000c8   Code   RO         3758    i.RTC_Set           rtc.o
    0x080034c0   0x0000001c   Code   RO         1862    i.RTC_SetCounter    stm32f10x_rtc.o
    0x080034dc   0x00000020   Code   RO         1863    i.RTC_SetPrescaler  stm32f10x_rtc.o
    0x080034fc   0x00000014   Code   RO         1864    i.RTC_WaitForLastTask  stm32f10x_rtc.o
    0x08003510   0x00000024   Code   RO         1865    i.RTC_WaitForSynchro  stm32f10x_rtc.o
    0x08003534   0x00000024   Code   RO         3862    i.ReadRawRC         rc522_function.o
    0x08003558   0x00000018   Code   RO         3715    i.RecvBuf2Cmdid     data_def.o
    0x08003570   0x00000088   Code   RO         3716    i.RecvBuf2TimeUnlock_SECTION  data_def.o
    0x080035f8   0x0000002c   Code   RO         3717    i.RecvBuf2Userid    data_def.o
    0x08003624   0x0000001a   Code   RO         3812    i.STMFLASH_Read     stmflash.o
    0x0800363e   0x00000002   PAD
    0x08003640   0x000000e8   Code   RO         3814    i.STMFLASH_Write    stmflash.o
    0x08003728   0x00000026   Code   RO         3815    i.STMFLASH_Write_NoCheck  stmflash.o
    0x0800374e   0x00000002   Code   RO         3180    i.SVC_Handler       stm32f10x_it.o
    0x08003750   0x0000001a   Code   RO         3863    i.SetBitMask        rc522_function.o
    0x0800376a   0x00000008   Code   RO           24    i.SetSysClock       system_stm32f10x.o
    0x08003772   0x00000002   PAD
    0x08003774   0x000000e0   Code   RO           25    i.SetSysClockTo72   system_stm32f10x.o
    0x08003854   0x00000028   Code   RO           93    i.SysTick_CLKSourceConfig  misc.o
    0x0800387c   0x00000002   Code   RO         3181    i.SysTick_Handler   stm32f10x_it.o
    0x0800387e   0x00000002   PAD
    0x08003880   0x00000060   Code   RO           27    i.SystemInit        system_stm32f10x.o
    0x080038e0   0x00000028   Code   RO         4019    i.TIM3_IRQHandler   timer.o
    0x08003908   0x00000060   Code   RO         4020    i.TIM3_Int_Init     timer.o
    0x08003968   0x00000006   Code   RO         2289    i.TIM_ClearITPendingBit  stm32f10x_tim.o
    0x0800396e   0x00000018   Code   RO         2294    i.TIM_Cmd           stm32f10x_tim.o
    0x08003986   0x00000022   Code   RO         2315    i.TIM_GetITStatus   stm32f10x_tim.o
    0x080039a8   0x00000012   Code   RO         2319    i.TIM_ITConfig      stm32f10x_tim.o
    0x080039ba   0x00000002   PAD
    0x080039bc   0x000000a4   Code   RO         2365    i.TIM_TimeBaseInit  stm32f10x_tim.o
    0x08003a60   0x00000046   Code   RO         4128    i.TMS12_ReadOnKey   tsm12.o
    0x08003aa6   0x00000002   PAD
    0x08003aa8   0x000000ac   Code   RO         4129    i.TSM12_Init        tsm12.o
    0x08003b54   0x000000ec   Code   RO         4130    i.TSM12_PIN_Init    tsm12.o
    0x08003c40   0x00000024   Code   RO         4132    i.TSM12_Wakeup      tsm12.o
    0x08003c64   0x00000050   Code   RO         4133    i.TSM12_reg_read    tsm12.o
    0x08003cb4   0x00000042   Code   RO         4134    i.TSM12_reg_write   tsm12.o
    0x08003cf6   0x00000002   PAD
    0x08003cf8   0x0000005c   Code   RO         3182    i.USART1_IRQHandler  stm32f10x_it.o
    0x08003d54   0x00000064   Code   RO         3183    i.USART2_IRQHandler  stm32f10x_it.o
    0x08003db8   0x00000030   Code   RO         3982    i.USART3_IRQHandler  rc522_config.o
    0x08003de8   0x00000018   Code   RO         2833    i.USART_Cmd         stm32f10x_usart.o
    0x08003e00   0x0000009c   Code   RO         2835    i.USART_DeInit      stm32f10x_usart.o
    0x08003e9c   0x0000001a   Code   RO         2836    i.USART_GetFlagStatus  stm32f10x_usart.o
    0x08003eb6   0x00000054   Code   RO         2837    i.USART_GetITStatus  stm32f10x_usart.o
    0x08003f0a   0x0000004a   Code   RO         2839    i.USART_ITConfig    stm32f10x_usart.o
    0x08003f54   0x000000d8   Code   RO         2840    i.USART_Init        stm32f10x_usart.o
    0x0800402c   0x0000000a   Code   RO         2847    i.USART_ReceiveData  stm32f10x_usart.o
    0x08004036   0x00000008   Code   RO         2850    i.USART_SendData    stm32f10x_usart.o
    0x0800403e   0x00000002   PAD
    0x08004040   0x0000007c   Code   RO         4103    i.UT588C_init       ut588c.o
    0x080040bc   0x00000074   Code   RO         4104    i.UT588C_speak      ut588c.o
    0x08004130   0x00000014   Code   RO         3864    i.Uart_RC522_SendByte  rc522_function.o
    0x08004144   0x00000066   Code   RO         4312    i.Update_KeyBuf     password.o
    0x080041aa   0x00000004   Code   RO         3184    i.UsageFault_Handler  stm32f10x_it.o
    0x080041ae   0x00000002   PAD
    0x080041b0   0x0000003c   Code   RO         3342    i.Usart_RecvByte    debug_usart.o
    0x080041ec   0x00000028   Code   RO         3343    i.Usart_RecvOrder   debug_usart.o
    0x08004214   0x00000040   Code   RO         3344    i.Usart_SendByte    debug_usart.o
    0x08004254   0x00000046   Code   RO         3345    i.Usart_SendFinger_ADD_Error  debug_usart.o
    0x0800429a   0x00000060   Code   RO         3346    i.Usart_SendFinger_ADD_Success  debug_usart.o
    0x080042fa   0x00000048   Code   RO         3347    i.Usart_SendFinger_DEL_Error  debug_usart.o
    0x08004342   0x00000044   Code   RO         3348    i.Usart_SendFinger_DEL_Success  debug_usart.o
    0x08004386   0x00000046   Code   RO         3349    i.Usart_SendPassword_ADD_Error  debug_usart.o
    0x080043cc   0x0000004e   Code   RO         3350    i.Usart_SendPassword_ADD_Success  debug_usart.o
    0x0800441a   0x00000048   Code   RO         3351    i.Usart_SendPassword_DEL_Error  debug_usart.o
    0x08004462   0x00000044   Code   RO         3352    i.Usart_SendPassword_DEL_Success  debug_usart.o
    0x080044a6   0x00000046   Code   RO         3353    i.Usart_SendRFCard_ADD_Error  debug_usart.o
    0x080044ec   0x0000004e   Code   RO         3354    i.Usart_SendRFCard_ADD_Success  debug_usart.o
    0x0800453a   0x00000048   Code   RO         3355    i.Usart_SendRFCard_DEL_Error  debug_usart.o
    0x08004582   0x00000044   Code   RO         3356    i.Usart_SendRFCard_DEL_Success  debug_usart.o
    0x080045c6   0x00000026   Code   RO         3357    i.Usart_SendUserId  debug_usart.o
    0x080045ec   0x0000003c   Code   RO         3718    i.Userid2Ascii      data_def.o
    0x08004628   0x000000a0   Code   RO         4045    i.VCC_Adc_Init      vcc_adc.o
    0x080046c8   0x00000034   Code   RO         4047    i.VCC_Get_Adc       vcc_adc.o
    0x080046fc   0x0000002e   Code   RO         4048    i.VCC_Get_Adc_Average  vcc_adc.o
    0x0800472a   0x00000018   Code   RO         4369    i.Wait_Key          keyboard.o
    0x08004742   0x0000000e   Code   RO         4409    i.WriteCmd          oled.o
    0x08004750   0x0000000e   Code   RO         4410    i.WriteDat          oled.o
    0x0800475e   0x00000002   PAD
    0x08004760   0x00000024   Code   RO         3865    i.WriteRawRC        rc522_function.o
    0x08004784   0x00000020   Code   RO         4706    i.__0printf$3       mc_w.l(printf3.o)
    0x080047a4   0x0000000e   Code   RO         4934    i.__scatterload_copy  mc_w.l(handlers.o)
    0x080047b2   0x00000002   Code   RO         4935    i.__scatterload_null  mc_w.l(handlers.o)
    0x080047b4   0x0000000e   Code   RO         4936    i.__scatterload_zeroinit  mc_w.l(handlers.o)
    0x080047c2   0x00000002   PAD
    0x080047c4   0x000001b8   Code   RO         4713    i._printf_core      mc_w.l(printf3.o)
    0x0800497c   0x000000a8   Code   RO         3358    i.debug_usart_init  debug_usart.o
    0x08004a24   0x00000044   Code   RO         3501    i.delay_init        delay.o
    0x08004a68   0x0000004c   Code   RO         3502    i.delay_ms          delay.o
    0x08004ab4   0x0000004c   Code   RO         3503    i.delay_us          delay.o
    0x08004b00   0x00000024   Code   RO         3360    i.fputc             debug_usart.o
    0x08004b24   0x00000078   Code   RO         4583    i.led_on_all        newled.o
    0x08004b9c   0x000003b4   Code   RO         3067    i.main              main.o
    0x08004f50   0x0000001e   Code   RO         3361    i.pUsart_SendByte   debug_usart.o
    0x08004f6e   0x0000003e   Code   RO         3362    i.pUsart_SentMessage  debug_usart.o
    0x08004fac   0x00000044   Code   RO         3689    i.power_ctrl_init   power_ctrl.o
    0x08004ff0   0x00000040   Code   RO         4415    i.show_clock_open_big  oled.o
    0x08005030   0x00000018   Data   RO         3760    .constdata          rtc.o
    0x08005048   0x0000247a   Data   RO         4419    .constdata          oled.o
    0x080074c2   0x00000002   PAD
    0x080074c4   0x00000020   Data   RO         4932    Region$$Table       anon$$obj.o


    Execution Region RW_IRAM1 (Base: 0x20000000, Size: 0x000008a8, Max: 0x00005000, ABSOLUTE)

    Base Addr    Size         Type   Attr      Idx    E Section Name        Object

    0x20000000   0x00000014   Data   RW           28    .data               system_stm32f10x.o
    0x20000014   0x00000014   Data   RW         1684    .data               stm32f10x_rcc.o
    0x20000028   0x00000005   Data   RW         3068    .data               main.o
    0x2000002d   0x00000003   Data   RW         3185    .data               stm32f10x_it.o
    0x20000030   0x00000006   Data   RW         3364    .data               debug_usart.o
    0x20000036   0x00000004   Data   RW         3504    .data               delay.o
    0x2000003a   0x00000001   Data   RW         3690    .data               power_ctrl.o
    0x2000003b   0x00000001   PAD
    0x2000003c   0x00000004   Data   RW         3761    .data               rtc.o
    0x20000040   0x00000002   Data   RW         3983    .data               rc522_config.o
    0x20000042   0x00000002   PAD
    0x20000044   0x00000004   Data   RW         4021    .data               timer.o
    0x20000048   0x00000004   Data   RW         4908    .data               mc_w.l(stdout.o)
    0x2000004c   0x0000002a   Zero   RW         3363    .bss                debug_usart.o
    0x20000076   0x00000021   Zero   RW         3552    .bss                qs808_drive.o
    0x20000097   0x00000001   PAD
    0x20000098   0x0000000a   Zero   RW         3759    .bss                rtc.o
    0x200000a2   0x00000400   Zero   RW         3816    .bss                stmflash.o
    0x200004a2   0x00000006   PAD
    0x200004a8   0x00000400   Zero   RW            1    STACK               startup_stm32f10x_md.o


==============================================================================

Image component sizes


      Code (inc. data)   RO Data    RW Data    ZI Data      Debug   Object Name

       268         14          0          0          0       1076   ble.o
         0          0          0          0          0       4496   core_cm3.o
       304         16          0          0          0       3236   data_def.o
      1422         36          0          6         42      13951   debug_usart.o
       220         26          0          4          0       1651   delay.o
       556         18          0          0          0       2862   finger.o
       160          8          0          0          0        998   gatelock.o
       132         12          0          0          0       1177   keyboard.o
      1476        118          0          5          0       3384   main.o
       172         22          0          0          0       2217   misc.o
       240         26          0          0          0       1019   newled.o
      1522         96       9338          0          0      11889   oled.o
       794         22          0          0          0       4876   password.o
        68          4          0          1          0        776   power_ctrl.o
      1868         72          0          0         33      11747   qs808_drive.o
       190          8          0          0          0       1098   qs808_usart.o
       324         36          0          2          0       2437   rc522_config.o
      1006         22          0          0          0       8616   rc522_function.o
       406         14          0          0          0       3340   rfcard.o
       980         78         24          4         10       5650   rtc.o
        36          8        236          0       1024        924   startup_stm32f10x_md.o
       522         30          0          0          0      18649   stm32f10x_adc.o
        72         10          0          0          0       2916   stm32f10x_bkp.o
       160         12          0          0          0       1629   stm32f10x_exti.o
       282         30          0          0          0      10046   stm32f10x_flash.o
       494         10          0          0          0       4700   stm32f10x_gpio.o
       398         56          0          3          0      10082   stm32f10x_it.o
        12          6          0          0          0        550   stm32f10x_pwr.o
       516         76          0         20          0       9287   stm32f10x_rcc.o
       260         48          0          0          0       5480   stm32f10x_rtc.o
       246         42          0          0          0      22778   stm32f10x_tim.o
       598         28          0          0          0       7060   stm32f10x_usart.o
       296         10          0          0       1024       2797   stmflash.o
       328         28          0         20          0     231533   system_stm32f10x.o
       136         14          0          4          0       1313   timer.o
      1304        116          0          0          0       7061   tsm12.o
       240         26          0          0          0       1097   ut588c.o
       390         30          0          0          0       2361   vcc_adc.o

    ----------------------------------------------------------------------
     18434       1228       9632         72       2140     426759   Object Totals
         0          0         32          0          0          0   (incl. Generated)
        36          0          2          3          7          0   (incl. Padding)

    ----------------------------------------------------------------------

      Code (inc. data)   RO Data    RW Data    ZI Data      Debug   Library Member Name

         0          0          0          0          0          0   entry.o
         0          0          0          0          0          0   entry10a.o
         0          0          0          0          0          0   entry11a.o
         8          4          0          0          0          0   entry2.o
         4          0          0          0          0          0   entry5.o
         0          0          0          0          0          0   entry7b.o
         0          0          0          0          0          0   entry8b.o
         8          4          0          0          0          0   entry9a.o
        30          0          0          0          0          0   handlers.o
        36          8          0          0          0         68   init.o
         0          0          0          0          0          0   iusefp.o
        30          0          0          0          0         68   llshl.o
        32          0          0          0          0         68   llushr.o
       472         14          0          0          0        184   printf3.o
         0          0          0          4          0          0   stdout.o
        44          0          0          0          0         80   uidiv.o
        48          0          0          0          0         68   cdcmple.o
        56          0          0          0          0         88   d2f.o
       222          0          0          0          0        100   ddiv.o
       186          0          0          0          0        176   depilogue.o
        26          0          0          0          0         76   dfltui.o
       228          0          0          0          0         96   dmul.o
        38          0          0          0          0         68   f2d.o
       176          0          0          0          0        140   fadd.o
       110          0          0          0          0        168   fepilogue.o
       100          0          0          0          0         76   fmul.o

    ----------------------------------------------------------------------
      1858         30          0          4          0       1524   Library Totals
         4          0          0          0          0          0   (incl. Padding)

    ----------------------------------------------------------------------

      Code (inc. data)   RO Data    RW Data    ZI Data      Debug   Library Name

       664         30          0          4          0        468   mc_w.l
      1190          0          0          0          0       1056   mf_w.l

    ----------------------------------------------------------------------
      1858         30          0          4          0       1524   Library Totals

    ----------------------------------------------------------------------

==============================================================================


      Code (inc. data)   RO Data    RW Data    ZI Data      Debug   

     20292       1258       9632         76       2140     416527   Grand Totals
     20292       1258       9632         76       2140     416527   ELF Image Totals
     20292       1258       9632         76          0          0   ROM Totals

==============================================================================

    Total RO  Size (Code + RO Data)                29924 (  29.22kB)
    Total RW  Size (RW Data + ZI Data)              2216 (   2.16kB)
    Total ROM Size (Code + RO Data + RW Data)      30000 (  29.30kB)

==============================================================================

